<html>
<body>
<pre>
<h1>µVision Build Log</h1>
<h2>Tool Versions:</h2>
IDE-Version: µVision V5.24.2.0
Copyright (C) 2017 ARM Ltd and ARM Germany GmbH. All rights reserved.
License Information: Yankun Yang, Yang, LIC=EPP8T-RCFC3-C0FN2-9IQ27-DGA9R-Y97X5
 
Tool Versions:
Toolchain:       MDK-ARM Professional  Version: 5.24.1
Toolchain Path:  F:\Keil_v5\ARM\ARMCC\Bin
C Compiler:      Armcc.exe V5.06 update 5 (build 528)
Assembler:       Armasm.exe V5.06 update 5 (build 528)
Linker/Locator:  ArmLink.exe V5.06 update 5 (build 528)
Library Manager: ArmAr.exe V5.06 update 5 (build 528)
Hex Converter:   FromElf.exe V5.06 update 5 (build 528)
CPU DLL:         SARMCM3.DLL V5.24.1
Dialog DLL:      DCM.DLL V1.16.0.0
Target DLL:      STLink\ST-LINKIII-KEIL_SWO.dll V3.0.1.0
Dialog DLL:      TCM.DLL V1.32.0.0
 
<h2>Project:</h2>
D:\Dropbox\SBWMR\Implementation\SBWMR_2\SBWMR\13-PID.uvprojx
Project File Date:  03/10/2019

<h2>Output:</h2>
*** Using Compiler 'V5.06 update 5 (build 528)', folder: 'F:\Keil_v5\ARM\ARMCC\Bin'
Build target 'STM32F407VG-Discovery'
compiling fc_tasks.c...
src\quad\fc\fc_tasks.c(268): warning:  #177-D: function "buttonModeSwitchPollOps"  was declared but never referenced
  static void buttonModeSwitchPollOps(button_t *buttonModeSwitchConfig)
src\quad\fc\fc_tasks.c(466): warning:  #177-D: function "stabilisationControlSBWMR"  was declared but never referenced
  static int stabilisationControlSBWMR(int pitchAngle, float gyroY)
src\quad\fc\fc_tasks.c(482): warning:  #177-D: function "velocityControlSBWMR"  was declared but never referenced
  static int velocityControlSBWMR(int leftEncoder, int rightEncoder)
src\quad\fc\fc_tasks.c(536): warning:  #177-D: function "yawControlSBWMR"  was declared but never referenced
  static int yawControlSBWMR(float gyroZ, int leftEncoder, int rightEncoder)
src\quad\fc\fc_tasks.c: 4 warnings, 0 errors
linking...
Program Size: Code=23920 RO-data=3820 RW-data=5556 ZI-data=5764  
".\Objects\13-PID.axf" - 0 Error(s), 4 Warning(s).

<h2>Software Packages used:</h2>

Package Vendor: Keil
                http://www.keil.com/pack/Keil.STM32F4xx_DFP.2.13.0.pack
                Keil.STM32F4xx_DFP.2.13.0
                STMicroelectronics STM32F4 Series Device Support, Drivers and Examples

<h2>Collection of Component include folders:</h2>
  .\RTE\_STM32F407VG-Discovery
  F:\Keil_v5\ARM\PACK\Keil\STM32F4xx_DFP\2.13.0\Drivers\CMSIS\Device\ST\STM32F4xx\Include

<h2>Collection of Component Files used:</h2>
Build Time Elapsed:  00:00:03
</pre>
</body>
</html>
