Component: ARM Compiler 5.06 update 5 (build 528) Tool: armlink [4d35e2]

==============================================================================

Section Cross References

    startup_stm32f407xx.o(STACK) refers (Special) to heapauxi.o(.text) for __use_two_region_memory
    startup_stm32f407xx.o(HEAP) refers (Special) to heapauxi.o(.text) for __use_two_region_memory
    startup_stm32f407xx.o(RESET) refers (Special) to heapauxi.o(.text) for __use_two_region_memory
    startup_stm32f407xx.o(RESET) refers to startup_stm32f407xx.o(STACK) for __initial_sp
    startup_stm32f407xx.o(RESET) refers to startup_stm32f407xx.o(.text) for Reset_Handler
    startup_stm32f407xx.o(RESET) refers to system.o(i.SysTick_Handler) for SysTick_Handler
    startup_stm32f407xx.o(RESET) refers to exti.o(i.EXTI0_IRQHandler) for EXTI0_IRQHandler
    startup_stm32f407xx.o(RESET) refers to exti.o(i.EXTI1_IRQHandler) for EXTI1_IRQHandler
    startup_stm32f407xx.o(RESET) refers to exti.o(i.EXTI2_IRQHandler) for EXTI2_IRQHandler
    startup_stm32f407xx.o(RESET) refers to exti.o(i.EXTI3_IRQHandler) for EXTI3_IRQHandler
    startup_stm32f407xx.o(RESET) refers to exti.o(i.EXTI4_IRQHandler) for EXTI4_IRQHandler
    startup_stm32f407xx.o(RESET) refers to dma_stm32f4xx.o(i.DMA1_Stream0_IRQHandler) for DMA1_Stream0_IRQHandler
    startup_stm32f407xx.o(RESET) refers to dma_stm32f4xx.o(i.DMA1_Stream1_IRQHandler) for DMA1_Stream1_IRQHandler
    startup_stm32f407xx.o(RESET) refers to dma_stm32f4xx.o(i.DMA1_Stream2_IRQHandler) for DMA1_Stream2_IRQHandler
    startup_stm32f407xx.o(RESET) refers to dma_stm32f4xx.o(i.DMA1_Stream3_IRQHandler) for DMA1_Stream3_IRQHandler
    startup_stm32f407xx.o(RESET) refers to dma_stm32f4xx.o(i.DMA1_Stream4_IRQHandler) for DMA1_Stream4_IRQHandler
    startup_stm32f407xx.o(RESET) refers to dma_stm32f4xx.o(i.DMA1_Stream5_IRQHandler) for DMA1_Stream5_IRQHandler
    startup_stm32f407xx.o(RESET) refers to dma_stm32f4xx.o(i.DMA1_Stream6_IRQHandler) for DMA1_Stream6_IRQHandler
    startup_stm32f407xx.o(RESET) refers to exti.o(i.EXTI9_5_IRQHandler) for EXTI9_5_IRQHandler
    startup_stm32f407xx.o(RESET) refers to timer.o(i.TIM1_CC_IRQHandler) for TIM1_CC_IRQHandler
    startup_stm32f407xx.o(RESET) refers to timer.o(i.TIM2_IRQHandler) for TIM2_IRQHandler
    startup_stm32f407xx.o(RESET) refers to timer.o(i.TIM3_IRQHandler) for TIM3_IRQHandler
    startup_stm32f407xx.o(RESET) refers to timer.o(i.TIM4_IRQHandler) for TIM4_IRQHandler
    startup_stm32f407xx.o(RESET) refers to serial_uart_stm32f4xx.o(i.USART3_IRQHandler) for USART3_IRQHandler
    startup_stm32f407xx.o(RESET) refers to exti.o(i.EXTI15_10_IRQHandler) for EXTI15_10_IRQHandler
    startup_stm32f407xx.o(RESET) refers to dma_stm32f4xx.o(i.DMA1_Stream7_IRQHandler) for DMA1_Stream7_IRQHandler
    startup_stm32f407xx.o(RESET) refers to timer.o(i.TIM5_IRQHandler) for TIM5_IRQHandler
    startup_stm32f407xx.o(RESET) refers to dma_stm32f4xx.o(i.DMA2_Stream0_IRQHandler) for DMA2_Stream0_IRQHandler
    startup_stm32f407xx.o(RESET) refers to dma_stm32f4xx.o(i.DMA2_Stream1_IRQHandler) for DMA2_Stream1_IRQHandler
    startup_stm32f407xx.o(RESET) refers to dma_stm32f4xx.o(i.DMA2_Stream2_IRQHandler) for DMA2_Stream2_IRQHandler
    startup_stm32f407xx.o(RESET) refers to dma_stm32f4xx.o(i.DMA2_Stream3_IRQHandler) for DMA2_Stream3_IRQHandler
    startup_stm32f407xx.o(RESET) refers to dma_stm32f4xx.o(i.DMA2_Stream4_IRQHandler) for DMA2_Stream4_IRQHandler
    startup_stm32f407xx.o(RESET) refers to dma_stm32f4xx.o(i.DMA2_Stream5_IRQHandler) for DMA2_Stream5_IRQHandler
    startup_stm32f407xx.o(RESET) refers to dma_stm32f4xx.o(i.DMA2_Stream6_IRQHandler) for DMA2_Stream6_IRQHandler
    startup_stm32f407xx.o(RESET) refers to dma_stm32f4xx.o(i.DMA2_Stream7_IRQHandler) for DMA2_Stream7_IRQHandler
    startup_stm32f407xx.o(RESET) refers to serial_uart_stm32f4xx.o(i.USART6_IRQHandler) for USART6_IRQHandler
    startup_stm32f407xx.o(.text) refers (Special) to heapauxi.o(.text) for __use_two_region_memory
    startup_stm32f407xx.o(.text) refers to system_stm32f4xx.o(i.SystemInit) for SystemInit
    startup_stm32f407xx.o(.text) refers to __main.o(!!!main) for __main
    startup_stm32f407xx.o(.text) refers to startup_stm32f407xx.o(HEAP) for Heap_Mem
    startup_stm32f407xx.o(.text) refers to startup_stm32f407xx.o(STACK) for Stack_Mem
    stm32f4xx_flash.o(i.FLASH_EraseAllBank1Sectors) refers to stm32f4xx_flash.o(i.FLASH_WaitForLastOperation) for FLASH_WaitForLastOperation
    stm32f4xx_flash.o(i.FLASH_EraseAllBank2Sectors) refers to stm32f4xx_flash.o(i.FLASH_WaitForLastOperation) for FLASH_WaitForLastOperation
    stm32f4xx_flash.o(i.FLASH_EraseAllSectors) refers to stm32f4xx_flash.o(i.FLASH_WaitForLastOperation) for FLASH_WaitForLastOperation
    stm32f4xx_flash.o(i.FLASH_EraseSector) refers to stm32f4xx_flash.o(i.FLASH_WaitForLastOperation) for FLASH_WaitForLastOperation
[...]
    DMA1_Stream0_IRQHandler                  0x08000905   Thumb Code    12  dma_stm32f4xx.o(i.DMA1_Stream0_IRQHandler)
    DMA1_Stream1_IRQHandler                  0x08000915   Thumb Code    14  dma_stm32f4xx.o(i.DMA1_Stream1_IRQHandler)
    DMA1_Stream2_IRQHandler                  0x08000929   Thumb Code    14  dma_stm32f4xx.o(i.DMA1_Stream2_IRQHandler)
    DMA1_Stream3_IRQHandler                  0x0800093d   Thumb Code    14  dma_stm32f4xx.o(i.DMA1_Stream3_IRQHandler)
    DMA1_Stream4_IRQHandler                  0x08000951   Thumb Code    14  dma_stm32f4xx.o(i.DMA1_Stream4_IRQHandler)
    DMA1_Stream5_IRQHandler                  0x08000965   Thumb Code    16  dma_stm32f4xx.o(i.DMA1_Stream5_IRQHandler)
    DMA1_Stream6_IRQHandler                  0x08000979   Thumb Code    16  dma_stm32f4xx.o(i.DMA1_Stream6_IRQHandler)
    DMA1_Stream7_IRQHandler                  0x0800098d   Thumb Code    16  dma_stm32f4xx.o(i.DMA1_Stream7_IRQHandler)
    DMA2_Stream0_IRQHandler                  0x080009a1   Thumb Code    16  dma_stm32f4xx.o(i.DMA2_Stream0_IRQHandler)
    DMA2_Stream1_IRQHandler                  0x080009b5   Thumb Code    16  dma_stm32f4xx.o(i.DMA2_Stream1_IRQHandler)
    DMA2_Stream2_IRQHandler                  0x080009c9   Thumb Code    18  dma_stm32f4xx.o(i.DMA2_Stream2_IRQHandler)
    DMA2_Stream3_IRQHandler                  0x080009e1   Thumb Code    18  dma_stm32f4xx.o(i.DMA2_Stream3_IRQHandler)
    DMA2_Stream4_IRQHandler                  0x080009f9   Thumb Code    18  dma_stm32f4xx.o(i.DMA2_Stream4_IRQHandler)
    DMA2_Stream5_IRQHandler                  0x08000a11   Thumb Code    18  dma_stm32f4xx.o(i.DMA2_Stream5_IRQHandler)
    DMA2_Stream6_IRQHandler                  0x08000a29   Thumb Code    18  dma_stm32f4xx.o(i.DMA2_Stream6_IRQHandler)
    DMA2_Stream7_IRQHandler                  0x08000a41   Thumb Code    18  dma_stm32f4xx.o(i.DMA2_Stream7_IRQHandler)
    DMA_Cmd                                  0x08000a59   Thumb Code    20  stm32f4xx_dma.o(i.DMA_Cmd)
    DMA_DeInit                               0x08000a6d   Thumb Code   272  stm32f4xx_dma.o(i.DMA_DeInit)
    DMA_GetCurrDataCounter                   0x08000b91   Thumb Code     6  stm32f4xx_dma.o(i.DMA_GetCurrDataCounter)
    DMA_ITConfig                             0x08000b97   Thumb Code    44  stm32f4xx_dma.o(i.DMA_ITConfig)
    DMA_Init                                 0x08000bc5   Thumb Code    80  stm32f4xx_dma.o(i.DMA_Init)
    DMA_MemoryTargetConfig                   0x08000c19   Thumb Code    10  stm32f4xx_dma.o(i.DMA_MemoryTargetConfig)
    DMA_SetCurrDataCounter                   0x08000c23   Thumb Code     4  stm32f4xx_dma.o(i.DMA_SetCurrDataCounter)
    DMA_StructInit                           0x08000c27   Thumb Code    34  stm32f4xx_dma.o(i.DMA_StructInit)
    EXTI0_IRQHandler                         0x08000c49   Thumb Code     4  exti.o(i.EXTI0_IRQHandler)
    EXTI15_10_IRQHandler                     0x08000c4d   Thumb Code     4  exti.o(i.EXTI15_10_IRQHandler)
    EXTI1_IRQHandler                         0x08000c51   Thumb Code     4  exti.o(i.EXTI1_IRQHandler)
    EXTI2_IRQHandler                         0x08000c55   Thumb Code     4  exti.o(i.EXTI2_IRQHandler)
    EXTI3_IRQHandler                         0x08000c59   Thumb Code     4  exti.o(i.EXTI3_IRQHandler)
    EXTI4_IRQHandler                         0x08000c5d   Thumb Code     4  exti.o(i.EXTI4_IRQHandler)
    EXTI9_5_IRQHandler                       0x08000c61   Thumb Code     4  exti.o(i.EXTI9_5_IRQHandler)
    EXTIInit                                 0x08000c65   Thumb Code    32  exti.o(i.EXTIInit)
    EXTI_IRQHandler                          0x08000c8d   Thumb Code    56  exti.o(i.EXTI_IRQHandler)
    EnableGPIOClk                            0x08000ccd   Thumb Code   110  main.o(i.EnableGPIOClk)
    GPIO_Init                                0x08000d61   Thumb Code   162  stm32f4xx_gpio.o(i.GPIO_Init)
    GPIO_PinAFConfig                         0x08000e03   Thumb Code    32  stm32f4xx_gpio.o(i.GPIO_PinAFConfig)
    GPIO_StructInit                          0x08000e23   Thumb Code    18  stm32f4xx_gpio.o(i.GPIO_StructInit)
    IOConfigGPIO                             0x08000e35   Thumb Code    68  io.o(i.IOConfigGPIO)
    IOConfigGPIOAF                           0x08000e7d   Thumb Code    86  io.o(i.IOConfigGPIOAF)
    IOGetByTag                               0x08000ed9   Thumb Code    98  io.o(i.IOGetByTag)
    IOGlobalInit                             0x08000f45   Thumb Code    52  io.o(i.IOGlobalInit)
    IOHi                                     0x08000f85   Thumb Code    12  io.o(i.IOHi)
    IOInit                                   0x08000f91   Thumb Code     6  io.o(i.IOInit)
    IOLo                                     0x08000f97   Thumb Code    14  io.o(i.IOLo)
    IOWrite                                  0x08000fa5   Thumb Code    18  io.o(i.IOWrite)
    IO_GPIOPinIdx                            0x08000fb7   Thumb Code    20  io.o(i.IO_GPIOPinIdx)
    IO_GPIOPortIdx                           0x08000fcd   Thumb Code    18  io.o(i.IO_GPIOPortIdx)
    IO_GPIO_PinSource                        0x08000fe5   Thumb Code     4  io.o(i.IO_GPIO_PinSource)
    LedInit                                  0x08000fe9   Thumb Code   128  led.o(i.LedInit)
    LedSet                                   0x08001071   Thumb Code    32  led.o(i.LedSet)
    NVIC_Init                                0x08001099   Thumb Code    96  misc.o(i.NVIC_Init)
    NVIC_PriorityGroupConfig                 0x080010fd   Thumb Code    10  misc.o(i.NVIC_PriorityGroupConfig)
    OLED_Clear                               0x08001111   Thumb Code    40  oled.o(i.OLED_Clear)
    OLED_Refresh_Gram                        0x0800113d   Thumb Code    70  oled.o(i.OLED_Refresh_Gram)
    OLED_WR_Byte                             0x08001189   Thumb Code   110  oled.o(i.OLED_WR_Byte)
    RCC_AHB1PeriphClockCmd                   0x080011fd   Thumb Code    18  stm32f4xx_rcc.o(i.RCC_AHB1PeriphClockCmd)
    RCC_AHB1PeriphResetCmd                   0x08001215   Thumb Code    18  stm32f4xx_rcc.o(i.RCC_AHB1PeriphResetCmd)
    RCC_AHB2PeriphClockCmd                   0x0800122d   Thumb Code    18  stm32f4xx_rcc.o(i.RCC_AHB2PeriphClockCmd)
    RCC_APB1PeriphClockCmd                   0x08001245   Thumb Code    18  stm32f4xx_rcc.o(i.RCC_APB1PeriphClockCmd)
    RCC_APB1PeriphResetCmd                   0x0800125d   Thumb Code    18  stm32f4xx_rcc.o(i.RCC_APB1PeriphResetCmd)
    RCC_APB2PeriphClockCmd                   0x08001275   Thumb Code    18  stm32f4xx_rcc.o(i.RCC_APB2PeriphClockCmd)
    RCC_APB2PeriphResetCmd                   0x0800128d   Thumb Code    18  stm32f4xx_rcc.o(i.RCC_APB2PeriphResetCmd)
    RCC_ClearFlag                            0x080012a5   Thumb Code    12  stm32f4xx_rcc.o(i.RCC_ClearFlag)
    RCC_ClockCmd                             0x080012b5   Thumb Code    36  rcc.o(i.RCC_ClockCmd)
    RCC_GetClocksFreq                        0x080012d9   Thumb Code   132  stm32f4xx_rcc.o(i.RCC_GetClocksFreq)
    RCC_ResetCmd                             0x08001369   Thumb Code    36  rcc.o(i.RCC_ResetCmd)
    Read_Encoder                             0x0800138d   Thumb Code    44  fc_tasks.o(i.Read_Encoder)
    ResetBeeperConfig                        0x080013c1   Thumb Code    12  config.o(i.ResetBeeperConfig)
    ResetLedStatusConfig                     0x080013cd   Thumb Code    32  config.o(i.ResetLedStatusConfig)
    ResetRollAndPitchTrims                   0x080013ed   Thumb Code     8  acceleration.o(i.ResetRollAndPitchTrims)
    ResetSerialConfig                        0x080013f5   Thumb Code    54  config.o(i.ResetSerialConfig)
    ResetSerialPinConfig                     0x08001431   Thumb Code    72  config.o(i.ResetSerialPinConfig)
    SPI_Cmd                                  0x0800147d   Thumb Code    20  stm32f4xx_spi.o(i.SPI_Cmd)
    SPI_I2S_DeInit                           0x08001491   Thumb Code   108  stm32f4xx_spi.o(i.SPI_I2S_DeInit)
    SPI_Init                                 0x08001515   Thumb Code    56  stm32f4xx_spi.o(i.SPI_Init)
    SetSysClock                              0x0800154d   Thumb Code   162  system_stm32f4xx.o(i.SetSysClock)
    SysTick_Handler                          0x08001601   Thumb Code    30  system.o(i.SysTick_Handler)
    SysTick_Init                             0x08001625   Thumb Code    24  system.o(i.SysTick_Init)
    SystemInit                               0x08001649   Thumb Code    74  system_stm32f4xx.o(i.SystemInit)
    TIM1_CC_IRQHandler                       0x08001709   Thumb Code     8  timer.o(i.TIM1_CC_IRQHandler)
    TIM2_IRQHandler                          0x08001719   Thumb Code    10  timer.o(i.TIM2_IRQHandler)
    TIM3_IRQHandler                          0x08001729   Thumb Code     8  timer.o(i.TIM3_IRQHandler)
    TIM4_IRQHandler                          0x08001739   Thumb Code     8  timer.o(i.TIM4_IRQHandler)
    TIM5_IRQHandler                          0x08001749   Thumb Code     8  timer.o(i.TIM5_IRQHandler)
    TIM_Cmd                                  0x08001759   Thumb Code    20  stm32f4xx_tim.o(i.TIM_Cmd)
    TIM_CtrlPWMOutputs                       0x0800176d   Thumb Code    22  stm32f4xx_tim.o(i.TIM_CtrlPWMOutputs)
    TIM_ICInit                               0x08001783   Thumb Code   172  stm32f4xx_tim.o(i.TIM_ICInit)
    TIM_ICStructInit                         0x0800182f   Thumb Code    16  stm32f4xx_tim.o(i.TIM_ICStructInit)
    TIM_OC1Init                              0x08001841   Thumb Code    88  stm32f4xx_tim.o(i.TIM_OC1Init)
    TIM_OC1PreloadConfig                     0x080018a1   Thumb Code    12  stm32f4xx_tim.o(i.TIM_OC1PreloadConfig)
    TIM_OC2Init                              0x080018ad   Thumb Code   120  stm32f4xx_tim.o(i.TIM_OC2Init)
    TIM_OC2PreloadConfig                     0x0800192d   Thumb Code    20  stm32f4xx_tim.o(i.TIM_OC2PreloadConfig)
    TIM_OC3Init                              0x08001941   Thumb Code   116  stm32f4xx_tim.o(i.TIM_OC3Init)
    TIM_OC3PreloadConfig                     0x080019bd   Thumb Code    12  stm32f4xx_tim.o(i.TIM_OC3PreloadConfig)
    TIM_OC4Init                              0x080019c9   Thumb Code    88  stm32f4xx_tim.o(i.TIM_OC4Init)
    TIM_OC4PreloadConfig                     0x08001a29   Thumb Code    20  stm32f4xx_tim.o(i.TIM_OC4PreloadConfig)
    TIM_OCStructInit                         0x08001a3d   Thumb Code    20  stm32f4xx_tim.o(i.TIM_OCStructInit)
    TIM_SelectSlaveMode                      0x08001a51   Thumb Code    16  stm32f4xx_tim.o(i.TIM_SelectSlaveMode)
    TIM_SetIC1Prescaler                      0x08001a61   Thumb Code    16  stm32f4xx_tim.o(i.TIM_SetIC1Prescaler)
    TIM_SetIC2Prescaler                      0x08001a71   Thumb Code    24  stm32f4xx_tim.o(i.TIM_SetIC2Prescaler)
    TIM_SetIC3Prescaler                      0x08001a89   Thumb Code    16  stm32f4xx_tim.o(i.TIM_SetIC3Prescaler)
    TIM_SetIC4Prescaler                      0x08001a99   Thumb Code    24  stm32f4xx_tim.o(i.TIM_SetIC4Prescaler)
    TIM_TimeBaseInit                         0x08001ab1   Thumb Code    96  stm32f4xx_tim.o(i.TIM_TimeBaseInit)
    TIM_TimeBaseStructInit                   0x08001b2d   Thumb Code    18  stm32f4xx_tim.o(i.TIM_TimeBaseStructInit)
    USART3_IRQHandler                        0x08001b41   Thumb Code    10  serial_uart_stm32f4xx.o(i.USART3_IRQHandler)
    USART6_IRQHandler                        0x08001b51   Thumb Code    10  serial_uart_stm32f4xx.o(i.USART6_IRQHandler)
    USART_ClearITPendingBit                  0x08001b61   Thumb Code    12  stm32f4xx_usart.o(i.USART_ClearITPendingBit)
    USART_Cmd                                0x08001b6d   Thumb Code    20  stm32f4xx_usart.o(i.USART_Cmd)
    USART_DMACmd                             0x08001b81   Thumb Code    16  stm32f4xx_usart.o(i.USART_DMACmd)
    USART_GetITStatus                        0x08001b91   Thumb Code    62  stm32f4xx_usart.o(i.USART_GetITStatus)
    USART_HalfDuplexCmd                      0x08001bcf   Thumb Code    20  stm32f4xx_usart.o(i.USART_HalfDuplexCmd)
    USART_ITConfig                           0x08001be3   Thumb Code    48  stm32f4xx_usart.o(i.USART_ITConfig)
    USART_Init                               0x08001c15   Thumb Code   164  stm32f4xx_usart.o(i.USART_Init)
    USART_SendData                           0x08001cc1   Thumb Code     8  stm32f4xx_usart.o(i.USART_SendData)
    __ARM_fpclassifyf                        0x08001cc9   Thumb Code    38  fpclassifyf.o(i.__ARM_fpclassifyf)
    __hardfp_acosf                           0x08001cf1   Thumb Code   234  acosf.o(i.__hardfp_acosf)
    __hardfp_atan2f                          0x08001e09   Thumb Code   502  atan2f.o(i.__hardfp_atan2f)
    __hardfp_cosf                            0x08002059   Thumb Code   280  cosf.o(i.__hardfp_cosf)
    __hardfp_lrintf                          0x080021a9   Thumb Code    72  lrintf.o(i.__hardfp_lrintf)
    __hardfp_round                           0x080021f1   Thumb Code   194  round.o(i.__hardfp_round)
    __hardfp_sinf                            0x080022d1   Thumb Code   344  sinf.o(i.__hardfp_sinf)
    __hardfp_sqrtf                           0x08002461   Thumb Code    58  sqrtf.o(i.__hardfp_sqrtf)
    __mathlib_flt_infnan                     0x0800249b   Thumb Code     6  funder.o(i.__mathlib_flt_infnan)
    __mathlib_flt_infnan2                    0x080024a1   Thumb Code     6  funder.o(i.__mathlib_flt_infnan2)
    __mathlib_flt_invalid                    0x080024a9   Thumb Code    10  funder.o(i.__mathlib_flt_invalid)
    __mathlib_flt_underflow                  0x080024b9   Thumb Code    10  funder.o(i.__mathlib_flt_underflow)
    __mathlib_rredf2                         0x080024c9   Thumb Code   316  rredf.o(i.__mathlib_rredf2)
    accSetCalibrationCycles                  0x0800261d   Thumb Code     6  acceleration.o(i.accSetCalibrationCycles)
    accUpdate                                0x08002629   Thumb Code   158  acceleration.o(i.accUpdate)
    activateConfig                           0x080026d1   Thumb Code    38  config.o(i.activateConfig)
    adcChannelByTag                          0x08002701   Thumb Code    32  adc.o(i.adcChannelByTag)
    adcDeviceByInstance                      0x08002725   Thumb Code    36  adc_stm32f4xx.o(i.adcDeviceByInstance)
    adcGetChannelSample                      0x08002755   Thumb Code    18  adc.o(i.adcGetChannelSample)
    adcInit                                  0x08002771   Thumb Code   406  adc_stm32f4xx.o(i.adcInit)
    alignSensors                             0x080029b5   Thumb Code   104  boardalignment.o(i.alignSensors)
    beeperInit                               0x08002a21   Thumb Code    58  sound_beeper.o(i.beeperInit)
    biquadFilterApply                        0x08002a61   Thumb Code    66  filter.o(i.biquadFilterApply)
    biquadFilterInit                         0x08002aa5   Thumb Code   226  filter.o(i.biquadFilterInit)
    biquadFilterInitLPF                      0x08002b95   Thumb Code    52  filter.o(i.biquadFilterInitLPF)
    bluetoothSerial6Init                     0x08002bc9   Thumb Code    38  bluetoothserial6.o(i.bluetoothSerial6Init)
    bluetoothSerial6Write                    0x08002bf9   Thumb Code    10  bluetoothserial6.o(i.bluetoothSerial6Write)
    calculateAccZLowPassFilterRCTimeConstant 0x08002c09   Thumb Code    18  imu.o(i.calculateAccZLowPassFilterRCTimeConstant)
    calculateThrottleAngleScale              0x08002c21   Thumb Code    26  imu.o(i.calculateThrottleAngleScale)
    checkEEPROMContainsValidData             0x08002c45   Thumb Code     4  config.o(i.checkEEPROMContainsValidData)
    configTimeBase4Encoder                   0x08002c49   Thumb Code    44  timer.o(i.configTimeBase4Encoder)
    cosApprox                                0x08002cd1   Thumb Code    12  maths.o(i.cosApprox)
    createDefaultConfig                      0x08002ce1   Thumb Code   518  config.o(i.createDefaultConfig)
    dcBrushedMotorInit                       0x08002ef9   Thumb Code   334  pwm_output.o(i.dcBrushedMotorInit)
    degreesToRadians                         0x08003051   Thumb Code    18  maths.o(i.degreesToRadians)
    delay                                    0x08003069   Thumb Code    22  system.o(i.delay)
    delayMicroseconds                        0x08003081   Thumb Code    24  system.o(i.delayMicroseconds)
    devClear                                 0x08003099   Thumb Code     6  maths.o(i.devClear)
    devPush                                  0x080030a1   Thumb Code    82  maths.o(i.devPush)
    devStandardDeviation                     0x080030f9   Thumb Code    14  maths.o(i.devStandardDeviation)
    devVariance                              0x08003109   Thumb Code    32  maths.o(i.devVariance)
    dmaGetIdentifier                         0x0800312d   Thumb Code    32  dma_stm32f4xx.o(i.dmaGetIdentifier)
    dmaInit                                  0x08003151   Thumb Code    30  dma_stm32f4xx.o(i.dmaInit)
    fcTasksInit                              0x08003175   Thumb Code    34  fc_tasks.o(i.fcTasksInit)
    feature                                  0x08003199   Thumb Code    16  feature.o(i.feature)
    featureClear                             0x080031ad   Thumb Code    10  feature.o(i.featureClear)
    featureConfigured                        0x080031bd   Thumb Code    16  feature.o(i.featureConfigured)
    featureSet                               0x080031d1   Thumb Code    10  feature.o(i.featureSet)
    findNextSerialPortConfig                 0x080031e1   Thumb Code    36  serial.o(i.findNextSerialPortConfig)
    findSerialPortConfig                     0x08003209   Thumb Code    10  serial.o(i.findSerialPortConfig)
    findSerialPortIndexByIdentifier          0x08003219   Thumb Code    24  serial.o(i.findSerialPortIndexByIdentifier)
    findSerialPortUsageByIdentifier          0x08003235   Thumb Code    36  serial.o(i.findSerialPortUsageByIdentifier)
    fputc                                    0x0800325d   Thumb Code    14  main.o(i.fputc)
    gyroSetCalibrationCycles                 0x08003291   Thumb Code    12  gyro.o(i.gyroSetCalibrationCycles)
    gyroUpdate                               0x080032a1   Thumb Code   310  gyro.o(i.gyroUpdate)
    imuConfigure                             0x08003589   Thumb Code    80  imu.o(i.imuConfigure)
    imuInit                                  0x080035e5   Thumb Code    60  imu.o(i.imuInit)
    initEEPROM                               0x08003989   Thumb Code     2  config_eeprom.o(i.initEEPROM)
    intFeatureClearAll                       0x0800398b   Thumb Code     6  feature.o(i.intFeatureClearAll)
    intFeatureSet                            0x08003991   Thumb Code     8  feature.o(i.intFeatureSet)
    isAccelerationCalibrationComplete        0x080039ad   Thumb Code    14  acceleration.o(i.isAccelerationCalibrationComplete)
    isGyroCalibrationComplete                0x080039c1   Thumb Code    14  gyro.o(i.isGyroCalibrationComplete)
    isUartTransmitBufferEmpty                0x080039e5   Thumb Code    26  serial_uart.o(i.isUartTransmitBufferEmpty)
    latchActiveFeatures                      0x08003a01   Thumb Code    10  feature.o(i.latchActiveFeatures)
    limitMotorPwm                            0x08003a15   Thumb Code    42  fc_tasks.o(i.limitMotorPwm)
    main                                     0x08003a41   Thumb Code   202  main.o(i.main)
    micros                                   0x08003b19   Thumb Code    74  system.o(i.micros)
    microsISR                                0x08003b6d   Thumb Code    72  system.o(i.microsISR)
    millis                                   0x08003bb9   Thumb Code     6  system.o(i.millis)
    modeSwitchBtnPollInit                    0x08003bc5   Thumb Code    32  button.o(i.modeSwitchBtnPollInit)
    oledInit                                 0x08003be9   Thumb Code   378  oled.o(i.oledInit)
    openSerialPort                           0x08003d75   Thumb Code    80  serial.o(i.openSerialPort)
    pwmEncoderICConfig                       0x08003f29   Thumb Code    70  rx_pwm.o(i.pwmEncoderICConfig)
    pwmEncoderInit                           0x08003f75   Thumb Code   104  rx_pwm.o(i.pwmEncoderInit)
    pwmWriteDcBrushedMotor                   0x08003fe1   Thumb Code    14  pwm_output.o(i.pwmWriteDcBrushedMotor)
    queueAdd                                 0x08003ff5   Thumb Code    86  scheduler.o(i.queueAdd)
    queueClear                               0x08004055   Thumb Code    20  scheduler.o(i.queueClear)
    queueContains                            0x08004071   Thumb Code    34  scheduler.o(i.queueContains)
    queueFirst                               0x0800409d   Thumb Code    12  scheduler.o(i.queueFirst)
    queueNext                                0x080040b1   Thumb Code    16  scheduler.o(i.queueNext)
    queueRemove                              0x080040c9   Thumb Code    54  scheduler.o(i.queueRemove)
    readEEPROM                               0x08004109   Thumb Code    24  config_eeprom.o(i.readEEPROM)
    resetEEPROM                              0x08004125   Thumb Code    18  config.o(i.resetEEPROM)
    rxSerial3TestInit                        0x0800413d   Thumb Code    40  rxserial3test.o(i.rxSerial3TestInit)
    scheduler                                0x08004169   Thumb Code   364  scheduler.o(i.scheduler)
    schedulerInit                            0x080042d9   Thumb Code    22  scheduler.o(i.schedulerInit)
    sensors                                  0x080042f9   Thumb Code    16  runtime_config.o(i.sensors)
    serialInit                               0x0800430d   Thumb Code    38  serial.o(i.serialInit)
    serialUART                               0x08004341   Thumb Code   264  serial_uart_stm32f4xx.o(i.serialUART)
    serialUART3                              0x08004451   Thumb Code    12  serial_uart_stm32f4xx.o(i.serialUART3)
    serialUART6                              0x0800445d   Thumb Code    12  serial_uart_stm32f4xx.o(i.serialUART6)
    serialWrite                              0x08004469   Thumb Code     6  serial.o(i.serialWrite)
    setAccelerationFilter                    0x08004471   Thumb Code    58  acceleration.o(i.setAccelerationFilter)
    setAccelerationTrims                     0x080044b5   Thumb Code     6  acceleration.o(i.setAccelerationTrims)
    setProfile                               0x080044c1   Thumb Code    42  config.o(i.setProfile)
    setTaskEnabled                           0x080044f5   Thumb Code    44  scheduler.o(i.setTaskEnabled)
    sinApprox                                0x08004529   Thumb Code   134  maths.o(i.sinApprox)
    spiInit                                  0x080045dd   Thumb Code    26  bus_spi.o(i.spiInit)
    spiInitDevice                            0x080045f9   Thumb Code   258  bus_spi.o(i.spiInitDevice)
    sqrtf                                    0x08004711   Thumb Code    62  sqrtf.o(i.sqrtf)
    systemBeep                               0x08004751   Thumb Code    18  sound_beeper.o(i.systemBeep)
    systemInit                               0x08004769   Thumb Code    70  main.o(i.systemInit)
    targetConfiguration                      0x080047b9   Thumb Code   314  config.o(i.targetConfiguration)
    taskIMUUpdateAttitude                    0x080048f5   Thumb Code    40  imu.o(i.taskIMUUpdateAttitude)
    taskSystem                               0x08004a25   Thumb Code    28  scheduler.o(i.taskSystem)
    timerChCCR                               0x08004acf   Thumb Code    10  timer.o(i.timerChCCR)
    timerGetByTag                            0x08004ad9   Thumb Code    54  timer.o(i.timerGetByTag)
    timerInit                                0x08004b15   Thumb Code   120  timer.o(i.timerInit)
    timerOCInit                              0x08004b99   Thumb Code    40  timer.o(i.timerOCInit)
    timerOCPreloadConfig                     0x08004bc1   Thumb Code    40  timer.o(i.timerOCPreloadConfig)
    timerRCC                                 0x08004be9   Thumb Code    30  timer.o(i.timerRCC)
    uartIrqHandler                           0x08004c0d   Thumb Code   214  serial_uart_stm32f4xx.o(i.uartIrqHandler)
    uartOpen                                 0x08004ce9   Thumb Code   342  serial_uart.o(i.uartOpen)
    uartRead                                 0x08004e49   Thumb Code    44  serial_uart.o(i.uartRead)
    uartSetBaudRate                          0x08004f01   Thumb Code     6  serial_uart.o(i.uartSetBaudRate)
    uartSetMode                              0x08004f07   Thumb Code     6  serial_uart.o(i.uartSetMode)
    uartStartTxDMA                           0x08004f0d   Thumb Code    74  serial_uart.o(i.uartStartTxDMA)
    uartTotalRxBytesWaiting                  0x08004f57   Thumb Code    24  serial_uart.o(i.uartTotalRxBytesWaiting)
    uartTotalTxBytesFree                     0x08004f6f   Thumb Code    38  serial_uart.o(i.uartTotalTxBytesFree)
    uartWrite                                0x08004f95   Thumb Code    48  serial_uart.o(i.uartWrite)
    updateMotorPwm                           0x08004fc5   Thumb Code   140  fc_tasks.o(i.updateMotorPwm)
    updateVNH5019LeftMotorCurrentSensor      0x08005055   Thumb Code    66  vnh5019currentsensing.o(i.updateVNH5019LeftMotorCurrentSensor)
    updateVNH5019RightMotorCurrentSensor     0x080050a5   Thumb Code    66  vnh5019currentsensing.o(i.updateVNH5019RightMotorCurrentSensor)
    validateAndFixConfig                     0x080050f5   Thumb Code    80  config.o(i.validateAndFixConfig)
    validateAndFixGyroConfig                 0x08005149   Thumb Code   178  config.o(i.validateAndFixGyroConfig)
    __aeabi_d2f                              0x08005211   Thumb Code     0  d2f.o(x$fpl$d2f)
    _d2f                                     0x08005211   Thumb Code    98  d2f.o(x$fpl$d2f)
    __aeabi_dadd                             0x08005275   Thumb Code     0  daddsub_clz.o(x$fpl$dadd)
    _dadd                                    0x08005275   Thumb Code   332  daddsub_clz.o(x$fpl$dadd)
    __fpl_dcmp_Inf                           0x080053c5   Thumb Code    24  dcmpi.o(x$fpl$dcmpinf)
    __aeabi_ddiv                             0x080053dd   Thumb Code     0  ddiv.o(x$fpl$ddiv)
    _ddiv                                    0x080053dd   Thumb Code   552  ddiv.o(x$fpl$ddiv)
    __aeabi_d2iz                             0x0800568d   Thumb Code     0  dfix.o(x$fpl$dfix)
    _dfix                                    0x0800568d   Thumb Code    94  dfix.o(x$fpl$dfix)
    __aeabi_i2d                              0x080056eb   Thumb Code     0  dflt_clz.o(x$fpl$dflt)
    _dflt                                    0x080056eb   Thumb Code    46  dflt_clz.o(x$fpl$dflt)
    __aeabi_cdcmple                          0x08005719   Thumb Code     0  dleqf.o(x$fpl$dleqf)
    _dcmple                                  0x08005719   Thumb Code   120  dleqf.o(x$fpl$dleqf)
    __fpl_dcmple_InfNaN                      0x0800577b   Thumb Code     0  dleqf.o(x$fpl$dleqf)
    __fpl_dnaninf                            0x08005791   Thumb Code   156  dnaninf.o(x$fpl$dnaninf)
    __fpl_dretinf                            0x0800582d   Thumb Code    12  dretinf.o(x$fpl$dretinf)
    __aeabi_cdrcmple                         0x08005839   Thumb Code     0  drleqf.o(x$fpl$drleqf)
    _drcmple                                 0x08005839   Thumb Code   108  drleqf.o(x$fpl$drleqf)
    _drnd                                    0x080058a5   Thumb Code   180  drnd.o(x$fpl$drnd)
    __aeabi_dsub                             0x08005959   Thumb Code     0  daddsub_clz.o(x$fpl$dsub)
    _dsub                                    0x08005959   Thumb Code   464  daddsub_clz.o(x$fpl$dsub)
    __aeabi_f2d                              0x08005b2d   Thumb Code     0  f2d.o(x$fpl$f2d)
    _f2d                                     0x08005b2d   Thumb Code    86  f2d.o(x$fpl$f2d)
    _ffix_r                                  0x08005b83   Thumb Code    14  ffix.o(x$fpl$ffixr)
    __fpl_fnaninf                            0x08005b91   Thumb Code   140  fnaninf.o(x$fpl$fnaninf)
    _fp_init                                 0x08005c1d   Thumb Code    10  fpinit.o(x$fpl$fpinit)
    __fplib_config_fpu_vfp                   0x08005c25   Thumb Code     0  fpinit.o(x$fpl$fpinit)
    __fplib_config_pureend_doubles           0x08005c25   Thumb Code     0  fpinit.o(x$fpl$fpinit)
    __fpl_fretinf                            0x08005c27   Thumb Code    10  fretinf.o(x$fpl$fretinf)
    _frnd                                    0x08005c31   Thumb Code    96  frnd.o(x$fpl$frnd)
    __I$use$fp                               0x08005c90   Number         0  usenofp.o(x$fpl$usenofp)
    timerHardware                            0x08005c90   Data         168  target.o(.constdata)
    ioPortDefs                               0x08005d57   Data           6  io.o(.constdata)
    serialPortIdentifiers                    0x08005d68   Data           3  serial.o(.constdata)
    uartVTable                               0x08005d6c   Data          40  serial_uart.o(.constdata)
    timerDefinitions                         0x08005d94   Data         112  timer_stm32f4xx.o(.constdata)
    adcHardware                              0x08005e04   Data          16  adc_stm32f4xx.o(.constdata)
    adcTagMap                                0x08005e14   Data          32  adc_stm32f4xx.o(.constdata)
    Region$$Table$$Base                      0x08005ec0   Number         0  anon$$obj.o(Region$$Table)
    Region$$Table$$Limit                     0x08005ee0   Number         0  anon$$obj.o(Region$$Table)
    systemState                              0x20000010   Data           1  main.o(.data)
    __stdout                                 0x20000014   Data           4  main.o(.data)
    SystemCoreClock                          0x20000018   Data           4  system_stm32f4xx.o(.data)
    AHBPrescTable                            0x2000001c   Data          16  system_stm32f4xx.o(.data)
    sysTickUptime                            0x20000030   Data           4  system.o(.data)
    buttonPressed                            0x20000048   Data           1  button.o(.data)
    driveForward                             0x20000b3c   Data           1  serial_uart_stm32f4xx.o(.data)
    driveReverse                             0x20000b3d   Data           1  serial_uart_stm32f4xx.o(.data)
    turnLeft                                 0x20000b3e   Data           1  serial_uart_stm32f4xx.o(.data)
    turnRight                                0x20000b3f   Data           1  serial_uart_stm32f4xx.o(.data)
    adcValues                                0x20000b74   Data           4  adc.o(.data)
    filteredLeftMotorCurrentMeterValue       0x20000b7c   Data           4  vnh5019currentsensing.o(.data)
    filteredRightMotorCurrentMeterValue      0x20000b80   Data           4  vnh5019currentsensing.o(.data)
    currentProfile                           0x20000b88   Data           4  config.o(.data)
    currentControlRateProfile                0x20000b8c   Data           4  config.o(.data)
    cfTasks                                  0x20000b90   Data        1196  fc_tasks.o(.data)
    LeftEncoder                              0x2000105c   Data           4  fc_tasks.o(.data)
    RightEncoder                             0x20001060   Data           4  fc_tasks.o(.data)
    leftMotorPwm                             0x20001064   Data           4  fc_tasks.o(.data)
    rightMotorPwm                            0x20001068   Data           4  fc_tasks.o(.data)
    armingFlags                              0x2000106c   Data           1  runtime_config.o(.data)
    flightModeFlags                          0x20001070   Data           2  runtime_config.o(.data)
    stateFlags                               0x20001078   Data           1  runtime_config.o(.data)
    smallAngleCosZ                           0x2000107c   Data           4  imu.o(.data)
    magneticDeclination                      0x20001090   Data           4  imu.o(.data)
    accVelScale                              0x200010a4   Data           4  imu.o(.data)
    fc_acc                                   0x200010a8   Data           4  imu.o(.data)
    throttleAngleScale                       0x200010ac   Data           4  imu.o(.data)
    attitude                                 0x200010b4   Data           6  imu.o(.data)
    temperatureData                          0x200010cc   Data           4  gyro.o(.data)
    averageSystemLoadPercentage              0x200010e6   Data           2  scheduler.o(.data)
    checkFuncMaxExecutionTime                0x200010fc   Data           4  scheduler.o(.data)
    checkFuncTotalExecutionTime              0x20001100   Data           4  scheduler.o(.data)
    checkFuncMovingSumExecutionTime          0x20001104   Data           4  scheduler.o(.data)
    clocks                                   0x20001108   Data          16  system.o(.bss)
    extiChannelRecs                          0x20001118   Data          64  exti.o(.bss)
    ioRecs                                   0x20001158   Data         640  io.o(.bss)
    timerConfig                              0x20001434   Data         440  timer.o(.bss)
    timerChannelInfo                         0x200015ec   Data          14  timer.o(.bss)
    timerInfo                                0x200015fa   Data          11  timer.o(.bss)
    OLED_GRAM                                0x20001605   Data        1024  oled.o(.bss)
    adcOperationConfig                       0x20001a05   Data          10  adc.o(.bss)
    masterConfig                             0x20001a48   Data         960  config.o(.bss)
    acc                                      0x20001e44   Data          64  acceleration.o(.bss)
    gyro                                     0x20002058   Data          88  gyro.o(.bss)
    mag                                      0x20002104   Data          28  compass.o(.bss)
    taskQueueArray                           0x20002120   Data          96  scheduler.o(.bss)
    __libspace_start                         0x20002180   Data          96  libspace.o(.bss)
    __temporary_stack_top$libspace           0x200021e0   Data           0  libspace.o(.bss)



==============================================================================

Memory Map of the image

  Image Entry point : 0x08000189

  Load Region LR_IROM1 (Base: 0x08000000, Size: 0x00006fe8, Max: 0x00100000, ABSOLUTE, COMPRESSED[0x00006028])

    Execution Region ER_IROM1 (Exec base: 0x08000000, Load base: 0x08000000, Size: 0x00005ee0, Max: 0x00100000, ABSOLUTE)

    Exec Addr    Load Addr    Size         Type   Attr      Idx    E Section Name        Object

    0x08000000   0x08000000   0x00000188   Data   RO            3    RESET               startup_stm32f407xx.o
    0x08000188   0x08000188   0x00000008   Code   RO         6303  * !!!main             c_w.l(__main.o)
    0x08000190   0x08000190   0x00000034   Code   RO         6666    !!!scatter          c_w.l(__scatter.o)
    0x080001c4   0x080001c4   0x0000005a   Code   RO         6664    !!dczerorl2         c_w.l(__dczerorl2.o)
    0x0800021e   0x0800021e   0x00000002   PAD
    0x08000220   0x08000220   0x0000001c   Code   RO         6668    !!handler_zi        c_w.l(__scatter_zi.o)
    0x0800023c   0x0800023c   0x00000000   Code   RO         6284    .ARM.Collect$$_printf_percent$$00000000  c_w.l(_printf_percent.o)
    0x0800023c   0x0800023c   0x00000006   Code   RO         6282    .ARM.Collect$$_printf_percent$$00000009  c_w.l(_printf_d.o)
    0x08000242   0x08000242   0x00000006   Code   RO         6283    .ARM.Collect$$_printf_percent$$0000000A  c_w.l(_printf_u.o)
    0x08000248   0x08000248   0x00000006   Code   RO         6281    .ARM.Collect$$_printf_percent$$00000014  c_w.l(_printf_s.o)
    0x0800024e   0x0800024e   0x00000004   Code   RO         6440    .ARM.Collect$$_printf_percent$$00000017  c_w.l(_printf_percent_end.o)
    0x08000252   0x08000252   0x00000002   Code   RO         6535    .ARM.Collect$$libinit$$00000000  c_w.l(libinit.o)
    0x08000254   0x08000254   0x00000004   Code   RO         6540    .ARM.Collect$$libinit$$00000001  c_w.l(libinit2.o)
    0x08000258   0x08000258   0x00000000   Code   RO         6543    .ARM.Collect$$libinit$$00000004  c_w.l(libinit2.o)
    0x08000258   0x08000258   0x00000000   Code   RO         6546    .ARM.Collect$$libinit$$0000000A  c_w.l(libinit2.o)
    0x08000258   0x08000258   0x00000000   Code   RO         6548    .ARM.Collect$$libinit$$0000000C  c_w.l(libinit2.o)
    0x08000258   0x08000258   0x00000000   Code   RO         6550    .ARM.Collect$$libinit$$0000000E  c_w.l(libinit2.o)
    0x08000258   0x08000258   0x00000000   Code   RO         6553    .ARM.Collect$$libinit$$00000011  c_w.l(libinit2.o)
    0x08000258   0x08000258   0x00000000   Code   RO         6555    .ARM.Collect$$libinit$$00000013  c_w.l(libinit2.o)
    0x08000258   0x08000258   0x00000000   Code   RO         6557    .ARM.Collect$$libinit$$00000015  c_w.l(libinit2.o)
    0x08000258   0x08000258   0x00000000   Code   RO         6559    .ARM.Collect$$libinit$$00000017  c_w.l(libinit2.o)
    0x08000258   0x08000258   0x00000000   Code   RO         6561    .ARM.Collect$$libinit$$00000019  c_w.l(libinit2.o)
    0x08000258   0x08000258   0x00000000   Code   RO         6563    .ARM.Collect$$libinit$$0000001B  c_w.l(libinit2.o)
    0x08000258   0x08000258   0x00000000   Code   RO         6565    .ARM.Collect$$libinit$$0000001D  c_w.l(libinit2.o)
    0x08000258   0x08000258   0x00000000   Code   RO         6567    .ARM.Collect$$libinit$$0000001F  c_w.l(libinit2.o)
    0x08000258   0x08000258   0x00000000   Code   RO         6569    .ARM.Collect$$libinit$$00000021  c_w.l(libinit2.o)
    0x08000258   0x08000258   0x00000000   Code   RO         6571    .ARM.Collect$$libinit$$00000023  c_w.l(libinit2.o)
    0x08000258   0x08000258   0x00000000   Code   RO         6573    .ARM.Collect$$libinit$$00000025  c_w.l(libinit2.o)
    0x08000258   0x08000258   0x00000000   Code   RO         6577    .ARM.Collect$$libinit$$0000002C  c_w.l(libinit2.o)
    0x08000258   0x08000258   0x00000000   Code   RO         6579    .ARM.Collect$$libinit$$0000002E  c_w.l(libinit2.o)
    0x08000258   0x08000258   0x00000000   Code   RO         6581    .ARM.Collect$$libinit$$00000030  c_w.l(libinit2.o)
    0x08000258   0x08000258   0x00000000   Code   RO         6583    .ARM.Collect$$libinit$$00000032  c_w.l(libinit2.o)
    0x08000258   0x08000258   0x00000002   Code   RO         6584    .ARM.Collect$$libinit$$00000033  c_w.l(libinit2.o)
    0x0800025a   0x0800025a   0x00000002   Code   RO         6604    .ARM.Collect$$libshutdown$$00000000  c_w.l(libshutdown.o)
    0x0800025c   0x0800025c   0x00000000   Code   RO         6617    .ARM.Collect$$libshutdown$$00000002  c_w.l(libshutdown2.o)
    0x0800025c   0x0800025c   0x00000000   Code   RO         6619    .ARM.Collect$$libshutdown$$00000004  c_w.l(libshutdown2.o)
    0x0800025c   0x0800025c   0x00000000   Code   RO         6622    .ARM.Collect$$libshutdown$$00000007  c_w.l(libshutdown2.o)
    0x0800025c   0x0800025c   0x00000000   Code   RO         6625    .ARM.Collect$$libshutdown$$0000000A  c_w.l(libshutdown2.o)
    0x0800025c   0x0800025c   0x00000000   Code   RO         6627    .ARM.Collect$$libshutdown$$0000000C  c_w.l(libshutdown2.o)
    0x0800025c   0x0800025c   0x00000000   Code   RO         6630    .ARM.Collect$$libshutdown$$0000000F  c_w.l(libshutdown2.o)
    0x0800025c   0x0800025c   0x00000002   Code   RO         6631    .ARM.Collect$$libshutdown$$00000010  c_w.l(libshutdown2.o)
    0x0800025e   0x0800025e   0x00000000   Code   RO         6429    .ARM.Collect$$rtentry$$00000000  c_w.l(__rtentry.o)
    0x0800025e   0x0800025e   0x00000000   Code   RO         6484    .ARM.Collect$$rtentry$$00000002  c_w.l(__rtentry2.o)
    0x0800025e   0x0800025e   0x00000006   Code   RO         6496    .ARM.Collect$$rtentry$$00000004  c_w.l(__rtentry4.o)
    0x08000264   0x08000264   0x00000000   Code   RO         6486    .ARM.Collect$$rtentry$$00000009  c_w.l(__rtentry2.o)
    0x08000264   0x08000264   0x00000004   Code   RO         6487    .ARM.Collect$$rtentry$$0000000A  c_w.l(__rtentry2.o)
    0x08000268   0x08000268   0x00000000   Code   RO         6489    .ARM.Collect$$rtentry$$0000000C  c_w.l(__rtentry2.o)
    0x08000268   0x08000268   0x00000008   Code   RO         6490    .ARM.Collect$$rtentry$$0000000D  c_w.l(__rtentry2.o)
    0x08000270   0x08000270   0x00000002   Code   RO         6536    .ARM.Collect$$rtexit$$00000000  c_w.l(rtexit.o)
    0x08000272   0x08000272   0x00000000   Code   RO         6586    .ARM.Collect$$rtexit$$00000002  c_w.l(rtexit2.o)
    0x08000272   0x08000272   0x00000004   Code   RO         6587    .ARM.Collect$$rtexit$$00000003  c_w.l(rtexit2.o)
    0x08000276   0x08000276   0x00000006   Code   RO         6588    .ARM.Collect$$rtexit$$00000004  c_w.l(rtexit2.o)
    0x0800027c   0x0800027c   0x00000040   Code   RO            4    .text               startup_stm32f407xx.o
    0x080002bc   0x080002bc   0x00000018   Code   RO         6253    .text               c_w.l(noretval__2printf.o)
    0x080002d4   0x080002d4   0x00000068   Code   RO         6255    .text               c_w.l(__printf.o)
    0x0800033c   0x0800033c   0x00000052   Code   RO         6257    .text               c_w.l(_printf_str.o)
    0x0800038e   0x0800038e   0x00000002   PAD
    0x08000390   0x08000390   0x00000078   Code   RO         6259    .text               c_w.l(_printf_dec.o)
    0x08000408   0x08000408   0x00000064   Code   RO         6289    .text               c_w.l(rt_memcpy_w.o)
    0x0800046c   0x0800046c   0x0000007a   Code   RO         6291    .text               c_w.l(rt_memmove_w.o)
    0x080004e6   0x080004e6   0x00000010   Code   RO         6293    .text               c_w.l(aeabi_memset.o)
    0x080004f6   0x080004f6   0x00000044   Code   RO         6295    .text               c_w.l(rt_memclr.o)
    0x0800053a   0x0800053a   0x0000004e   Code   RO         6297    .text               c_w.l(rt_memclr_w.o)
    0x08000588   0x08000588   0x00000056   Code   RO         6299    .text               c_w.l(strncpy.o)
    0x080005de   0x080005de   0x00000006   Code   RO         6301    .text               c_w.l(heapauxi.o)
    0x080005e4   0x080005e4   0x00000016   Code   RO         6430    .text               c_w.l(_rserrno.o)
    0x080005fa   0x080005fa   0x000000b2   Code   RO         6434    .text               c_w.l(_printf_intcommon.o)
    0x080006ac   0x080006ac   0x0000002c   Code   RO         6436    .text               c_w.l(_printf_char.o)
    0x080006d8   0x080006d8   0x00000024   Code   RO         6438    .text               c_w.l(_printf_char_file.o)
    0x080006fc   0x080006fc   0x00000008   Code   RO         6503    .text               c_w.l(rt_errno_addr_intlibspace.o)
    0x08000704   0x08000704   0x00000030   Code   RO         6505    .text               c_w.l(_printf_char_common.o)
    0x08000734   0x08000734   0x00000008   Code   RO         6507    .text               c_w.l(ferror.o)
    0x0800073c   0x0800073c   0x00000008   Code   RO         6513    .text               c_w.l(libspace.o)
    0x08000744   0x08000744   0x0000004a   Code   RO         6516    .text               c_w.l(sys_stackheap_outer.o)
    0x0800078e   0x0800078e   0x00000012   Code   RO         6528    .text               c_w.l(exit.o)
    0x080007a0   0x080007a0   0x0000000c   Code   RO         6596    .text               c_w.l(sys_exit.o)
    0x080007ac   0x080007ac   0x00000002   Code   RO         6607    .text               c_w.l(use_no_semi.o)
    0x080007ae   0x080007ae   0x00000000   Code   RO         6609    .text               c_w.l(indicate_semi.o)
    0x080007ae   0x080007ae   0x00000014   Code   RO         2111    i.ADC_Cmd           stm32f4xx_adc.o
    0x080007c2   0x080007c2   0x00000002   PAD
    0x080007c4   0x080007c4   0x0000002c   Code   RO         2112    i.ADC_CommonInit    stm32f4xx_adc.o
    0x080007f0   0x080007f0   0x0000000c   Code   RO         2113    i.ADC_CommonStructInit  stm32f4xx_adc.o
    0x080007fc   0x080007fc   0x00000014   Code   RO         2115    i.ADC_DMACmd        stm32f4xx_adc.o
    0x08000810   0x08000810   0x00000014   Code   RO         2116    i.ADC_DMARequestAfterLastTransferCmd  stm32f4xx_adc.o
    0x08000824   0x08000824   0x0000004c   Code   RO         2131    i.ADC_Init          stm32f4xx_adc.o
    0x08000870   0x08000870   0x00000074   Code   RO         2136    i.ADC_RegularChannelConfig  stm32f4xx_adc.o
    0x080008e4   0x080008e4   0x0000000a   Code   RO         2138    i.ADC_SoftwareStartConv  stm32f4xx_adc.o
    0x080008ee   0x080008ee   0x00000014   Code   RO         2140    i.ADC_StructInit    stm32f4xx_adc.o
    0x08000902   0x08000902   0x00000002   PAD
    0x08000904   0x08000904   0x00000010   Code   RO         3145    i.DMA1_Stream0_IRQHandler  dma_stm32f4xx.o
    0x08000914   0x08000914   0x00000014   Code   RO         3146    i.DMA1_Stream1_IRQHandler  dma_stm32f4xx.o
    0x08000928   0x08000928   0x00000014   Code   RO         3147    i.DMA1_Stream2_IRQHandler  dma_stm32f4xx.o
    0x0800093c   0x0800093c   0x00000014   Code   RO         3148    i.DMA1_Stream3_IRQHandler  dma_stm32f4xx.o
    0x08000950   0x08000950   0x00000014   Code   RO         3149    i.DMA1_Stream4_IRQHandler  dma_stm32f4xx.o
    0x08000964   0x08000964   0x00000014   Code   RO         3150    i.DMA1_Stream5_IRQHandler  dma_stm32f4xx.o
    0x08000978   0x08000978   0x00000014   Code   RO         3151    i.DMA1_Stream6_IRQHandler  dma_stm32f4xx.o
    0x0800098c   0x0800098c   0x00000014   Code   RO         3152    i.DMA1_Stream7_IRQHandler  dma_stm32f4xx.o
    0x080009a0   0x080009a0   0x00000014   Code   RO         3153    i.DMA2_Stream0_IRQHandler  dma_stm32f4xx.o
    0x080009b4   0x080009b4   0x00000014   Code   RO         3154    i.DMA2_Stream1_IRQHandler  dma_stm32f4xx.o
    0x080009c8   0x080009c8   0x00000018   Code   RO         3155    i.DMA2_Stream2_IRQHandler  dma_stm32f4xx.o
    0x080009e0   0x080009e0   0x00000018   Code   RO         3156    i.DMA2_Stream3_IRQHandler  dma_stm32f4xx.o
    0x080009f8   0x080009f8   0x00000018   Code   RO         3157    i.DMA2_Stream4_IRQHandler  dma_stm32f4xx.o
    0x08000a10   0x08000a10   0x00000018   Code   RO         3158    i.DMA2_Stream5_IRQHandler  dma_stm32f4xx.o
    0x08000a28   0x08000a28   0x00000018   Code   RO         3159    i.DMA2_Stream6_IRQHandler  dma_stm32f4xx.o
    0x08000a40   0x08000a40   0x00000018   Code   RO         3160    i.DMA2_Stream7_IRQHandler  dma_stm32f4xx.o
    0x08000a58   0x08000a58   0x00000014   Code   RO          126    i.DMA_Cmd           stm32f4xx_dma.o
    0x08000a6c   0x08000a6c   0x00000124   Code   RO          127    i.DMA_DeInit        stm32f4xx_dma.o
    0x08000b90   0x08000b90   0x00000006   Code   RO          132    i.DMA_GetCurrDataCounter  stm32f4xx_dma.o
    0x08000b96   0x08000b96   0x0000002c   Code   RO          137    i.DMA_ITConfig      stm32f4xx_dma.o
    0x08000bc2   0x08000bc2   0x00000002   PAD
    0x08000bc4   0x08000bc4   0x00000054   Code   RO          138    i.DMA_Init          stm32f4xx_dma.o
    0x08000c18   0x08000c18   0x0000000a   Code   RO          139    i.DMA_MemoryTargetConfig  stm32f4xx_dma.o
    0x08000c22   0x08000c22   0x00000004   Code   RO          141    i.DMA_SetCurrDataCounter  stm32f4xx_dma.o
    0x08000c26   0x08000c26   0x00000022   Code   RO          142    i.DMA_StructInit    stm32f4xx_dma.o
    0x08000c48   0x08000c48   0x00000004   Code   RO         3283    i.EXTI0_IRQHandler  exti.o
    0x08000c4c   0x08000c4c   0x00000004   Code   RO         3284    i.EXTI15_10_IRQHandler  exti.o
    0x08000c50   0x08000c50   0x00000004   Code   RO         3285    i.EXTI1_IRQHandler  exti.o
    0x08000c54   0x08000c54   0x00000004   Code   RO         3286    i.EXTI2_IRQHandler  exti.o
    0x08000c58   0x08000c58   0x00000004   Code   RO         3287    i.EXTI3_IRQHandler  exti.o
    0x08000c5c   0x08000c5c   0x00000004   Code   RO         3288    i.EXTI4_IRQHandler  exti.o
    0x08000c60   0x08000c60   0x00000004   Code   RO         3289    i.EXTI9_5_IRQHandler  exti.o
    0x08000c64   0x08000c64   0x00000028   Code   RO         3293    i.EXTIInit          exti.o
    0x08000c8c   0x08000c8c   0x00000040   Code   RO         3295    i.EXTI_IRQHandler   exti.o
    0x08000ccc   0x08000ccc   0x00000094   Code   RO         2351    i.EnableGPIOClk     main.o
    0x08000d60   0x08000d60   0x000000a2   Code   RO          581    i.GPIO_Init         stm32f4xx_gpio.o
    0x08000e02   0x08000e02   0x00000020   Code   RO          582    i.GPIO_PinAFConfig  stm32f4xx_gpio.o
    0x08000e22   0x08000e22   0x00000012   Code   RO          590    i.GPIO_StructInit   stm32f4xx_gpio.o
    0x08000e34   0x08000e34   0x00000048   Code   RO         3471    i.IOConfigGPIO      io.o
    0x08000e7c   0x08000e7c   0x0000005c   Code   RO         3472    i.IOConfigGPIOAF    io.o
    0x08000ed8   0x08000ed8   0x0000006c   Code   RO         3473    i.IOGetByTag        io.o
    0x08000f44   0x08000f44   0x00000040   Code   RO         3474    i.IOGlobalInit      io.o
    0x08000f84   0x08000f84   0x0000000c   Code   RO         3475    i.IOHi              io.o
    0x08000f90   0x08000f90   0x00000006   Code   RO         3476    i.IOInit            io.o
    0x08000f96   0x08000f96   0x0000000e   Code   RO         3477    i.IOLo              io.o
    0x08000fa4   0x08000fa4   0x00000012   Code   RO         3481    i.IOWrite           io.o
    0x08000fb6   0x08000fb6   0x00000014   Code   RO         3486    i.IO_GPIOPinIdx     io.o
    0x08000fca   0x08000fca   0x00000002   PAD
    0x08000fcc   0x08000fcc   0x00000018   Code   RO         3487    i.IO_GPIOPortIdx    io.o
    0x08000fe4   0x08000fe4   0x00000004   Code   RO         3488    i.IO_GPIO_PinSource  io.o
    0x08000fe8   0x08000fe8   0x00000088   Code   RO         3611    i.LedInit           led.o
    0x08001070   0x08001070   0x00000028   Code   RO         3612    i.LedSet            led.o
    0x08001098   0x08001098   0x00000064   Code   RO           13    i.NVIC_Init         misc.o
    0x080010fc   0x080010fc   0x00000014   Code   RO           14    i.NVIC_PriorityGroupConfig  misc.o
    0x08001110   0x08001110   0x0000002c   Code   RO         4432    i.OLED_Clear        oled.o
    0x0800113c   0x0800113c   0x0000004c   Code   RO         4436    i.OLED_Refresh_Gram  oled.o
    0x08001188   0x08001188   0x00000074   Code   RO         4440    i.OLED_WR_Byte      oled.o
    0x080011fc   0x080011fc   0x00000018   Code   RO          796    i.RCC_AHB1PeriphClockCmd  stm32f4xx_rcc.o
    0x08001214   0x08001214   0x00000018   Code   RO          798    i.RCC_AHB1PeriphResetCmd  stm32f4xx_rcc.o
    0x0800122c   0x0800122c   0x00000018   Code   RO          799    i.RCC_AHB2PeriphClockCmd  stm32f4xx_rcc.o
    0x08001244   0x08001244   0x00000018   Code   RO          805    i.RCC_APB1PeriphClockCmd  stm32f4xx_rcc.o
    0x0800125c   0x0800125c   0x00000018   Code   RO          807    i.RCC_APB1PeriphResetCmd  stm32f4xx_rcc.o
    0x08001274   0x08001274   0x00000018   Code   RO          808    i.RCC_APB2PeriphClockCmd  stm32f4xx_rcc.o
    0x0800128c   0x0800128c   0x00000018   Code   RO          810    i.RCC_APB2PeriphResetCmd  stm32f4xx_rcc.o
    0x080012a4   0x080012a4   0x00000010   Code   RO          813    i.RCC_ClearFlag     stm32f4xx_rcc.o
    0x080012b4   0x080012b4   0x00000024   Code   RO         3748    i.RCC_ClockCmd      rcc.o
    0x080012d8   0x080012d8   0x00000090   Code   RO          817    i.RCC_GetClocksFreq  stm32f4xx_rcc.o
    0x08001368   0x08001368   0x00000024   Code   RO         3749    i.RCC_ResetCmd      rcc.o
    0x0800138c   0x0800138c   0x00000034   Code   RO         5008    i.Read_Encoder      fc_tasks.o
    0x080013c0   0x080013c0   0x0000000c   Code   RO         4843    i.ResetBeeperConfig  config.o
    0x080013cc   0x080013cc   0x00000020   Code   RO         4844    i.ResetLedStatusConfig  config.o
    0x080013ec   0x080013ec   0x00000008   Code   RO         5448    i.ResetRollAndPitchTrims  acceleration.o
    0x080013f4   0x080013f4   0x0000003c   Code   RO         4845    i.ResetSerialConfig  config.o
    0x08001430   0x08001430   0x0000004c   Code   RO         4846    i.ResetSerialPinConfig  config.o
    0x0800147c   0x0800147c   0x00000014   Code   RO         1140    i.SPI_Cmd           stm32f4xx_spi.o
    0x08001490   0x08001490   0x00000084   Code   RO         1147    i.SPI_I2S_DeInit    stm32f4xx_spi.o
    0x08001514   0x08001514   0x00000038   Code   RO         1153    i.SPI_Init          stm32f4xx_spi.o
    0x0800154c   0x0800154c   0x000000b4   Code   RO         2640    i.SetSysClock       system_stm32f4xx.o
    0x08001600   0x08001600   0x00000024   Code   RO         2711    i.SysTick_Handler   system.o
    0x08001624   0x08001624   0x00000024   Code   RO         2712    i.SysTick_Init      system.o
    0x08001648   0x08001648   0x0000005c   Code   RO         2642    i.SystemInit        system_stm32f4xx.o
    0x080016a4   0x080016a4   0x0000002e   Code   RO         1362    i.TI1_Config        stm32f4xx_tim.o
    0x080016d2   0x080016d2   0x00000036   Code   RO         1363    i.TI2_Config        stm32f4xx_tim.o
    0x08001708   0x08001708   0x00000010   Code   RO         4225    i.TIM1_CC_IRQHandler  timer.o
    0x08001718   0x08001718   0x00000010   Code   RO         4226    i.TIM2_IRQHandler   timer.o
    0x08001728   0x08001728   0x00000010   Code   RO         4227    i.TIM3_IRQHandler   timer.o
    0x08001738   0x08001738   0x00000010   Code   RO         4228    i.TIM4_IRQHandler   timer.o
    0x08001748   0x08001748   0x00000010   Code   RO         4229    i.TIM5_IRQHandler   timer.o
    0x08001758   0x08001758   0x00000014   Code   RO         1376    i.TIM_Cmd           stm32f4xx_tim.o
    0x0800176c   0x0800176c   0x00000016   Code   RO         1378    i.TIM_CtrlPWMOutputs  stm32f4xx_tim.o
    0x08001782   0x08001782   0x000000ac   Code   RO         1399    i.TIM_ICInit        stm32f4xx_tim.o
    0x0800182e   0x0800182e   0x00000010   Code   RO         1400    i.TIM_ICStructInit  stm32f4xx_tim.o
    0x0800183e   0x0800183e   0x00000002   PAD
    0x08001840   0x08001840   0x00000060   Code   RO         1405    i.TIM_OC1Init       stm32f4xx_tim.o
    0x080018a0   0x080018a0   0x0000000c   Code   RO         1408    i.TIM_OC1PreloadConfig  stm32f4xx_tim.o
    0x080018ac   0x080018ac   0x00000080   Code   RO         1410    i.TIM_OC2Init       stm32f4xx_tim.o
    0x0800192c   0x0800192c   0x00000014   Code   RO         1413    i.TIM_OC2PreloadConfig  stm32f4xx_tim.o
    0x08001940   0x08001940   0x0000007c   Code   RO         1415    i.TIM_OC3Init       stm32f4xx_tim.o
    0x080019bc   0x080019bc   0x0000000c   Code   RO         1418    i.TIM_OC3PreloadConfig  stm32f4xx_tim.o
    0x080019c8   0x080019c8   0x00000060   Code   RO         1420    i.TIM_OC4Init       stm32f4xx_tim.o
    0x08001a28   0x08001a28   0x00000014   Code   RO         1422    i.TIM_OC4PreloadConfig  stm32f4xx_tim.o
    0x08001a3c   0x08001a3c   0x00000014   Code   RO         1423    i.TIM_OCStructInit  stm32f4xx_tim.o
    0x08001a50   0x08001a50   0x00000010   Code   RO         1435    i.TIM_SelectSlaveMode  stm32f4xx_tim.o
    0x08001a60   0x08001a60   0x00000010   Code   RO         1443    i.TIM_SetIC1Prescaler  stm32f4xx_tim.o
    0x08001a70   0x08001a70   0x00000018   Code   RO         1444    i.TIM_SetIC2Prescaler  stm32f4xx_tim.o
    0x08001a88   0x08001a88   0x00000010   Code   RO         1445    i.TIM_SetIC3Prescaler  stm32f4xx_tim.o
    0x08001a98   0x08001a98   0x00000018   Code   RO         1446    i.TIM_SetIC4Prescaler  stm32f4xx_tim.o
    0x08001ab0   0x08001ab0   0x0000007c   Code   RO         1448    i.TIM_TimeBaseInit  stm32f4xx_tim.o
    0x08001b2c   0x08001b2c   0x00000012   Code   RO         1449    i.TIM_TimeBaseStructInit  stm32f4xx_tim.o
    0x08001b3e   0x08001b3e   0x00000002   PAD
    0x08001b40   0x08001b40   0x00000010   Code   RO         4121    i.USART3_IRQHandler  serial_uart_stm32f4xx.o
    0x08001b50   0x08001b50   0x00000010   Code   RO         4122    i.USART6_IRQHandler  serial_uart_stm32f4xx.o
    0x08001b60   0x08001b60   0x0000000c   Code   RO         1914    i.USART_ClearITPendingBit  stm32f4xx_usart.o
    0x08001b6c   0x08001b6c   0x00000014   Code   RO         1917    i.USART_Cmd         stm32f4xx_usart.o
    0x08001b80   0x08001b80   0x00000010   Code   RO         1918    i.USART_DMACmd      stm32f4xx_usart.o
    0x08001b90   0x08001b90   0x0000003e   Code   RO         1921    i.USART_GetITStatus  stm32f4xx_usart.o
    0x08001bce   0x08001bce   0x00000014   Code   RO         1922    i.USART_HalfDuplexCmd  stm32f4xx_usart.o
    0x08001be2   0x08001be2   0x00000030   Code   RO         1923    i.USART_ITConfig    stm32f4xx_usart.o
    0x08001c12   0x08001c12   0x00000002   PAD
    0x08001c14   0x08001c14   0x000000ac   Code   RO         1924    i.USART_Init        stm32f4xx_usart.o
    0x08001cc0   0x08001cc0   0x00000008   Code   RO         1934    i.USART_SendData    stm32f4xx_usart.o
    0x08001cc8   0x08001cc8   0x00000026   Code   RO         6464    i.__ARM_fpclassifyf  m_wm.l(fpclassifyf.o)
    0x08001cee   0x08001cee   0x00000002   PAD
    0x08001cf0   0x08001cf0   0x00000118   Code   RO         6329    i.__hardfp_acosf    m_wm.l(acosf.o)
    0x08001e08   0x08001e08   0x00000250   Code   RO         6341    i.__hardfp_atan2f   m_wm.l(atan2f.o)
    0x08002058   0x08002058   0x00000150   Code   RO         6353    i.__hardfp_cosf     m_wm.l(cosf.o)
    0x080021a8   0x080021a8   0x00000048   Code   RO         6421    i.__hardfp_lrintf   m_wm.l(lrintf.o)
    0x080021f0   0x080021f0   0x000000e0   Code   RO         6393    i.__hardfp_round    m_wm.l(round.o)
    0x080022d0   0x080022d0   0x00000190   Code   RO         6397    i.__hardfp_sinf     m_wm.l(sinf.o)
    0x08002460   0x08002460   0x0000003a   Code   RO         6409    i.__hardfp_sqrtf    m_wm.l(sqrtf.o)
    0x0800249a   0x0800249a   0x00000006   Code   RO         6467    i.__mathlib_flt_infnan  m_wm.l(funder.o)
    0x080024a0   0x080024a0   0x00000006   Code   RO         6468    i.__mathlib_flt_infnan2  m_wm.l(funder.o)
    0x080024a6   0x080024a6   0x00000002   PAD
    0x080024a8   0x080024a8   0x00000010   Code   RO         6469    i.__mathlib_flt_invalid  m_wm.l(funder.o)
    0x080024b8   0x080024b8   0x00000010   Code   RO         6472    i.__mathlib_flt_underflow  m_wm.l(funder.o)
    0x080024c8   0x080024c8   0x00000154   Code   RO         6480    i.__mathlib_rredf2  m_wm.l(rredf.o)
    0x0800261c   0x0800261c   0x0000000c   Code   RO         5451    i.accSetCalibrationCycles  acceleration.o
    0x08002628   0x08002628   0x000000a8   Code   RO         5452    i.accUpdate         acceleration.o
    0x080026d0   0x080026d0   0x00000030   Code   RO         4847    i.activateConfig    config.o
    0x08002700   0x08002700   0x00000024   Code   RO         4712    i.adcChannelByTag   adc.o
    0x08002724   0x08002724   0x00000030   Code   RO         4753    i.adcDeviceByInstance  adc_stm32f4xx.o
    0x08002754   0x08002754   0x0000001c   Code   RO         4713    i.adcGetChannelSample  adc.o
    0x08002770   0x08002770   0x000001a8   Code   RO         4754    i.adcInit           adc_stm32f4xx.o
    0x08002918   0x08002918   0x0000009c   Code   RO         5663    i.alignBoard        boardalignment.o
    0x080029b4   0x080029b4   0x0000006c   Code   RO         5664    i.alignSensors      boardalignment.o
    0x08002a20   0x08002a20   0x00000040   Code   RO         4184    i.beeperInit        sound_beeper.o
    0x08002a60   0x08002a60   0x00000042   Code   RO         5806    i.biquadFilterApply  filter.o
    0x08002aa2   0x08002aa2   0x00000002   PAD
    0x08002aa4   0x08002aa4   0x000000f0   Code   RO         5807    i.biquadFilterInit  filter.o
    0x08002b94   0x08002b94   0x00000034   Code   RO         5808    i.biquadFilterInitLPF  filter.o
    0x08002bc8   0x08002bc8   0x00000030   Code   RO         4530    i.bluetoothSerial6Init  bluetoothserial6.o
    0x08002bf8   0x08002bf8   0x00000010   Code   RO         4533    i.bluetoothSerial6Write  bluetoothserial6.o
    0x08002c08   0x08002c08   0x00000018   Code   RO         5227    i.calculateAccZLowPassFilterRCTimeConstant  imu.o
    0x08002c20   0x08002c20   0x00000024   Code   RO         5228    i.calculateThrottleAngleScale  imu.o
    0x08002c44   0x08002c44   0x00000004   Code   RO         4852    i.checkEEPROMContainsValidData  config.o
    0x08002c48   0x08002c48   0x0000002c   Code   RO         4230    i.configTimeBase4Encoder  timer.o
    0x08002c74   0x08002c74   0x00000010   Code   RO         4853    i.constrain         config.o
    0x08002c84   0x08002c84   0x0000004c   Code   RO         4791    i.convertADCCountToMilliAmps  vnh5019currentsensing.o
    0x08002cd0   0x08002cd0   0x00000010   Code   RO         5869    i.cosApprox         maths.o
    0x08002ce0   0x08002ce0   0x00000218   Code   RO         4854    i.createDefaultConfig  config.o
    0x08002ef8   0x08002ef8   0x00000158   Code   RO         3680    i.dcBrushedMotorInit  pwm_output.o
    0x08003050   0x08003050   0x00000018   Code   RO         5870    i.degreesToRadians  maths.o
    0x08003068   0x08003068   0x00000016   Code   RO         2713    i.delay             system.o
    0x0800307e   0x0800307e   0x00000002   PAD
    0x08003080   0x08003080   0x00000018   Code   RO         2714    i.delayMicroseconds  system.o
    0x08003098   0x08003098   0x00000006   Code   RO         5871    i.devClear          maths.o
    0x0800309e   0x0800309e   0x00000002   PAD
    0x080030a0   0x080030a0   0x00000058   Code   RO         5872    i.devPush           maths.o
    0x080030f8   0x080030f8   0x0000000e   Code   RO         5873    i.devStandardDeviation  maths.o
    0x08003106   0x08003106   0x00000002   PAD
    0x08003108   0x08003108   0x00000024   Code   RO         5874    i.devVariance       maths.o
    0x0800312c   0x0800312c   0x00000024   Code   RO         3161    i.dmaGetIdentifier  dma_stm32f4xx.o
    0x08003150   0x08003150   0x00000024   Code   RO         3162    i.dmaInit           dma_stm32f4xx.o
    0x08003174   0x08003174   0x00000022   Code   RO         5009    i.fcTasksInit       fc_tasks.o
    0x08003196   0x08003196   0x00000002   PAD
    0x08003198   0x08003198   0x00000014   Code   RO         5367    i.feature           feature.o
    0x080031ac   0x080031ac   0x00000010   Code   RO         5368    i.featureClear      feature.o
    0x080031bc   0x080031bc   0x00000014   Code   RO         5370    i.featureConfigured  feature.o
    0x080031d0   0x080031d0   0x00000010   Code   RO         5372    i.featureSet        feature.o
    0x080031e0   0x080031e0   0x00000028   Code   RO         3946    i.findNextSerialPortConfig  serial.o
    0x08003208   0x08003208   0x00000010   Code   RO         3947    i.findSerialPortConfig  serial.o
    0x08003218   0x08003218   0x0000001c   Code   RO         3948    i.findSerialPortIndexByIdentifier  serial.o
    0x08003234   0x08003234   0x00000028   Code   RO         3949    i.findSerialPortUsageByIdentifier  serial.o
    0x0800325c   0x0800325c   0x0000000e   Code   RO         2352    i.fputc             main.o
    0x0800326a   0x0800326a   0x00000002   PAD
    0x0800326c   0x0800326c   0x00000024   Code   RO         5539    i.gyroCalculateCalibratingCycles  gyro.o
    0x08003290   0x08003290   0x00000010   Code   RO         5542    i.gyroSetCalibrationCycles  gyro.o
    0x080032a0   0x080032a0   0x00000154   Code   RO         5543    i.gyroUpdate        gyro.o
    0x080033f4   0x080033f4   0x000000d8   Code   RO         5229    i.imuCalculateEstimatedAttitude  imu.o
    0x080034cc   0x080034cc   0x000000bc   Code   RO         5230    i.imuComputeRotationMatrix  imu.o
    0x08003588   0x08003588   0x0000005c   Code   RO         5231    i.imuConfigure      imu.o
    0x080035e4   0x080035e4   0x00000050   Code   RO         5232    i.imuInit           imu.o
    0x08003634   0x08003634   0x000002b4   Code   RO         5233    i.imuMahonyAHRSUpdate  imu.o
    0x080038e8   0x080038e8   0x000000a0   Code   RO         5234    i.imuUpdateEulerAngles  imu.o
    0x08003988   0x08003988   0x00000002   Code   RO         5311    i.initEEPROM        config_eeprom.o
    0x0800398a   0x0800398a   0x00000006   Code   RO         5374    i.intFeatureClearAll  feature.o
    0x08003990   0x08003990   0x00000008   Code   RO         5375    i.intFeatureSet     feature.o
    0x08003998   0x08003998   0x00000014   Code   RO         5235    i.invSqrt           imu.o
    0x080039ac   0x080039ac   0x00000014   Code   RO         5453    i.isAccelerationCalibrationComplete  acceleration.o
    0x080039c0   0x080039c0   0x00000014   Code   RO         5544    i.isGyroCalibrationComplete  gyro.o
    0x080039d4   0x080039d4   0x00000010   Code   RO         5545    i.isOnFinalGyroCalibrationCycle  gyro.o
    0x080039e4   0x080039e4   0x0000001a   Code   RO         4035    i.isUartTransmitBufferEmpty  serial_uart.o
    0x080039fe   0x080039fe   0x00000002   PAD
    0x08003a00   0x08003a00   0x00000014   Code   RO         5376    i.latchActiveFeatures  feature.o
    0x08003a14   0x08003a14   0x0000002a   Code   RO         5011    i.limitMotorPwm     fc_tasks.o
    0x08003a3e   0x08003a3e   0x00000002   PAD
    0x08003a40   0x08003a40   0x000000d8   Code   RO         2353    i.main              main.o
    0x08003b18   0x08003b18   0x00000054   Code   RO         2715    i.micros            system.o
    0x08003b6c   0x08003b6c   0x0000004c   Code   RO         2716    i.microsISR         system.o
    0x08003bb8   0x08003bb8   0x0000000c   Code   RO         2717    i.millis            system.o
    0x08003bc4   0x08003bc4   0x00000024   Code   RO         3086    i.modeSwitchBtnPollInit  button.o
    0x08003be8   0x08003be8   0x0000018c   Code   RO         4441    i.oledInit          oled.o
    0x08003d74   0x08003d74   0x00000058   Code   RO         3951    i.openSerialPort    serial.o
    0x08003dcc   0x08003dcc   0x00000088   Code   RO         5454    i.performAccelerationCalibration  acceleration.o
    0x08003e54   0x08003e54   0x000000d4   Code   RO         5546    i.performGyroCalibration  gyro.o
    0x08003f28   0x08003f28   0x0000004c   Code   RO         3780    i.pwmEncoderICConfig  rx_pwm.o
    0x08003f74   0x08003f74   0x0000006c   Code   RO         3781    i.pwmEncoderInit    rx_pwm.o
    0x08003fe0   0x08003fe0   0x00000014   Code   RO         3681    i.pwmWriteDcBrushedMotor  pwm_output.o
    0x08003ff4   0x08003ff4   0x00000060   Code   RO         6158    i.queueAdd          scheduler.o
    0x08004054   0x08004054   0x0000001c   Code   RO         6159    i.queueClear        scheduler.o
    0x08004070   0x08004070   0x0000002c   Code   RO         6160    i.queueContains     scheduler.o
    0x0800409c   0x0800409c   0x00000014   Code   RO         6161    i.queueFirst        scheduler.o
    0x080040b0   0x080040b0   0x00000018   Code   RO         6162    i.queueNext         scheduler.o
    0x080040c8   0x080040c8   0x00000040   Code   RO         6163    i.queueRemove       scheduler.o
    0x08004108   0x08004108   0x0000001c   Code   RO         5313    i.readEEPROM        config_eeprom.o
    0x08004124   0x08004124   0x00000018   Code   RO         4857    i.resetEEPROM       config.o
    0x0800413c   0x0800413c   0x0000002c   Code   RO         3893    i.rxSerial3TestInit  rxserial3test.o
    0x08004168   0x08004168   0x00000170   Code   RO         6165    i.scheduler         scheduler.o
    0x080042d8   0x080042d8   0x00000020   Code   RO         6166    i.schedulerInit     scheduler.o
    0x080042f8   0x080042f8   0x00000014   Code   RO         5130    i.sensors           runtime_config.o
    0x0800430c   0x0800430c   0x00000034   Code   RO         3952    i.serialInit        serial.o
    0x08004340   0x08004340   0x00000110   Code   RO         4123    i.serialUART        serial_uart_stm32f4xx.o
    0x08004450   0x08004450   0x0000000c   Code   RO         4124    i.serialUART3       serial_uart_stm32f4xx.o
    0x0800445c   0x0800445c   0x0000000c   Code   RO         4125    i.serialUART6       serial_uart_stm32f4xx.o
    0x08004468   0x08004468   0x00000006   Code   RO         3955    i.serialWrite       serial.o
    0x0800446e   0x0800446e   0x00000002   PAD
    0x08004470   0x08004470   0x00000044   Code   RO         5455    i.setAccelerationFilter  acceleration.o
    0x080044b4   0x080044b4   0x0000000c   Code   RO         5456    i.setAccelerationTrims  acceleration.o
    0x080044c0   0x080044c0   0x00000034   Code   RO         4860    i.setProfile        config.o
    0x080044f4   0x080044f4   0x00000034   Code   RO         6167    i.setTaskEnabled    scheduler.o
    0x08004528   0x08004528   0x000000b4   Code   RO         5885    i.sinApprox         maths.o
    0x080045dc   0x080045dc   0x0000001a   Code   RO         3002    i.spiInit           bus_spi.o
    0x080045f6   0x080045f6   0x00000002   PAD
    0x080045f8   0x080045f8   0x00000118   Code   RO         3003    i.spiInitDevice     bus_spi.o
    0x08004710   0x08004710   0x0000003e   Code   RO         6411    i.sqrtf             m_wm.l(sqrtf.o)
    0x0800474e   0x0800474e   0x00000002   PAD
    0x08004750   0x08004750   0x00000018   Code   RO         4185    i.systemBeep        sound_beeper.o
    0x08004768   0x08004768   0x00000050   Code   RO         2355    i.systemInit        main.o
    0x080047b8   0x080047b8   0x0000013a   Code   RO         4861    i.targetConfiguration  config.o
    0x080048f2   0x080048f2   0x00000002   PAD
    0x080048f4   0x080048f4   0x0000002c   Code   RO         5236    i.taskIMUUpdateAttitude  imu.o
    0x08004920   0x08004920   0x00000024   Code   RO         5013    i.taskLeftMotorCurrentMeter  fc_tasks.o
    0x08004944   0x08004944   0x000000bc   Code   RO         5014    i.taskMotorEncoder  fc_tasks.o
    0x08004a00   0x08004a00   0x00000024   Code   RO         5015    i.taskRightMotorCurrentMeter  fc_tasks.o
    0x08004a24   0x08004a24   0x00000020   Code   RO         6168    i.taskSystem        scheduler.o
    0x08004a44   0x08004a44   0x0000000c   Code   RO         5016    i.taskUpdateAccelerometer  fc_tasks.o
    0x08004a50   0x08004a50   0x00000004   Code   RO         5017    i.taskUpdateGyro    fc_tasks.o
    0x08004a54   0x08004a54   0x0000007a   Code   RO         4236    i.timCCxHandler     timer.o
    0x08004ace   0x08004ace   0x0000000a   Code   RO         4238    i.timerChCCR        timer.o
    0x08004ad8   0x08004ad8   0x0000003c   Code   RO         4244    i.timerGetByTag     timer.o
    0x08004b14   0x08004b14   0x00000084   Code   RO         4245    i.timerInit         timer.o
    0x08004b98   0x08004b98   0x00000028   Code   RO         4248    i.timerOCInit       timer.o
    0x08004bc0   0x08004bc0   0x00000028   Code   RO         4249    i.timerOCPreloadConfig  timer.o
    0x08004be8   0x08004be8   0x00000024   Code   RO         4250    i.timerRCC          timer.o
    0x08004c0c   0x08004c0c   0x000000dc   Code   RO         4126    i.uartIrqHandler    serial_uart_stm32f4xx.o
    0x08004ce8   0x08004ce8   0x00000160   Code   RO         4036    i.uartOpen          serial_uart.o
    0x08004e48   0x08004e48   0x0000002c   Code   RO         4037    i.uartRead          serial_uart.o
    0x08004e74   0x08004e74   0x0000008c   Code   RO         4038    i.uartReconfigure   serial_uart.o
    0x08004f00   0x08004f00   0x00000006   Code   RO         4039    i.uartSetBaudRate   serial_uart.o
    0x08004f06   0x08004f06   0x00000006   Code   RO         4040    i.uartSetMode       serial_uart.o
    0x08004f0c   0x08004f0c   0x0000004a   Code   RO         4041    i.uartStartTxDMA    serial_uart.o
    0x08004f56   0x08004f56   0x00000018   Code   RO         4042    i.uartTotalRxBytesWaiting  serial_uart.o
    0x08004f6e   0x08004f6e   0x00000026   Code   RO         4043    i.uartTotalTxBytesFree  serial_uart.o
    0x08004f94   0x08004f94   0x00000030   Code   RO         4044    i.uartWrite         serial_uart.o
    0x08004fc4   0x08004fc4   0x00000090   Code   RO         5018    i.updateMotorPwm    fc_tasks.o
    0x08005054   0x08005054   0x00000050   Code   RO         4792    i.updateVNH5019LeftMotorCurrentSensor  vnh5019currentsensing.o
    0x080050a4   0x080050a4   0x00000050   Code   RO         4793    i.updateVNH5019RightMotorCurrentSensor  vnh5019currentsensing.o
    0x080050f4   0x080050f4   0x00000054   Code   RO         4862    i.validateAndFixConfig  config.o
    0x08005148   0x08005148   0x000000c8   Code   RO         4863    i.validateAndFixGyroConfig  config.o
    0x08005210   0x08005210   0x00000062   Code   RO         6305    x$fpl$d2f           fz_wm.l(d2f.o)
    0x08005272   0x08005272   0x00000002   PAD
    0x08005274   0x08005274   0x00000150   Code   RO         6307    x$fpl$dadd          fz_wm.l(daddsub_clz.o)
    0x080053c4   0x080053c4   0x00000018   Code   RO         6511    x$fpl$dcmpinf       fz_wm.l(dcmpi.o)
    0x080053dc   0x080053dc   0x000002b0   Code   RO         6314    x$fpl$ddiv          fz_wm.l(ddiv.o)
    0x0800568c   0x0800568c   0x0000005e   Code   RO         6317    x$fpl$dfix          fz_wm.l(dfix.o)
    0x080056ea   0x080056ea   0x0000002e   Code   RO         6322    x$fpl$dflt          fz_wm.l(dflt_clz.o)
    0x08005718   0x08005718   0x00000078   Code   RO         6441    x$fpl$dleqf         fz_wm.l(dleqf.o)
    0x08005790   0x08005790   0x0000009c   Code   RO         6443    x$fpl$dnaninf       fz_wm.l(dnaninf.o)
    0x0800582c   0x0800582c   0x0000000c   Code   RO         6445    x$fpl$dretinf       fz_wm.l(dretinf.o)
    0x08005838   0x08005838   0x0000006c   Code   RO         6447    x$fpl$drleqf        fz_wm.l(drleqf.o)
    0x080058a4   0x080058a4   0x000000b4   Code   RO         6449    x$fpl$drnd          fz_wm.l(drnd.o)
    0x08005958   0x08005958   0x000001d4   Code   RO         6309    x$fpl$dsub          fz_wm.l(daddsub_clz.o)
    0x08005b2c   0x08005b2c   0x00000056   Code   RO         6327    x$fpl$f2d           fz_wm.l(f2d.o)
    0x08005b82   0x08005b82   0x0000000e   Code   RO         6452    x$fpl$ffixr         fz_wm.l(ffix.o)
    0x08005b90   0x08005b90   0x0000008c   Code   RO         6455    x$fpl$fnaninf       fz_wm.l(fnaninf.o)
    0x08005c1c   0x08005c1c   0x0000000a   Code   RO         6594    x$fpl$fpinit        fz_wm.l(fpinit.o)
    0x08005c26   0x08005c26   0x0000000a   Code   RO         6457    x$fpl$fretinf       fz_wm.l(fretinf.o)
    0x08005c30   0x08005c30   0x00000060   Code   RO         6459    x$fpl$frnd          fz_wm.l(frnd.o)
    0x08005c90   0x08005c90   0x00000000   Code   RO         6463    x$fpl$usenofp       fz_wm.l(usenofp.o)
    0x08005c90   0x08005c90   0x000000a8   Data   RO         2683    .constdata          target.o
    0x08005d38   0x08005d38   0x0000001a   Data   RO         3010    .constdata          bus_spi.o
    0x08005d52   0x08005d52   0x00000016   Data   RO         3492    .constdata          io.o
    0x08005d68   0x08005d68   0x00000003   Data   RO         3957    .constdata          serial.o
    0x08005d6b   0x08005d6b   0x00000001   PAD
    0x08005d6c   0x08005d6c   0x00000028   Data   RO         4045    .constdata          serial_uart.o
    0x08005d94   0x08005d94   0x00000070   Data   RO         4402    .constdata          timer_stm32f4xx.o
    0x08005e04   0x08005e04   0x00000010   Data   RO         4755    .constdata          adc_stm32f4xx.o
    0x08005e14   0x08005e14   0x00000020   Data   RO         4756    .constdata          adc_stm32f4xx.o
    0x08005e34   0x08005e34   0x00000020   Data   RO         6481    .constdata          m_wm.l(rredf.o)
    0x08005e54   0x08005e54   0x0000006a   Data   RO         5019    .conststring        fc_tasks.o
    0x08005ebe   0x08005ebe   0x00000002   PAD
    0x08005ec0   0x08005ec0   0x00000020   Data   RO         6662    Region$$Table       anon$$obj.o


    Execution Region RW_IRAM1 (Exec base: 0x20000000, Load base: 0x08005ee0, Size: 0x000027e0, Max: 0x00020000, ABSOLUTE, COMPRESSED[0x00000148])

    Exec Addr    Load Addr    Size         Type   Attr      Idx    E Section Name        Object

    0x20000000   COMPRESSED   0x00000010   Data   RW          849    .data               stm32f4xx_rcc.o
    0x20000010   COMPRESSED   0x00000001   Data   RW         2356    .data               main.o
    0x20000011   COMPRESSED   0x00000003   PAD
    0x20000014   COMPRESSED   0x00000004   Data   RW         2357    .data               main.o
    0x20000018   COMPRESSED   0x00000014   Data   RW         2644    .data               system_stm32f4xx.o
    0x2000002c   COMPRESSED   0x0000000c   Data   RW         2719    .data               system.o
    0x20000038   COMPRESSED   0x00000010   Data   RW         3011    .data               bus_spi.o
    0x20000048   COMPRESSED   0x0000000c   Data   RW         3091    .data               button.o
    0x20000054   COMPRESSED   0x000001c0   Data   RW         3163    .data               dma_stm32f4xx.o
    0x20000214   COMPRESSED   0x00000007   Data   RW         3298    .data               exti.o
    0x2000021b   COMPRESSED   0x00000001   Data   RW         3619    .data               led.o
    0x2000021c   COMPRESSED   0x00000010   Data   RW         3684    .data               pwm_output.o
    0x2000022c   COMPRESSED   0x0000000c   Data   RW         3789    .data               rx_pwm.o
    0x20000238   COMPRESSED   0x00000004   Data   RW         3896    .data               rxserial3test.o
    0x2000023c   COMPRESSED   0x00000008   Data   RW         3959    .data               serial.o
    0x20000244   COMPRESSED   0x0000047c   Data   RW         4127    .data               serial_uart_stm32f4xx.o
    0x200006c0   COMPRESSED   0x0000047c   Data   RW         4128    .data               serial_uart_stm32f4xx.o
    0x20000b3c   COMPRESSED   0x0000001c   Data   RW         4129    .data               serial_uart_stm32f4xx.o
    0x20000b58   COMPRESSED   0x00000008   Data   RW         4187    .data               sound_beeper.o
    0x20000b60   COMPRESSED   0x00000010   Data   RW         4445    .data               oled.o
    0x20000b70   COMPRESSED   0x00000004   Data   RW         4534    .data               bluetoothserial6.o
    0x20000b74   COMPRESSED   0x00000004   Data   RW         4715    .data               adc.o
    0x20000b78   COMPRESSED   0x0000000c   Data   RW         4795    .data               vnh5019currentsensing.o
    0x20000b84   COMPRESSED   0x0000000c   Data   RW         4865    .data               config.o
    0x20000b90   COMPRESSED   0x000004ac   Data   RW         5028    .data               fc_tasks.o
    0x2000103c   COMPRESSED   0x00000030   Data   RW         5031    .data               fc_tasks.o
    0x2000106c   COMPRESSED   0x00000001   Data   RW         5132    .data               runtime_config.o
    0x2000106d   COMPRESSED   0x00000003   PAD
    0x20001070   COMPRESSED   0x00000008   Data   RW         5133    .data               runtime_config.o
    0x20001078   COMPRESSED   0x00000001   Data   RW         5134    .data               runtime_config.o
    0x20001079   COMPRESSED   0x00000003   PAD
    0x2000107c   COMPRESSED   0x0000003e   Data   RW         5238    .data               imu.o
    0x200010ba   COMPRESSED   0x00000002   PAD
    0x200010bc   COMPRESSED   0x00000004   Data   RW         5377    .data               feature.o
    0x200010c0   COMPRESSED   0x00000008   Data   RW         5458    .data               acceleration.o
    0x200010c8   COMPRESSED   0x00000018   Data   RW         5549    .data               gyro.o
    0x200010e0   COMPRESSED   0x00000001   Data   RW         5667    .data               boardalignment.o
    0x200010e1   COMPRESSED   0x00000003   PAD
    0x200010e4   COMPRESSED   0x00000024   Data   RW         6170    .data               scheduler.o
    0x20001108        -       0x00000010   Zero   RW         2718    .bss                system.o
    0x20001118        -       0x00000040   Zero   RW         3296    .bss                exti.o
    0x20001158        -       0x00000280   Zero   RW         3491    .bss                io.o
    0x200013d8        -       0x00000010   Zero   RW         3618    .bss                led.o
    0x200013e8        -       0x00000028   Zero   RW         3682    .bss                pwm_output.o
    0x20001410        -       0x00000024   Zero   RW         3956    .bss                serial.o
    0x20001434        -       0x000001d1   Zero   RW         4251    .bss                timer.o
    0x20001605        -       0x00000400   Zero   RW         4443    .bss                oled.o
    0x20001a05        -       0x0000000a   Zero   RW         4714    .bss                adc.o
    0x20001a0f   COMPRESSED   0x00000001   PAD
    0x20001a10        -       0x00000038   Zero   RW         4794    .bss                vnh5019currentsensing.o
    0x20001a48        -       0x000003c0   Zero   RW         4864    .bss                config.o
    0x20001e08        -       0x00000030   Zero   RW         5237    .bss                imu.o
    0x20001e38        -       0x000000a0   Zero   RW         5457    .bss                acceleration.o
    0x20001ed8        -       0x00000208   Zero   RW         5547    .bss                gyro.o
    0x200020e0        -       0x00000024   Zero   RW         5666    .bss                boardalignment.o
    0x20002104        -       0x0000001c   Zero   RW         5692    .bss                compass.o
    0x20002120        -       0x00000060   Zero   RW         6169    .bss                scheduler.o
    0x20002180        -       0x00000060   Zero   RW         6514    .bss                c_w.l(libspace.o)
    0x200021e0        -       0x00000200   Zero   RW            2    HEAP                startup_stm32f407xx.o
    0x200023e0        -       0x00000400   Zero   RW            1    STACK               startup_stm32f407xx.o


==============================================================================

Image component sizes


      Code (inc. data)   RO Data    RW Data    ZI Data      Debug   Object Name

       424         48          0          8        160       8040   acceleration.o
         0          0          0          0          0       3176   accgyro_mpu.o
         0          0          0          0          0       1664   accgyro_spi_mpu9250.o
        64         14          0          4         10       2567   adc.o
       472         30         48          0          0       3747   adc_stm32f4xx.o
        64         16          0          4          0       1699   bluetoothserial6.o
       264         18          0          1         36       3179   boardalignment.o
       306         24         26         16          0       3174   bus_spi.o
        36          4          0         12          0       2855   button.o
         0          0          0          0         28       1130   compass.o
      1458         84          0         12        960      14855   config.o
        30          4          0          0          0        978   config_eeprom.o
       412         94          0        448          0      11209   dma_stm32f4xx.o
       132         16          0          7         64       5459   exti.o
       548         68        106       1244          0      10783   fc_tasks.o
       106         30          0          4          0       4415   feature.o
       358         14          0          0          0       3841   filter.o
         0          0          0          0          0       3258   gps.o
       640         62          0         24        520       7531   gyro.o
      1552        138          0         62         48      11274   imu.o
       434         38         22          0        640      15172   io.o
       176         16          0          1         16       1951   led.o
       458         62          0          5          0      64260   main.o
       364         66          0          0          0       6031   maths.o
       120         14          0          0          0     327499   misc.o
       632         34          0         16       1024       4666   oled.o
       364         16          0         16         40       5790   pwm_output.o
        72          0          0          0          0       1278   rcc.o
        20          4          0         10          0        907   runtime_config.o
       184         10          0         12          0       3654   rx_pwm.o
        44          4          0          4          0       1124   rxserial3test.o
       760         80          0         36         96       9972   scheduler.o
       270         40          3          8         36       8734   serial.o
       758         10         40          0          0       8829   serial_uart.o
       548         32          0       2324          0       5777   serial_uart_stm32f4xx.o
        88         12          0          8          0       2230   sound_beeper.o
        64         26        392          0       1536        880   startup_stm32f407xx.o
       338         20          0          0          0       7075   stm32f4xx_adc.o
       494         24          0          0          0       6709   stm32f4xx_dma.o
       212          0          0          0          0       2505   stm32f4xx_gpio.o
       328         58          0         16          0       8151   stm32f4xx_rcc.o
       208         24          0          0          0       2654   stm32f4xx_spi.o
      1096         60          0          0          0      16347   stm32f4xx_tim.o
       358          8          0          0          0       6542   stm32f4xx_usart.o
       290         38          0         12         16       6942   system.o
       272         36          0         20          0       2061   system_stm32f4xx.o
         0          0        168          0          0       2267   target.o
       564         68          0          0        465      10009   timer.o
         0          0        112          0          0       2227   timer_stm32f4xx.o
       236         38          0         12         56       4322   vnh5019currentsensing.o

    ----------------------------------------------------------------------
     16654       1502        952       4360       5752     651399   Object Totals
         0          0         32          0          0          0   (incl. Generated)
        36          0          3         14          1          0   (incl. Padding)

    ----------------------------------------------------------------------

      Code (inc. data)   RO Data    RW Data    ZI Data      Debug   Library Member Name

        90          0          0          0          0          0   __dczerorl2.o
         8          0          0          0          0         68   __main.o
       104          0          0          0          0         84   __printf.o
         0          0          0          0          0          0   __rtentry.o
        12          0          0          0          0          0   __rtentry2.o
         6          0          0          0          0          0   __rtentry4.o
        52          8          0          0          0          0   __scatter.o
        28          0          0          0          0          0   __scatter_zi.o
        44          0          0          0          0        108   _printf_char.o
        48          6          0          0          0         96   _printf_char_common.o
        36          4          0          0          0         80   _printf_char_file.o
         6          0          0          0          0          0   _printf_d.o
       120         16          0          0          0         92   _printf_dec.o
       178          0          0          0          0         88   _printf_intcommon.o
         0          0          0          0          0          0   _printf_percent.o
         4          0          0          0          0          0   _printf_percent_end.o
         6          0          0          0          0          0   _printf_s.o
        82          0          0          0          0         80   _printf_str.o
         6          0          0          0          0          0   _printf_u.o
        22          0          0          0          0        100   _rserrno.o
        16          0          0          0          0         68   aeabi_memset.o
        18          0          0          0          0         80   exit.o
         8          0          0          0          0         68   ferror.o
         6          0          0          0          0        152   heapauxi.o
         0          0          0          0          0          0   indicate_semi.o
         2          0          0          0          0          0   libinit.o
         6          0          0          0          0          0   libinit2.o
         2          0          0          0          0          0   libshutdown.o
         2          0          0          0          0          0   libshutdown2.o
         8          4          0          0         96         68   libspace.o
        24          4          0          0          0         84   noretval__2printf.o
         8          4          0          0          0         68   rt_errno_addr_intlibspace.o
        68          0          0          0          0         68   rt_memclr.o
        78          0          0          0          0         80   rt_memclr_w.o
       100          0          0          0          0         80   rt_memcpy_w.o
       122          0          0          0          0         80   rt_memmove_w.o
         2          0          0          0          0          0   rtexit.o
        10          0          0          0          0          0   rtexit2.o
        86          0          0          0          0         76   strncpy.o
        12          4          0          0          0         68   sys_exit.o
        74          0          0          0          0         80   sys_stackheap_outer.o
         2          0          0          0          0         68   use_no_semi.o
        98          4          0          0          0        140   d2f.o
       804         16          0          0          0        368   daddsub_clz.o
        24          0          0          0          0        116   dcmpi.o
       688        140          0          0          0        256   ddiv.o
        94          4          0          0          0        140   dfix.o
        46          0          0          0          0        116   dflt_clz.o
       120          4          0          0          0        140   dleqf.o
       156          4          0          0          0        140   dnaninf.o
        12          0          0          0          0        116   dretinf.o
       108          0          0          0          0        128   drleqf.o
       180          4          0          0          0        128   drnd.o
        86          4          0          0          0        132   f2d.o
        14          0          0          0          0        116   ffix.o
       140          4          0          0          0        132   fnaninf.o
        10          0          0          0          0        116   fpinit.o
        10          0          0          0          0        116   fretinf.o
        96          4          0          0          0        124   frnd.o
         0          0          0          0          0          0   usenofp.o
       280         46          0          0          0        176   acosf.o
       592         90          0          0          0        184   atan2f.o
       336         56          0          0          0        136   cosf.o
        38          0          0          0          0        116   fpclassifyf.o
        44         12          0          0          0        464   funder.o
        72          0          0          0          0        136   lrintf.o
       224         30          0          0          0        172   round.o
       340         24         32          0          0        160   rredf.o
       400         56          0          0          0        212   sinf.o
       120          0          0          0          0        272   sqrtf.o

    ----------------------------------------------------------------------
      6650        552         32          0         96       6536   Library Totals
        12          0          0          0          0          0   (incl. Padding)

    ----------------------------------------------------------------------

      Code (inc. data)   RO Data    RW Data    ZI Data      Debug   Library Name

      1506         50          0          0         96       1984   c_w.l
      2686        188          0          0          0       2524   fz_wm.l
      2446        314         32          0          0       2028   m_wm.l

    ----------------------------------------------------------------------
      6650        552         32          0         96       6536   Library Totals

    ----------------------------------------------------------------------

==============================================================================


      Code (inc. data)   RO Data    RW Data    ZI Data      Debug   

     23304       2054        984       4360       5848     629795   Grand Totals
     23304       2054        984        328       5848     629795   ELF Image Totals (compressed)
     23304       2054        984        328          0          0   ROM Totals

==============================================================================

    Total RO  Size (Code + RO Data)                24288 (  23.72kB)
    Total RW  Size (RW Data + ZI Data)             10208 (   9.97kB)
    Total ROM Size (Code + RO Data + RW Data)      24616 (  24.04kB)

==============================================================================

