Component: ARM Compiler 5.06 update 5 (build 528) Tool: armlink [4d35e2]

==============================================================================

Section Cross References

    startup_stm32f407xx.o(STACK) refers (Special) to heapauxi.o(.text) for __use_two_region_memory
    startup_stm32f407xx.o(HEAP) refers (Special) to heapauxi.o(.text) for __use_two_region_memory
    startup_stm32f407xx.o(RESET) refers (Special) to heapauxi.o(.text) for __use_two_region_memory
    startup_stm32f407xx.o(RESET) refers to startup_stm32f407xx.o(STACK) for __initial_sp
    startup_stm32f407xx.o(RESET) refers to startup_stm32f407xx.o(.text) for Reset_Handler
    startup_stm32f407xx.o(RESET) refers to system.o(i.SysTick_Handler) for SysTick_Handler
    startup_stm32f407xx.o(RESET) refers to exti.o(i.EXTI0_IRQHandler) for EXTI0_IRQHandler
    startup_stm32f407xx.o(RESET) refers to exti.o(i.EXTI1_IRQHandler) for EXTI1_IRQHandler
    startup_stm32f407xx.o(RESET) refers to exti.o(i.EXTI2_IRQHandler) for EXTI2_IRQHandler
    startup_stm32f407xx.o(RESET) refers to exti.o(i.EXTI3_IRQHandler) for EXTI3_IRQHandler
    startup_stm32f407xx.o(RESET) refers to exti.o(i.EXTI4_IRQHandler) for EXTI4_IRQHandler
    startup_stm32f407xx.o(RESET) refers to dma_stm32f4xx.o(i.DMA1_Stream0_IRQHandler) for DMA1_Stream0_IRQHandler
    startup_stm32f407xx.o(RESET) refers to dma_stm32f4xx.o(i.DMA1_Stream1_IRQHandler) for DMA1_Stream1_IRQHandler
    startup_stm32f407xx.o(RESET) refers to dma_stm32f4xx.o(i.DMA1_Stream2_IRQHandler) for DMA1_Stream2_IRQHandler
    startup_stm32f407xx.o(RESET) refers to dma_stm32f4xx.o(i.DMA1_Stream3_IRQHandler) for DMA1_Stream3_IRQHandler
    startup_stm32f407xx.o(RESET) refers to dma_stm32f4xx.o(i.DMA1_Stream4_IRQHandler) for DMA1_Stream4_IRQHandler
    startup_stm32f407xx.o(RESET) refers to dma_stm32f4xx.o(i.DMA1_Stream5_IRQHandler) for DMA1_Stream5_IRQHandler
    startup_stm32f407xx.o(RESET) refers to dma_stm32f4xx.o(i.DMA1_Stream6_IRQHandler) for DMA1_Stream6_IRQHandler
    startup_stm32f407xx.o(RESET) refers to exti.o(i.EXTI9_5_IRQHandler) for EXTI9_5_IRQHandler
    startup_stm32f407xx.o(RESET) refers to timer.o(i.TIM1_CC_IRQHandler) for TIM1_CC_IRQHandler
    startup_stm32f407xx.o(RESET) refers to timer.o(i.TIM2_IRQHandler) for TIM2_IRQHandler
    startup_stm32f407xx.o(RESET) refers to timer.o(i.TIM3_IRQHandler) for TIM3_IRQHandler
    startup_stm32f407xx.o(RESET) refers to timer.o(i.TIM4_IRQHandler) for TIM4_IRQHandler
    startup_stm32f407xx.o(RESET) refers to serial_uart_stm32f4xx.o(i.USART1_IRQHandler) for USART1_IRQHandler
    startup_stm32f407xx.o(RESET) refers to serial_uart_stm32f4xx.o(i.USART3_IRQHandler) for USART3_IRQHandler
    startup_stm32f407xx.o(RESET) refers to exti.o(i.EXTI15_10_IRQHandler) for EXTI15_10_IRQHandler
    startup_stm32f407xx.o(RESET) refers to dma_stm32f4xx.o(i.DMA1_Stream7_IRQHandler) for DMA1_Stream7_IRQHandler
    startup_stm32f407xx.o(RESET) refers to timer.o(i.TIM5_IRQHandler) for TIM5_IRQHandler
    startup_stm32f407xx.o(RESET) refers to dma_stm32f4xx.o(i.DMA2_Stream0_IRQHandler) for DMA2_Stream0_IRQHandler
    startup_stm32f407xx.o(RESET) refers to dma_stm32f4xx.o(i.DMA2_Stream1_IRQHandler) for DMA2_Stream1_IRQHandler
    startup_stm32f407xx.o(RESET) refers to dma_stm32f4xx.o(i.DMA2_Stream2_IRQHandler) for DMA2_Stream2_IRQHandler
    startup_stm32f407xx.o(RESET) refers to dma_stm32f4xx.o(i.DMA2_Stream3_IRQHandler) for DMA2_Stream3_IRQHandler
    startup_stm32f407xx.o(RESET) refers to dma_stm32f4xx.o(i.DMA2_Stream4_IRQHandler) for DMA2_Stream4_IRQHandler
    startup_stm32f407xx.o(RESET) refers to dma_stm32f4xx.o(i.DMA2_Stream5_IRQHandler) for DMA2_Stream5_IRQHandler
    startup_stm32f407xx.o(RESET) refers to dma_stm32f4xx.o(i.DMA2_Stream6_IRQHandler) for DMA2_Stream6_IRQHandler
    startup_stm32f407xx.o(RESET) refers to dma_stm32f4xx.o(i.DMA2_Stream7_IRQHandler) for DMA2_Stream7_IRQHandler
    startup_stm32f407xx.o(RESET) refers to serial_uart_stm32f4xx.o(i.USART6_IRQHandler) for USART6_IRQHandler
    startup_stm32f407xx.o(.text) refers (Special) to heapauxi.o(.text) for __use_two_region_memory
    startup_stm32f407xx.o(.text) refers to system_stm32f4xx.o(i.SystemInit) for SystemInit
    startup_stm32f407xx.o(.text) refers to __main.o(!!!main) for __main
    startup_stm32f407xx.o(.text) refers to startup_stm32f407xx.o(HEAP) for Heap_Mem
    startup_stm32f407xx.o(.text) refers to startup_stm32f407xx.o(STACK) for Stack_Mem
    stm32f4xx_flash.o(i.FLASH_EraseAllBank1Sectors) refers to stm32f4xx_flash.o(i.FLASH_WaitForLastOperation) for FLASH_WaitForLastOperation
    stm32f4xx_flash.o(i.FLASH_EraseAllBank2Sectors) refers to stm32f4xx_flash.o(i.FLASH_WaitForLastOperation) for FLASH_WaitForLastOperation
    stm32f4xx_flash.o(i.FLASH_EraseAllSectors) refers to stm32f4xx_flash.o(i.FLASH_WaitForLastOperation) for FLASH_WaitForLastOperation
[...]
    IO_GPIOPinIdx                            0x08000e5f   Thumb Code    20  io.o(i.IO_GPIOPinIdx)
    IO_GPIOPortIdx                           0x08000e75   Thumb Code    18  io.o(i.IO_GPIOPortIdx)
    IO_GPIO_PinSource                        0x08000e8d   Thumb Code     4  io.o(i.IO_GPIO_PinSource)
    LedInit                                  0x08000e91   Thumb Code   128  led.o(i.LedInit)
    LedSet                                   0x08000f19   Thumb Code    32  led.o(i.LedSet)
    NVIC_Init                                0x08000f41   Thumb Code    96  misc.o(i.NVIC_Init)
    NVIC_PriorityGroupConfig                 0x08000fa5   Thumb Code    10  misc.o(i.NVIC_PriorityGroupConfig)
    OLED_Clear                               0x08000fb9   Thumb Code    40  oled.o(i.OLED_Clear)
    OLED_DrawPoint                           0x08000fe5   Thumb Code    54  oled.o(i.OLED_DrawPoint)
    OLED_Refresh_Gram                        0x08001021   Thumb Code    70  oled.o(i.OLED_Refresh_Gram)
    OLED_ShowChar                            0x0800106d   Thumb Code   134  oled.o(i.OLED_ShowChar)
    OLED_ShowNumber                          0x080010fd   Thumb Code   120  oled.o(i.OLED_ShowNumber)
    OLED_ShowString                          0x08001175   Thumb Code    62  oled.o(i.OLED_ShowString)
    OLED_WR_Byte                             0x080011b5   Thumb Code   110  oled.o(i.OLED_WR_Byte)
    RCC_AHB1PeriphClockCmd                   0x08001229   Thumb Code    18  stm32f4xx_rcc.o(i.RCC_AHB1PeriphClockCmd)
    RCC_AHB1PeriphResetCmd                   0x08001241   Thumb Code    18  stm32f4xx_rcc.o(i.RCC_AHB1PeriphResetCmd)
    RCC_AHB2PeriphClockCmd                   0x08001259   Thumb Code    18  stm32f4xx_rcc.o(i.RCC_AHB2PeriphClockCmd)
    RCC_APB1PeriphClockCmd                   0x08001271   Thumb Code    18  stm32f4xx_rcc.o(i.RCC_APB1PeriphClockCmd)
    RCC_APB1PeriphResetCmd                   0x08001289   Thumb Code    18  stm32f4xx_rcc.o(i.RCC_APB1PeriphResetCmd)
    RCC_APB2PeriphClockCmd                   0x080012a1   Thumb Code    18  stm32f4xx_rcc.o(i.RCC_APB2PeriphClockCmd)
    RCC_APB2PeriphResetCmd                   0x080012b9   Thumb Code    18  stm32f4xx_rcc.o(i.RCC_APB2PeriphResetCmd)
    RCC_ClearFlag                            0x080012d1   Thumb Code    12  stm32f4xx_rcc.o(i.RCC_ClearFlag)
    RCC_ClockCmd                             0x080012e1   Thumb Code    36  rcc.o(i.RCC_ClockCmd)
    RCC_GetClocksFreq                        0x08001305   Thumb Code   132  stm32f4xx_rcc.o(i.RCC_GetClocksFreq)
    RCC_ResetCmd                             0x08001395   Thumb Code    36  rcc.o(i.RCC_ResetCmd)
    Read_Encoder                             0x080013b9   Thumb Code    44  fc_tasks.o(i.Read_Encoder)
    ResetBeeperConfig                        0x080013ed   Thumb Code    12  config.o(i.ResetBeeperConfig)
    ResetLedStatusConfig                     0x080013f9   Thumb Code    32  config.o(i.ResetLedStatusConfig)
    ResetRollAndPitchTrims                   0x08001419   Thumb Code     8  acceleration.o(i.ResetRollAndPitchTrims)
    ResetSerialConfig                        0x08001421   Thumb Code    54  config.o(i.ResetSerialConfig)
    ResetSerialPinConfig                     0x0800145d   Thumb Code    94  config.o(i.ResetSerialPinConfig)
    SPI_Cmd                                  0x080014c1   Thumb Code    20  stm32f4xx_spi.o(i.SPI_Cmd)
    SPI_I2S_DeInit                           0x080014d5   Thumb Code   108  stm32f4xx_spi.o(i.SPI_I2S_DeInit)
    SPI_Init                                 0x08001559   Thumb Code    56  stm32f4xx_spi.o(i.SPI_Init)
    SetSysClock                              0x08001591   Thumb Code   162  system_stm32f4xx.o(i.SetSysClock)
    SysTick_Handler                          0x08001645   Thumb Code    30  system.o(i.SysTick_Handler)
    SysTick_Init                             0x08001669   Thumb Code    24  system.o(i.SysTick_Init)
    SystemInit                               0x0800168d   Thumb Code    74  system_stm32f4xx.o(i.SystemInit)
    TIM1_CC_IRQHandler                       0x0800174d   Thumb Code     8  timer.o(i.TIM1_CC_IRQHandler)
    TIM2_IRQHandler                          0x0800175d   Thumb Code    10  timer.o(i.TIM2_IRQHandler)
    TIM3_IRQHandler                          0x0800176d   Thumb Code     8  timer.o(i.TIM3_IRQHandler)
    TIM4_IRQHandler                          0x0800177d   Thumb Code     8  timer.o(i.TIM4_IRQHandler)
    TIM5_IRQHandler                          0x0800178d   Thumb Code     8  timer.o(i.TIM5_IRQHandler)
    TIM_Cmd                                  0x0800179d   Thumb Code    20  stm32f4xx_tim.o(i.TIM_Cmd)
    TIM_CtrlPWMOutputs                       0x080017b1   Thumb Code    22  stm32f4xx_tim.o(i.TIM_CtrlPWMOutputs)
    TIM_ICInit                               0x080017c7   Thumb Code   172  stm32f4xx_tim.o(i.TIM_ICInit)
    TIM_ICStructInit                         0x08001873   Thumb Code    16  stm32f4xx_tim.o(i.TIM_ICStructInit)
    TIM_OC1Init                              0x08001885   Thumb Code    88  stm32f4xx_tim.o(i.TIM_OC1Init)
    TIM_OC1PreloadConfig                     0x080018e5   Thumb Code    12  stm32f4xx_tim.o(i.TIM_OC1PreloadConfig)
    TIM_OC2Init                              0x080018f1   Thumb Code   120  stm32f4xx_tim.o(i.TIM_OC2Init)
    TIM_OC2PreloadConfig                     0x08001971   Thumb Code    20  stm32f4xx_tim.o(i.TIM_OC2PreloadConfig)
    TIM_OC3Init                              0x08001985   Thumb Code   116  stm32f4xx_tim.o(i.TIM_OC3Init)
    TIM_OC3PreloadConfig                     0x08001a01   Thumb Code    12  stm32f4xx_tim.o(i.TIM_OC3PreloadConfig)
    TIM_OC4Init                              0x08001a0d   Thumb Code    88  stm32f4xx_tim.o(i.TIM_OC4Init)
    TIM_OC4PreloadConfig                     0x08001a6d   Thumb Code    20  stm32f4xx_tim.o(i.TIM_OC4PreloadConfig)
    TIM_OCStructInit                         0x08001a81   Thumb Code    20  stm32f4xx_tim.o(i.TIM_OCStructInit)
    TIM_SelectSlaveMode                      0x08001a95   Thumb Code    16  stm32f4xx_tim.o(i.TIM_SelectSlaveMode)
    TIM_SetIC1Prescaler                      0x08001aa5   Thumb Code    16  stm32f4xx_tim.o(i.TIM_SetIC1Prescaler)
    TIM_SetIC2Prescaler                      0x08001ab5   Thumb Code    24  stm32f4xx_tim.o(i.TIM_SetIC2Prescaler)
    TIM_SetIC3Prescaler                      0x08001acd   Thumb Code    16  stm32f4xx_tim.o(i.TIM_SetIC3Prescaler)
    TIM_SetIC4Prescaler                      0x08001add   Thumb Code    24  stm32f4xx_tim.o(i.TIM_SetIC4Prescaler)
    TIM_TimeBaseInit                         0x08001af5   Thumb Code    96  stm32f4xx_tim.o(i.TIM_TimeBaseInit)
    TIM_TimeBaseStructInit                   0x08001b71   Thumb Code    18  stm32f4xx_tim.o(i.TIM_TimeBaseStructInit)
    USART1_IRQHandler                        0x08001b85   Thumb Code    10  serial_uart_stm32f4xx.o(i.USART1_IRQHandler)
    USART3_IRQHandler                        0x08001b95   Thumb Code    10  serial_uart_stm32f4xx.o(i.USART3_IRQHandler)
    USART6_IRQHandler                        0x08001ba5   Thumb Code    10  serial_uart_stm32f4xx.o(i.USART6_IRQHandler)
    USART_ClearITPendingBit                  0x08001bb5   Thumb Code    12  stm32f4xx_usart.o(i.USART_ClearITPendingBit)
    USART_Cmd                                0x08001bc1   Thumb Code    20  stm32f4xx_usart.o(i.USART_Cmd)
    USART_DMACmd                             0x08001bd5   Thumb Code    16  stm32f4xx_usart.o(i.USART_DMACmd)
    USART_GetITStatus                        0x08001be5   Thumb Code    62  stm32f4xx_usart.o(i.USART_GetITStatus)
    USART_HalfDuplexCmd                      0x08001c23   Thumb Code    20  stm32f4xx_usart.o(i.USART_HalfDuplexCmd)
    USART_ITConfig                           0x08001c37   Thumb Code    48  stm32f4xx_usart.o(i.USART_ITConfig)
    USART_Init                               0x08001c69   Thumb Code   164  stm32f4xx_usart.o(i.USART_Init)
    USART_SendData                           0x08001d15   Thumb Code     8  stm32f4xx_usart.o(i.USART_SendData)
    __ARM_fpclassifyf                        0x08001d1d   Thumb Code    38  fpclassifyf.o(i.__ARM_fpclassifyf)
    __hardfp_acosf                           0x08001d45   Thumb Code   234  acosf.o(i.__hardfp_acosf)
    __hardfp_atan2f                          0x08001e5d   Thumb Code   502  atan2f.o(i.__hardfp_atan2f)
    __hardfp_cosf                            0x080020ad   Thumb Code   280  cosf.o(i.__hardfp_cosf)
    __hardfp_lrintf                          0x080021fd   Thumb Code    72  lrintf.o(i.__hardfp_lrintf)
    __hardfp_round                           0x08002249   Thumb Code   194  round.o(i.__hardfp_round)
    __hardfp_sinf                            0x08002329   Thumb Code   344  sinf.o(i.__hardfp_sinf)
    __hardfp_sqrtf                           0x080024b9   Thumb Code    58  sqrtf.o(i.__hardfp_sqrtf)
    __mathlib_flt_infnan                     0x080024f3   Thumb Code     6  funder.o(i.__mathlib_flt_infnan)
    __mathlib_flt_infnan2                    0x080024f9   Thumb Code     6  funder.o(i.__mathlib_flt_infnan2)
    __mathlib_flt_invalid                    0x08002501   Thumb Code    10  funder.o(i.__mathlib_flt_invalid)
    __mathlib_flt_underflow                  0x08002511   Thumb Code    10  funder.o(i.__mathlib_flt_underflow)
    __mathlib_rredf2                         0x08002521   Thumb Code   316  rredf.o(i.__mathlib_rredf2)
    accSetCalibrationCycles                  0x08002675   Thumb Code     6  acceleration.o(i.accSetCalibrationCycles)
    accUpdate                                0x08002681   Thumb Code   158  acceleration.o(i.accUpdate)
    activateConfig                           0x08002729   Thumb Code    38  config.o(i.activateConfig)
    alignSensors                             0x080027f5   Thumb Code   104  boardalignment.o(i.alignSensors)
    beeperInit                               0x08002861   Thumb Code    58  sound_beeper.o(i.beeperInit)
    biquadFilterApply                        0x080028a1   Thumb Code    66  filter.o(i.biquadFilterApply)
    biquadFilterInit                         0x080028e5   Thumb Code   226  filter.o(i.biquadFilterInit)
    biquadFilterInitLPF                      0x080029d5   Thumb Code    52  filter.o(i.biquadFilterInitLPF)
    bluetoothSerial6Init                     0x08002a09   Thumb Code    40  bluetoothserial6.o(i.bluetoothSerial6Init)
    calculateAccZLowPassFilterRCTimeConstant 0x08002a35   Thumb Code    18  imu.o(i.calculateAccZLowPassFilterRCTimeConstant)
    calculateThrottleAngleScale              0x08002a4d   Thumb Code    26  imu.o(i.calculateThrottleAngleScale)
    checkEEPROMContainsValidData             0x08002a71   Thumb Code     4  config.o(i.checkEEPROMContainsValidData)
    configTimeBase4Encoder                   0x08002a75   Thumb Code    44  timer.o(i.configTimeBase4Encoder)
    cosApprox                                0x08002ab1   Thumb Code    12  maths.o(i.cosApprox)
    createDefaultConfig                      0x08002ac1   Thumb Code   474  config.o(i.createDefaultConfig)
    dcBrushedMotorInit                       0x08002cad   Thumb Code   334  pwm_output.o(i.dcBrushedMotorInit)
    degreesToRadians                         0x08002e05   Thumb Code    18  maths.o(i.degreesToRadians)
    delay                                    0x08002e1d   Thumb Code    22  system.o(i.delay)
    delayMicroseconds                        0x08002e35   Thumb Code    24  system.o(i.delayMicroseconds)
    devClear                                 0x08002e4d   Thumb Code     6  maths.o(i.devClear)
    devPush                                  0x08002e55   Thumb Code    82  maths.o(i.devPush)
    devStandardDeviation                     0x08002ead   Thumb Code    14  maths.o(i.devStandardDeviation)
    devVariance                              0x08002ebd   Thumb Code    32  maths.o(i.devVariance)
    fcTasksInit                              0x08002ee1   Thumb Code    18  fc_tasks.o(i.fcTasksInit)
    featureClear                             0x08002ef5   Thumb Code    10  feature.o(i.featureClear)
    featureConfigured                        0x08002f05   Thumb Code    16  feature.o(i.featureConfigured)
    featureSet                               0x08002f19   Thumb Code    10  feature.o(i.featureSet)
    findNextSerialPortConfig                 0x08002f29   Thumb Code    36  serial.o(i.findNextSerialPortConfig)
    findSerialPortConfig                     0x08002f51   Thumb Code    10  serial.o(i.findSerialPortConfig)
    findSerialPortIndexByIdentifier          0x08002f61   Thumb Code    24  serial.o(i.findSerialPortIndexByIdentifier)
    findSerialPortUsageByIdentifier          0x08002f7d   Thumb Code    36  serial.o(i.findSerialPortUsageByIdentifier)
    fputc                                    0x08002fa5   Thumb Code    14  main.o(i.fputc)
    gyroSetCalibrationCycles                 0x08002fd9   Thumb Code    12  gyro.o(i.gyroSetCalibrationCycles)
    gyroUpdate                               0x08002fe9   Thumb Code   310  gyro.o(i.gyroUpdate)
    hcsr04_ultrasound1_get_distance          0x0800313d   Thumb Code    12  ultrasound_hcsr04.o(i.hcsr04_ultrasound1_get_distance)
    hcsr04_ultrasound1_start_sequence        0x0800314d   Thumb Code    42  ultrasound_hcsr04.o(i.hcsr04_ultrasound1_start_sequence)
    hcsr04_ultrasound2_get_distance          0x0800317d   Thumb Code    12  ultrasound_hcsr04.o(i.hcsr04_ultrasound2_get_distance)
    hcsr04_ultrasound2_start_sequence        0x0800318d   Thumb Code    42  ultrasound_hcsr04.o(i.hcsr04_ultrasound2_start_sequence)
    hcsr04_ultrasound3_get_distance          0x080031bd   Thumb Code    12  ultrasound_hcsr04.o(i.hcsr04_ultrasound3_get_distance)
    hcsr04_ultrasound3_start_sequence        0x080031cd   Thumb Code    46  ultrasound_hcsr04.o(i.hcsr04_ultrasound3_start_sequence)
    hcsr04_ultrasound4_get_distance          0x08003201   Thumb Code    12  ultrasound_hcsr04.o(i.hcsr04_ultrasound4_get_distance)
    hcsr04_ultrasound4_start_sequence        0x08003211   Thumb Code    46  ultrasound_hcsr04.o(i.hcsr04_ultrasound4_start_sequence)
    hcsr04_ultrasound5_get_distance          0x08003245   Thumb Code    12  ultrasound_hcsr04.o(i.hcsr04_ultrasound5_get_distance)
    hcsr04_ultrasound5_start_sequence        0x08003255   Thumb Code    46  ultrasound_hcsr04.o(i.hcsr04_ultrasound5_start_sequence)
    hcsr04_ultrasound6_get_distance          0x08003289   Thumb Code    12  ultrasound_hcsr04.o(i.hcsr04_ultrasound6_get_distance)
    hcsr04_ultrasound6_start_sequence        0x08003299   Thumb Code    46  ultrasound_hcsr04.o(i.hcsr04_ultrasound6_start_sequence)
    imuConfigure                             0x08003461   Thumb Code    80  imu.o(i.imuConfigure)
    imuInit                                  0x080034bd   Thumb Code    60  imu.o(i.imuInit)
    initEEPROM                               0x08003861   Thumb Code     2  config_eeprom.o(i.initEEPROM)
    intFeatureClearAll                       0x08003863   Thumb Code     6  feature.o(i.intFeatureClearAll)
    intFeatureSet                            0x08003869   Thumb Code     8  feature.o(i.intFeatureSet)
    isAccelerationCalibrationComplete        0x08003885   Thumb Code    14  acceleration.o(i.isAccelerationCalibrationComplete)
    isGyroCalibrationComplete                0x08003899   Thumb Code    14  gyro.o(i.isGyroCalibrationComplete)
    isUartTransmitBufferEmpty                0x080038bd   Thumb Code    26  serial_uart.o(i.isUartTransmitBufferEmpty)
    latchActiveFeatures                      0x080038d9   Thumb Code    10  feature.o(i.latchActiveFeatures)
    limitMotorPwm                            0x080038ed   Thumb Code    42  fc_tasks.o(i.limitMotorPwm)
    main                                     0x08003919   Thumb Code   194  main.o(i.main)
    micros                                   0x080039e9   Thumb Code    74  system.o(i.micros)
    microsISR                                0x08003a3d   Thumb Code    72  system.o(i.microsISR)
    millis                                   0x08003a89   Thumb Code     6  system.o(i.millis)
    modeSwitchBtnPollInit                    0x08003a95   Thumb Code    32  button.o(i.modeSwitchBtnPollInit)
    oledInit                                 0x08003ab9   Thumb Code   378  oled.o(i.oledInit)
    oled_pow                                 0x08003c45   Thumb Code    22  oled.o(i.oled_pow)
    openSerialPort                           0x08003c5d   Thumb Code    94  serial.o(i.openSerialPort)
    pwmEncoderICConfig                       0x08003e25   Thumb Code    70  rx_pwm.o(i.pwmEncoderICConfig)
    pwmEncoderInit                           0x08003e71   Thumb Code   104  rx_pwm.o(i.pwmEncoderInit)
    pwmWriteDcBrushedMotor                   0x08003edd   Thumb Code    14  pwm_output.o(i.pwmWriteDcBrushedMotor)
    queueAdd                                 0x08003ef1   Thumb Code    86  scheduler.o(i.queueAdd)
    queueClear                               0x08003f51   Thumb Code    20  scheduler.o(i.queueClear)
    queueContains                            0x08003f6d   Thumb Code    34  scheduler.o(i.queueContains)
    queueFirst                               0x08003f99   Thumb Code    12  scheduler.o(i.queueFirst)
    queueNext                                0x08003fad   Thumb Code    16  scheduler.o(i.queueNext)
    queueRemove                              0x08003fc5   Thumb Code    54  scheduler.o(i.queueRemove)
    readEEPROM                               0x08004005   Thumb Code    24  config_eeprom.o(i.readEEPROM)
    resetEEPROM                              0x08004021   Thumb Code    18  config.o(i.resetEEPROM)
    rxSerial3TestInit                        0x08004039   Thumb Code    40  rxserial3test.o(i.rxSerial3TestInit)
    rxSerial3TestWrite                       0x08004065   Thumb Code    10  rxserial3test.o(i.rxSerial3TestWrite)
    scheduler                                0x08004075   Thumb Code   364  scheduler.o(i.scheduler)
    schedulerInit                            0x080041e5   Thumb Code    22  scheduler.o(i.schedulerInit)
    sensors                                  0x08004205   Thumb Code    16  runtime_config.o(i.sensors)
    serialInit                               0x08004219   Thumb Code    38  serial.o(i.serialInit)
    serialUART                               0x0800424d   Thumb Code   264  serial_uart_stm32f4xx.o(i.serialUART)
    serialUART1                              0x0800435d   Thumb Code    12  serial_uart_stm32f4xx.o(i.serialUART1)
    serialUART3                              0x08004369   Thumb Code    12  serial_uart_stm32f4xx.o(i.serialUART3)
    serialUART6                              0x08004375   Thumb Code    12  serial_uart_stm32f4xx.o(i.serialUART6)
    serialWrite                              0x08004381   Thumb Code     6  serial.o(i.serialWrite)
    setAccelerationFilter                    0x08004389   Thumb Code    58  acceleration.o(i.setAccelerationFilter)
    setAccelerationTrims                     0x080043cd   Thumb Code     6  acceleration.o(i.setAccelerationTrims)
    setProfile                               0x080043d9   Thumb Code    42  config.o(i.setProfile)
    setTaskEnabled                           0x0800440d   Thumb Code    44  scheduler.o(i.setTaskEnabled)
    sinApprox                                0x08004441   Thumb Code   134  maths.o(i.sinApprox)
    spiInit                                  0x080044f5   Thumb Code    26  bus_spi.o(i.spiInit)
    spiInitDevice                            0x08004511   Thumb Code   258  bus_spi.o(i.spiInitDevice)
    sqrtf                                    0x08004629   Thumb Code    62  sqrtf.o(i.sqrtf)
    systemBeep                               0x08004669   Thumb Code    18  sound_beeper.o(i.systemBeep)
    systemInit                               0x08004681   Thumb Code    70  main.o(i.systemInit)
    targetConfiguration                      0x080046d1   Thumb Code   314  config.o(i.targetConfiguration)
    taskIMUUpdateAttitude                    0x0800480d   Thumb Code    40  imu.o(i.taskIMUUpdateAttitude)
    taskSystem                               0x08004ae1   Thumb Code    28  scheduler.o(i.taskSystem)
    timerChCCR                               0x08004beb   Thumb Code    10  timer.o(i.timerChCCR)
    timerGetByTag                            0x08004bf5   Thumb Code    54  timer.o(i.timerGetByTag)
    timerInit                                0x08004c31   Thumb Code   120  timer.o(i.timerInit)
    timerOCInit                              0x08004cb5   Thumb Code    40  timer.o(i.timerOCInit)
    timerOCPreloadConfig                     0x08004cdd   Thumb Code    40  timer.o(i.timerOCPreloadConfig)
    timerRCC                                 0x08004d05   Thumb Code    30  timer.o(i.timerRCC)
    uartIrqHandler                           0x08004d29   Thumb Code   214  serial_uart_stm32f4xx.o(i.uartIrqHandler)
    uartOpen                                 0x08004e05   Thumb Code   360  serial_uart.o(i.uartOpen)
    uartRead                                 0x08004f79   Thumb Code    44  serial_uart.o(i.uartRead)
    uartSetBaudRate                          0x08005031   Thumb Code     6  serial_uart.o(i.uartSetBaudRate)
    uartSetMode                              0x08005037   Thumb Code     6  serial_uart.o(i.uartSetMode)
    uartStartTxDMA                           0x0800503d   Thumb Code    74  serial_uart.o(i.uartStartTxDMA)
    uartTotalRxBytesWaiting                  0x08005087   Thumb Code    24  serial_uart.o(i.uartTotalRxBytesWaiting)
    uartTotalTxBytesFree                     0x0800509f   Thumb Code    38  serial_uart.o(i.uartTotalTxBytesFree)
    uartWrite                                0x080050c5   Thumb Code    48  serial_uart.o(i.uartWrite)
    ultrasound1Read                          0x080050f5   Thumb Code    18  ultrasound.o(i.ultrasound1Read)
    ultrasound1Update                        0x08005107   Thumb Code     4  ultrasound.o(i.ultrasound1Update)
    ultrasound2Read                          0x0800510b   Thumb Code    18  ultrasound.o(i.ultrasound2Read)
    ultrasound2Update                        0x0800511d   Thumb Code     4  ultrasound.o(i.ultrasound2Update)
    ultrasound3Read                          0x08005121   Thumb Code    18  ultrasound.o(i.ultrasound3Read)
    ultrasound3Update                        0x08005133   Thumb Code     4  ultrasound.o(i.ultrasound3Update)
    ultrasound4Read                          0x08005137   Thumb Code    18  ultrasound.o(i.ultrasound4Read)
    ultrasound4Update                        0x08005149   Thumb Code     4  ultrasound.o(i.ultrasound4Update)
    ultrasound5Read                          0x0800514d   Thumb Code    18  ultrasound.o(i.ultrasound5Read)
    ultrasound5Update                        0x0800515f   Thumb Code     4  ultrasound.o(i.ultrasound5Update)
    ultrasound6Read                          0x08005163   Thumb Code    18  ultrasound.o(i.ultrasound6Read)
    ultrasound6Update                        0x08005175   Thumb Code     4  ultrasound.o(i.ultrasound6Update)
    updateMotorPwm                           0x08005179   Thumb Code   140  fc_tasks.o(i.updateMotorPwm)
    validateAndFixConfig                     0x08005209   Thumb Code    80  config.o(i.validateAndFixConfig)
    validateAndFixGyroConfig                 0x0800525d   Thumb Code   178  config.o(i.validateAndFixGyroConfig)
    __aeabi_d2f                              0x08005325   Thumb Code     0  d2f.o(x$fpl$d2f)
    _d2f                                     0x08005325   Thumb Code    98  d2f.o(x$fpl$d2f)
    __aeabi_dadd                             0x08005389   Thumb Code     0  daddsub_clz.o(x$fpl$dadd)
    _dadd                                    0x08005389   Thumb Code   332  daddsub_clz.o(x$fpl$dadd)
    __fpl_dcmp_Inf                           0x080054d9   Thumb Code    24  dcmpi.o(x$fpl$dcmpinf)
    __aeabi_ddiv                             0x080054f1   Thumb Code     0  ddiv.o(x$fpl$ddiv)
    _ddiv                                    0x080054f1   Thumb Code   552  ddiv.o(x$fpl$ddiv)
    __aeabi_d2iz                             0x080057a1   Thumb Code     0  dfix.o(x$fpl$dfix)
    _dfix                                    0x080057a1   Thumb Code    94  dfix.o(x$fpl$dfix)
    __aeabi_i2d                              0x080057ff   Thumb Code     0  dflt_clz.o(x$fpl$dflt)
    _dflt                                    0x080057ff   Thumb Code    46  dflt_clz.o(x$fpl$dflt)
    __aeabi_cdcmple                          0x0800582d   Thumb Code     0  dleqf.o(x$fpl$dleqf)
    _dcmple                                  0x0800582d   Thumb Code   120  dleqf.o(x$fpl$dleqf)
    __fpl_dcmple_InfNaN                      0x0800588f   Thumb Code     0  dleqf.o(x$fpl$dleqf)
    __aeabi_dmul                             0x080058a5   Thumb Code     0  dmul.o(x$fpl$dmul)
    _dmul                                    0x080058a5   Thumb Code   332  dmul.o(x$fpl$dmul)
    __fpl_dnaninf                            0x080059f9   Thumb Code   156  dnaninf.o(x$fpl$dnaninf)
    __fpl_dretinf                            0x08005a95   Thumb Code    12  dretinf.o(x$fpl$dretinf)
    __aeabi_cdrcmple                         0x08005aa1   Thumb Code     0  drleqf.o(x$fpl$drleqf)
    _drcmple                                 0x08005aa1   Thumb Code   108  drleqf.o(x$fpl$drleqf)
    _drnd                                    0x08005b0d   Thumb Code   180  drnd.o(x$fpl$drnd)
    __aeabi_dsub                             0x08005bc1   Thumb Code     0  daddsub_clz.o(x$fpl$dsub)
    _dsub                                    0x08005bc1   Thumb Code   464  daddsub_clz.o(x$fpl$dsub)
    __aeabi_f2d                              0x08005d95   Thumb Code     0  f2d.o(x$fpl$f2d)
    _f2d                                     0x08005d95   Thumb Code    86  f2d.o(x$fpl$f2d)
    _ffix_r                                  0x08005deb   Thumb Code    14  ffix.o(x$fpl$ffixr)
    __fpl_fnaninf                            0x08005df9   Thumb Code   140  fnaninf.o(x$fpl$fnaninf)
    _fp_init                                 0x08005e85   Thumb Code    10  fpinit.o(x$fpl$fpinit)
    __fplib_config_fpu_vfp                   0x08005e8d   Thumb Code     0  fpinit.o(x$fpl$fpinit)
    __fplib_config_pureend_doubles           0x08005e8d   Thumb Code     0  fpinit.o(x$fpl$fpinit)
    __fpl_fretinf                            0x08005e8f   Thumb Code    10  fretinf.o(x$fpl$fretinf)
    _frnd                                    0x08005e99   Thumb Code    96  frnd.o(x$fpl$frnd)
    __I$use$fp                               0x08005ef8   Number         0  usenofp.o(x$fpl$usenofp)
    timerHardware                            0x08005ef8   Data         168  target.o(.constdata)
    ioPortDefs                               0x08005fbf   Data           6  io.o(.constdata)
    serialPortIdentifiers                    0x08005fd0   Data           3  serial.o(.constdata)
    uartVTable                               0x08005fd4   Data          40  serial_uart.o(.constdata)
    timerDefinitions                         0x08005ffc   Data         112  timer_stm32f4xx.o(.constdata)
    oled_asc2_1206                           0x0800606c   Data        1140  oled.o(.constdata)
    oled_asc2_1608                           0x080064e0   Data        1520  oled.o(.constdata)
    Region$$Table$$Base                      0x08006c3c   Number         0  anon$$obj.o(Region$$Table)
    Region$$Table$$Limit                     0x08006c5c   Number         0  anon$$obj.o(Region$$Table)
    systemState                              0x20000010   Data           1  main.o(.data)
    __stdout                                 0x20000014   Data           4  main.o(.data)
    SystemCoreClock                          0x20000018   Data           4  system_stm32f4xx.o(.data)
    AHBPrescTable                            0x2000001c   Data          16  system_stm32f4xx.o(.data)
    sysTickUptime                            0x20000030   Data           4  system.o(.data)
    buttonPressed                            0x20000048   Data           1  button.o(.data)
    driveForward                             0x20000fb8   Data           1  serial_uart_stm32f4xx.o(.data)
    driveReverse                             0x20000fb9   Data           1  serial_uart_stm32f4xx.o(.data)
    turnLeft                                 0x20000fba   Data           1  serial_uart_stm32f4xx.o(.data)
    turnRight                                0x20000fbb   Data           1  serial_uart_stm32f4xx.o(.data)
    ultrasound1_measurement                  0x20000ff0   Data           4  ultrasound_hcsr04.o(.data)
    ultrasound2_measurement                  0x20000ff4   Data           4  ultrasound_hcsr04.o(.data)
    ultrasound3_measurement                  0x20000ff8   Data           4  ultrasound_hcsr04.o(.data)
    ultrasound4_measurement                  0x20000ffc   Data           4  ultrasound_hcsr04.o(.data)
    ultrasound5_measurement                  0x20001000   Data           4  ultrasound_hcsr04.o(.data)
    ultrasound6_measurement                  0x20001004   Data           4  ultrasound_hcsr04.o(.data)
    currentProfile                           0x20001084   Data           4  config.o(.data)
    currentControlRateProfile                0x20001088   Data           4  config.o(.data)
    isMotorActivated                         0x2000108c   Data           1  fc_tasks.o(.data)
    stopFlag                                 0x2000108d   Data           1  fc_tasks.o(.data)
    isCollisionAvoidanceModeActivated        0x2000108e   Data           1  fc_tasks.o(.data)
    balanceSetpoint                          0x2000109c   Data           4  fc_tasks.o(.data)
    Encoder1                                 0x200010c4   Data           4  fc_tasks.o(.data)
    Encoder2                                 0x200010c8   Data           4  fc_tasks.o(.data)
    motor1Pwm                                0x200010cc   Data           4  fc_tasks.o(.data)
    motor2Pwm                                0x200010d0   Data           4  fc_tasks.o(.data)
    cfTasks                                  0x200010d4   Data        1092  fc_tasks.o(.data)
    armingFlags                              0x20001518   Data           1  runtime_config.o(.data)
    flightModeFlags                          0x2000151c   Data           2  runtime_config.o(.data)
    stateFlags                               0x20001524   Data           1  runtime_config.o(.data)
    smallAngleCosZ                           0x20001528   Data           4  imu.o(.data)
    magneticDeclination                      0x2000153c   Data           4  imu.o(.data)
    accVelScale                              0x20001550   Data           4  imu.o(.data)
    fc_acc                                   0x20001554   Data           4  imu.o(.data)
    throttleAngleScale                       0x20001558   Data           4  imu.o(.data)
    attitude                                 0x20001560   Data           6  imu.o(.data)
    temperatureData                          0x20001578   Data           4  gyro.o(.data)
    averageSystemLoadPercentage              0x20001592   Data           2  scheduler.o(.data)
    checkFuncMaxExecutionTime                0x200015a8   Data           4  scheduler.o(.data)
    checkFuncTotalExecutionTime              0x200015ac   Data           4  scheduler.o(.data)
    checkFuncMovingSumExecutionTime          0x200015b0   Data           4  scheduler.o(.data)
    clocks                                   0x200015b4   Data          16  system.o(.bss)
    extiChannelRecs                          0x200015c4   Data          64  exti.o(.bss)
    ioRecs                                   0x20001604   Data         640  io.o(.bss)
    timerConfig                              0x200018e0   Data         440  timer.o(.bss)
    timerChannelInfo                         0x20001a98   Data          14  timer.o(.bss)
    timerInfo                                0x20001aa6   Data          11  timer.o(.bss)
    OLED_GRAM                                0x20001ab1   Data        1024  oled.o(.bss)
    masterConfig                             0x20001eb4   Data         948  config.o(.bss)
    acc                                      0x200022a4   Data          64  acceleration.o(.bss)
    gyro                                     0x200024b8   Data          88  gyro.o(.bss)
    mag                                      0x20002564   Data          28  compass.o(.bss)
    taskQueueArray                           0x20002580   Data          88  scheduler.o(.bss)
    __libspace_start                         0x200025d8   Data          96  libspace.o(.bss)
    __temporary_stack_top$libspace           0x20002638   Data           0  libspace.o(.bss)



==============================================================================

Memory Map of the image

  Image Entry point : 0x08000189

  Load Region LR_IROM1 (Base: 0x08000000, Size: 0x00008210, Max: 0x00100000, ABSOLUTE, COMPRESSED[0x00006e20])

    Execution Region ER_IROM1 (Exec base: 0x08000000, Load base: 0x08000000, Size: 0x00006c5c, Max: 0x00100000, ABSOLUTE)

    Exec Addr    Load Addr    Size         Type   Attr      Idx    E Section Name        Object

    0x08000000   0x08000000   0x00000188   Data   RO            3    RESET               startup_stm32f407xx.o
    0x08000188   0x08000188   0x00000008   Code   RO         5921  * !!!main             c_w.l(__main.o)
    0x08000190   0x08000190   0x00000034   Code   RO         6286    !!!scatter          c_w.l(__scatter.o)
    0x080001c4   0x080001c4   0x0000005a   Code   RO         6284    !!dczerorl2         c_w.l(__dczerorl2.o)
    0x0800021e   0x0800021e   0x00000002   PAD
    0x08000220   0x08000220   0x0000001c   Code   RO         6288    !!handler_zi        c_w.l(__scatter_zi.o)
    0x0800023c   0x0800023c   0x00000000   Code   RO         5902    .ARM.Collect$$_printf_percent$$00000000  c_w.l(_printf_percent.o)
    0x0800023c   0x0800023c   0x00000006   Code   RO         5900    .ARM.Collect$$_printf_percent$$00000009  c_w.l(_printf_d.o)
    0x08000242   0x08000242   0x00000006   Code   RO         5899    .ARM.Collect$$_printf_percent$$00000014  c_w.l(_printf_s.o)
    0x08000248   0x08000248   0x00000004   Code   RO         6060    .ARM.Collect$$_printf_percent$$00000017  c_w.l(_printf_percent_end.o)
    0x0800024c   0x0800024c   0x00000002   Code   RO         6155    .ARM.Collect$$libinit$$00000000  c_w.l(libinit.o)
    0x0800024e   0x0800024e   0x00000004   Code   RO         6160    .ARM.Collect$$libinit$$00000001  c_w.l(libinit2.o)
    0x08000252   0x08000252   0x00000000   Code   RO         6163    .ARM.Collect$$libinit$$00000004  c_w.l(libinit2.o)
    0x08000252   0x08000252   0x00000000   Code   RO         6166    .ARM.Collect$$libinit$$0000000A  c_w.l(libinit2.o)
    0x08000252   0x08000252   0x00000000   Code   RO         6168    .ARM.Collect$$libinit$$0000000C  c_w.l(libinit2.o)
    0x08000252   0x08000252   0x00000000   Code   RO         6170    .ARM.Collect$$libinit$$0000000E  c_w.l(libinit2.o)
    0x08000252   0x08000252   0x00000000   Code   RO         6173    .ARM.Collect$$libinit$$00000011  c_w.l(libinit2.o)
    0x08000252   0x08000252   0x00000000   Code   RO         6175    .ARM.Collect$$libinit$$00000013  c_w.l(libinit2.o)
    0x08000252   0x08000252   0x00000000   Code   RO         6177    .ARM.Collect$$libinit$$00000015  c_w.l(libinit2.o)
    0x08000252   0x08000252   0x00000000   Code   RO         6179    .ARM.Collect$$libinit$$00000017  c_w.l(libinit2.o)
    0x08000252   0x08000252   0x00000000   Code   RO         6181    .ARM.Collect$$libinit$$00000019  c_w.l(libinit2.o)
    0x08000252   0x08000252   0x00000000   Code   RO         6183    .ARM.Collect$$libinit$$0000001B  c_w.l(libinit2.o)
    0x08000252   0x08000252   0x00000000   Code   RO         6185    .ARM.Collect$$libinit$$0000001D  c_w.l(libinit2.o)
    0x08000252   0x08000252   0x00000000   Code   RO         6187    .ARM.Collect$$libinit$$0000001F  c_w.l(libinit2.o)
    0x08000252   0x08000252   0x00000000   Code   RO         6189    .ARM.Collect$$libinit$$00000021  c_w.l(libinit2.o)
    0x08000252   0x08000252   0x00000000   Code   RO         6191    .ARM.Collect$$libinit$$00000023  c_w.l(libinit2.o)
    0x08000252   0x08000252   0x00000000   Code   RO         6193    .ARM.Collect$$libinit$$00000025  c_w.l(libinit2.o)
    0x08000252   0x08000252   0x00000000   Code   RO         6197    .ARM.Collect$$libinit$$0000002C  c_w.l(libinit2.o)
    0x08000252   0x08000252   0x00000000   Code   RO         6199    .ARM.Collect$$libinit$$0000002E  c_w.l(libinit2.o)
    0x08000252   0x08000252   0x00000000   Code   RO         6201    .ARM.Collect$$libinit$$00000030  c_w.l(libinit2.o)
    0x08000252   0x08000252   0x00000000   Code   RO         6203    .ARM.Collect$$libinit$$00000032  c_w.l(libinit2.o)
    0x08000252   0x08000252   0x00000002   Code   RO         6204    .ARM.Collect$$libinit$$00000033  c_w.l(libinit2.o)
    0x08000254   0x08000254   0x00000002   Code   RO         6224    .ARM.Collect$$libshutdown$$00000000  c_w.l(libshutdown.o)
    0x08000256   0x08000256   0x00000000   Code   RO         6237    .ARM.Collect$$libshutdown$$00000002  c_w.l(libshutdown2.o)
    0x08000256   0x08000256   0x00000000   Code   RO         6239    .ARM.Collect$$libshutdown$$00000004  c_w.l(libshutdown2.o)
    0x08000256   0x08000256   0x00000000   Code   RO         6242    .ARM.Collect$$libshutdown$$00000007  c_w.l(libshutdown2.o)
    0x08000256   0x08000256   0x00000000   Code   RO         6245    .ARM.Collect$$libshutdown$$0000000A  c_w.l(libshutdown2.o)
    0x08000256   0x08000256   0x00000000   Code   RO         6247    .ARM.Collect$$libshutdown$$0000000C  c_w.l(libshutdown2.o)
    0x08000256   0x08000256   0x00000000   Code   RO         6250    .ARM.Collect$$libshutdown$$0000000F  c_w.l(libshutdown2.o)
    0x08000256   0x08000256   0x00000002   Code   RO         6251    .ARM.Collect$$libshutdown$$00000010  c_w.l(libshutdown2.o)
    0x08000258   0x08000258   0x00000000   Code   RO         6049    .ARM.Collect$$rtentry$$00000000  c_w.l(__rtentry.o)
    0x08000258   0x08000258   0x00000000   Code   RO         6104    .ARM.Collect$$rtentry$$00000002  c_w.l(__rtentry2.o)
    0x08000258   0x08000258   0x00000006   Code   RO         6116    .ARM.Collect$$rtentry$$00000004  c_w.l(__rtentry4.o)
    0x0800025e   0x0800025e   0x00000000   Code   RO         6106    .ARM.Collect$$rtentry$$00000009  c_w.l(__rtentry2.o)
    0x0800025e   0x0800025e   0x00000004   Code   RO         6107    .ARM.Collect$$rtentry$$0000000A  c_w.l(__rtentry2.o)
    0x08000262   0x08000262   0x00000000   Code   RO         6109    .ARM.Collect$$rtentry$$0000000C  c_w.l(__rtentry2.o)
    0x08000262   0x08000262   0x00000008   Code   RO         6110    .ARM.Collect$$rtentry$$0000000D  c_w.l(__rtentry2.o)
    0x0800026a   0x0800026a   0x00000002   Code   RO         6156    .ARM.Collect$$rtexit$$00000000  c_w.l(rtexit.o)
    0x0800026c   0x0800026c   0x00000000   Code   RO         6206    .ARM.Collect$$rtexit$$00000002  c_w.l(rtexit2.o)
    0x0800026c   0x0800026c   0x00000004   Code   RO         6207    .ARM.Collect$$rtexit$$00000003  c_w.l(rtexit2.o)
    0x08000270   0x08000270   0x00000006   Code   RO         6208    .ARM.Collect$$rtexit$$00000004  c_w.l(rtexit2.o)
    0x08000276   0x08000276   0x00000002   PAD
    0x08000278   0x08000278   0x00000040   Code   RO            4    .text               startup_stm32f407xx.o
    0x080002b8   0x080002b8   0x00000018   Code   RO         5871    .text               c_w.l(noretval__2printf.o)
    0x080002d0   0x080002d0   0x00000068   Code   RO         5873    .text               c_w.l(__printf.o)
    0x08000338   0x08000338   0x00000052   Code   RO         5875    .text               c_w.l(_printf_str.o)
    0x0800038a   0x0800038a   0x00000002   PAD
    0x0800038c   0x0800038c   0x00000078   Code   RO         5877    .text               c_w.l(_printf_dec.o)
    0x08000404   0x08000404   0x00000064   Code   RO         5907    .text               c_w.l(rt_memcpy_w.o)
    0x08000468   0x08000468   0x0000007a   Code   RO         5909    .text               c_w.l(rt_memmove_w.o)
    0x080004e2   0x080004e2   0x00000010   Code   RO         5911    .text               c_w.l(aeabi_memset.o)
    0x080004f2   0x080004f2   0x00000044   Code   RO         5913    .text               c_w.l(rt_memclr.o)
    0x08000536   0x08000536   0x0000004e   Code   RO         5915    .text               c_w.l(rt_memclr_w.o)
    0x08000584   0x08000584   0x00000056   Code   RO         5917    .text               c_w.l(strncpy.o)
    0x080005da   0x080005da   0x00000006   Code   RO         5919    .text               c_w.l(heapauxi.o)
    0x080005e0   0x080005e0   0x00000016   Code   RO         6050    .text               c_w.l(_rserrno.o)
    0x080005f6   0x080005f6   0x000000b2   Code   RO         6054    .text               c_w.l(_printf_intcommon.o)
    0x080006a8   0x080006a8   0x0000002c   Code   RO         6056    .text               c_w.l(_printf_char.o)
    0x080006d4   0x080006d4   0x00000024   Code   RO         6058    .text               c_w.l(_printf_char_file.o)
    0x080006f8   0x080006f8   0x00000008   Code   RO         6123    .text               c_w.l(rt_errno_addr_intlibspace.o)
    0x08000700   0x08000700   0x00000030   Code   RO         6125    .text               c_w.l(_printf_char_common.o)
    0x08000730   0x08000730   0x00000008   Code   RO         6127    .text               c_w.l(ferror.o)
    0x08000738   0x08000738   0x00000008   Code   RO         6133    .text               c_w.l(libspace.o)
    0x08000740   0x08000740   0x0000004a   Code   RO         6136    .text               c_w.l(sys_stackheap_outer.o)
    0x0800078a   0x0800078a   0x00000012   Code   RO         6148    .text               c_w.l(exit.o)
    0x0800079c   0x0800079c   0x0000000c   Code   RO         6216    .text               c_w.l(sys_exit.o)
    0x080007a8   0x080007a8   0x00000002   Code   RO         6227    .text               c_w.l(use_no_semi.o)
    0x080007aa   0x080007aa   0x00000000   Code   RO         6229    .text               c_w.l(indicate_semi.o)
    0x080007aa   0x080007aa   0x00000002   PAD
    0x080007ac   0x080007ac   0x00000010   Code   RO         2889    i.DMA1_Stream0_IRQHandler  dma_stm32f4xx.o
    0x080007bc   0x080007bc   0x00000014   Code   RO         2890    i.DMA1_Stream1_IRQHandler  dma_stm32f4xx.o
    0x080007d0   0x080007d0   0x00000014   Code   RO         2891    i.DMA1_Stream2_IRQHandler  dma_stm32f4xx.o
    0x080007e4   0x080007e4   0x00000014   Code   RO         2892    i.DMA1_Stream3_IRQHandler  dma_stm32f4xx.o
    0x080007f8   0x080007f8   0x00000014   Code   RO         2893    i.DMA1_Stream4_IRQHandler  dma_stm32f4xx.o
    0x0800080c   0x0800080c   0x00000014   Code   RO         2894    i.DMA1_Stream5_IRQHandler  dma_stm32f4xx.o
    0x08000820   0x08000820   0x00000014   Code   RO         2895    i.DMA1_Stream6_IRQHandler  dma_stm32f4xx.o
    0x08000834   0x08000834   0x00000014   Code   RO         2896    i.DMA1_Stream7_IRQHandler  dma_stm32f4xx.o
    0x08000848   0x08000848   0x00000014   Code   RO         2897    i.DMA2_Stream0_IRQHandler  dma_stm32f4xx.o
    0x0800085c   0x0800085c   0x00000014   Code   RO         2898    i.DMA2_Stream1_IRQHandler  dma_stm32f4xx.o
    0x08000870   0x08000870   0x00000018   Code   RO         2899    i.DMA2_Stream2_IRQHandler  dma_stm32f4xx.o
    0x08000888   0x08000888   0x00000018   Code   RO         2900    i.DMA2_Stream3_IRQHandler  dma_stm32f4xx.o
    0x080008a0   0x080008a0   0x00000018   Code   RO         2901    i.DMA2_Stream4_IRQHandler  dma_stm32f4xx.o
    0x080008b8   0x080008b8   0x00000018   Code   RO         2902    i.DMA2_Stream5_IRQHandler  dma_stm32f4xx.o
    0x080008d0   0x080008d0   0x00000018   Code   RO         2903    i.DMA2_Stream6_IRQHandler  dma_stm32f4xx.o
    0x080008e8   0x080008e8   0x00000018   Code   RO         2904    i.DMA2_Stream7_IRQHandler  dma_stm32f4xx.o
    0x08000900   0x08000900   0x00000014   Code   RO          123    i.DMA_Cmd           stm32f4xx_dma.o
    0x08000914   0x08000914   0x00000124   Code   RO          124    i.DMA_DeInit        stm32f4xx_dma.o
    0x08000a38   0x08000a38   0x00000006   Code   RO          129    i.DMA_GetCurrDataCounter  stm32f4xx_dma.o
    0x08000a3e   0x08000a3e   0x0000002c   Code   RO          134    i.DMA_ITConfig      stm32f4xx_dma.o
    0x08000a6a   0x08000a6a   0x00000002   PAD
    0x08000a6c   0x08000a6c   0x00000054   Code   RO          135    i.DMA_Init          stm32f4xx_dma.o
    0x08000ac0   0x08000ac0   0x0000000a   Code   RO          136    i.DMA_MemoryTargetConfig  stm32f4xx_dma.o
    0x08000aca   0x08000aca   0x00000004   Code   RO          138    i.DMA_SetCurrDataCounter  stm32f4xx_dma.o
    0x08000ace   0x08000ace   0x00000022   Code   RO          139    i.DMA_StructInit    stm32f4xx_dma.o
    0x08000af0   0x08000af0   0x00000004   Code   RO         3027    i.EXTI0_IRQHandler  exti.o
    0x08000af4   0x08000af4   0x00000004   Code   RO         3028    i.EXTI15_10_IRQHandler  exti.o
    0x08000af8   0x08000af8   0x00000004   Code   RO         3029    i.EXTI1_IRQHandler  exti.o
    0x08000afc   0x08000afc   0x00000004   Code   RO         3030    i.EXTI2_IRQHandler  exti.o
    0x08000b00   0x08000b00   0x00000004   Code   RO         3031    i.EXTI3_IRQHandler  exti.o
    0x08000b04   0x08000b04   0x00000004   Code   RO         3032    i.EXTI4_IRQHandler  exti.o
    0x08000b08   0x08000b08   0x00000004   Code   RO         3033    i.EXTI9_5_IRQHandler  exti.o
    0x08000b0c   0x08000b0c   0x00000028   Code   RO         3037    i.EXTIInit          exti.o
    0x08000b34   0x08000b34   0x00000040   Code   RO         3039    i.EXTI_IRQHandler   exti.o
    0x08000b74   0x08000b74   0x00000094   Code   RO         2102    i.EnableGPIOClk     main.o
    0x08000c08   0x08000c08   0x000000a2   Code   RO          578    i.GPIO_Init         stm32f4xx_gpio.o
    0x08000caa   0x08000caa   0x00000020   Code   RO          579    i.GPIO_PinAFConfig  stm32f4xx_gpio.o
    0x08000cca   0x08000cca   0x00000012   Code   RO          587    i.GPIO_StructInit   stm32f4xx_gpio.o
    0x08000cdc   0x08000cdc   0x00000048   Code   RO         3215    i.IOConfigGPIO      io.o
    0x08000d24   0x08000d24   0x0000005c   Code   RO         3216    i.IOConfigGPIOAF    io.o
    0x08000d80   0x08000d80   0x0000006c   Code   RO         3217    i.IOGetByTag        io.o
    0x08000dec   0x08000dec   0x00000040   Code   RO         3218    i.IOGlobalInit      io.o
    0x08000e2c   0x08000e2c   0x0000000c   Code   RO         3219    i.IOHi              io.o
    0x08000e38   0x08000e38   0x00000006   Code   RO         3220    i.IOInit            io.o
    0x08000e3e   0x08000e3e   0x0000000e   Code   RO         3221    i.IOLo              io.o
    0x08000e4c   0x08000e4c   0x00000012   Code   RO         3225    i.IOWrite           io.o
    0x08000e5e   0x08000e5e   0x00000014   Code   RO         3230    i.IO_GPIOPinIdx     io.o
    0x08000e72   0x08000e72   0x00000002   PAD
    0x08000e74   0x08000e74   0x00000018   Code   RO         3231    i.IO_GPIOPortIdx    io.o
    0x08000e8c   0x08000e8c   0x00000004   Code   RO         3232    i.IO_GPIO_PinSource  io.o
    0x08000e90   0x08000e90   0x00000088   Code   RO         3355    i.LedInit           led.o
    0x08000f18   0x08000f18   0x00000028   Code   RO         3356    i.LedSet            led.o
    0x08000f40   0x08000f40   0x00000064   Code   RO           13    i.NVIC_Init         misc.o
    0x08000fa4   0x08000fa4   0x00000014   Code   RO           14    i.NVIC_PriorityGroupConfig  misc.o
    0x08000fb8   0x08000fb8   0x0000002c   Code   RO         4189    i.OLED_Clear        oled.o
    0x08000fe4   0x08000fe4   0x0000003c   Code   RO         4192    i.OLED_DrawPoint    oled.o
    0x08001020   0x08001020   0x0000004c   Code   RO         4193    i.OLED_Refresh_Gram  oled.o
    0x0800106c   0x0800106c   0x00000090   Code   RO         4194    i.OLED_ShowChar     oled.o
    0x080010fc   0x080010fc   0x00000078   Code   RO         4195    i.OLED_ShowNumber   oled.o
    0x08001174   0x08001174   0x0000003e   Code   RO         4196    i.OLED_ShowString   oled.o
    0x080011b2   0x080011b2   0x00000002   PAD
    0x080011b4   0x080011b4   0x00000074   Code   RO         4197    i.OLED_WR_Byte      oled.o
    0x08001228   0x08001228   0x00000018   Code   RO          793    i.RCC_AHB1PeriphClockCmd  stm32f4xx_rcc.o
    0x08001240   0x08001240   0x00000018   Code   RO          795    i.RCC_AHB1PeriphResetCmd  stm32f4xx_rcc.o
    0x08001258   0x08001258   0x00000018   Code   RO          796    i.RCC_AHB2PeriphClockCmd  stm32f4xx_rcc.o
    0x08001270   0x08001270   0x00000018   Code   RO          802    i.RCC_APB1PeriphClockCmd  stm32f4xx_rcc.o
    0x08001288   0x08001288   0x00000018   Code   RO          804    i.RCC_APB1PeriphResetCmd  stm32f4xx_rcc.o
    0x080012a0   0x080012a0   0x00000018   Code   RO          805    i.RCC_APB2PeriphClockCmd  stm32f4xx_rcc.o
    0x080012b8   0x080012b8   0x00000018   Code   RO          807    i.RCC_APB2PeriphResetCmd  stm32f4xx_rcc.o
    0x080012d0   0x080012d0   0x00000010   Code   RO          810    i.RCC_ClearFlag     stm32f4xx_rcc.o
    0x080012e0   0x080012e0   0x00000024   Code   RO         3492    i.RCC_ClockCmd      rcc.o
    0x08001304   0x08001304   0x00000090   Code   RO          814    i.RCC_GetClocksFreq  stm32f4xx_rcc.o
    0x08001394   0x08001394   0x00000024   Code   RO         3493    i.RCC_ResetCmd      rcc.o
    0x080013b8   0x080013b8   0x00000034   Code   RO         4638    i.Read_Encoder      fc_tasks.o
    0x080013ec   0x080013ec   0x0000000c   Code   RO         4469    i.ResetBeeperConfig  config.o
    0x080013f8   0x080013f8   0x00000020   Code   RO         4470    i.ResetLedStatusConfig  config.o
    0x08001418   0x08001418   0x00000008   Code   RO         5114    i.ResetRollAndPitchTrims  acceleration.o
    0x08001420   0x08001420   0x0000003c   Code   RO         4471    i.ResetSerialConfig  config.o
    0x0800145c   0x0800145c   0x00000064   Code   RO         4472    i.ResetSerialPinConfig  config.o
    0x080014c0   0x080014c0   0x00000014   Code   RO         1137    i.SPI_Cmd           stm32f4xx_spi.o
    0x080014d4   0x080014d4   0x00000084   Code   RO         1144    i.SPI_I2S_DeInit    stm32f4xx_spi.o
    0x08001558   0x08001558   0x00000038   Code   RO         1150    i.SPI_Init          stm32f4xx_spi.o
    0x08001590   0x08001590   0x000000b4   Code   RO         2384    i.SetSysClock       system_stm32f4xx.o
    0x08001644   0x08001644   0x00000024   Code   RO         2455    i.SysTick_Handler   system.o
    0x08001668   0x08001668   0x00000024   Code   RO         2456    i.SysTick_Init      system.o
    0x0800168c   0x0800168c   0x0000005c   Code   RO         2386    i.SystemInit        system_stm32f4xx.o
    0x080016e8   0x080016e8   0x0000002e   Code   RO         1359    i.TI1_Config        stm32f4xx_tim.o
    0x08001716   0x08001716   0x00000036   Code   RO         1360    i.TI2_Config        stm32f4xx_tim.o
    0x0800174c   0x0800174c   0x00000010   Code   RO         3982    i.TIM1_CC_IRQHandler  timer.o
    0x0800175c   0x0800175c   0x00000010   Code   RO         3983    i.TIM2_IRQHandler   timer.o
    0x0800176c   0x0800176c   0x00000010   Code   RO         3984    i.TIM3_IRQHandler   timer.o
    0x0800177c   0x0800177c   0x00000010   Code   RO         3985    i.TIM4_IRQHandler   timer.o
    0x0800178c   0x0800178c   0x00000010   Code   RO         3986    i.TIM5_IRQHandler   timer.o
    0x0800179c   0x0800179c   0x00000014   Code   RO         1373    i.TIM_Cmd           stm32f4xx_tim.o
    0x080017b0   0x080017b0   0x00000016   Code   RO         1375    i.TIM_CtrlPWMOutputs  stm32f4xx_tim.o
    0x080017c6   0x080017c6   0x000000ac   Code   RO         1396    i.TIM_ICInit        stm32f4xx_tim.o
    0x08001872   0x08001872   0x00000010   Code   RO         1397    i.TIM_ICStructInit  stm32f4xx_tim.o
    0x08001882   0x08001882   0x00000002   PAD
    0x08001884   0x08001884   0x00000060   Code   RO         1402    i.TIM_OC1Init       stm32f4xx_tim.o
    0x080018e4   0x080018e4   0x0000000c   Code   RO         1405    i.TIM_OC1PreloadConfig  stm32f4xx_tim.o
    0x080018f0   0x080018f0   0x00000080   Code   RO         1407    i.TIM_OC2Init       stm32f4xx_tim.o
    0x08001970   0x08001970   0x00000014   Code   RO         1410    i.TIM_OC2PreloadConfig  stm32f4xx_tim.o
    0x08001984   0x08001984   0x0000007c   Code   RO         1412    i.TIM_OC3Init       stm32f4xx_tim.o
    0x08001a00   0x08001a00   0x0000000c   Code   RO         1415    i.TIM_OC3PreloadConfig  stm32f4xx_tim.o
    0x08001a0c   0x08001a0c   0x00000060   Code   RO         1417    i.TIM_OC4Init       stm32f4xx_tim.o
    0x08001a6c   0x08001a6c   0x00000014   Code   RO         1419    i.TIM_OC4PreloadConfig  stm32f4xx_tim.o
    0x08001a80   0x08001a80   0x00000014   Code   RO         1420    i.TIM_OCStructInit  stm32f4xx_tim.o
    0x08001a94   0x08001a94   0x00000010   Code   RO         1432    i.TIM_SelectSlaveMode  stm32f4xx_tim.o
    0x08001aa4   0x08001aa4   0x00000010   Code   RO         1440    i.TIM_SetIC1Prescaler  stm32f4xx_tim.o
    0x08001ab4   0x08001ab4   0x00000018   Code   RO         1441    i.TIM_SetIC2Prescaler  stm32f4xx_tim.o
    0x08001acc   0x08001acc   0x00000010   Code   RO         1442    i.TIM_SetIC3Prescaler  stm32f4xx_tim.o
    0x08001adc   0x08001adc   0x00000018   Code   RO         1443    i.TIM_SetIC4Prescaler  stm32f4xx_tim.o
    0x08001af4   0x08001af4   0x0000007c   Code   RO         1445    i.TIM_TimeBaseInit  stm32f4xx_tim.o
    0x08001b70   0x08001b70   0x00000012   Code   RO         1446    i.TIM_TimeBaseStructInit  stm32f4xx_tim.o
    0x08001b82   0x08001b82   0x00000002   PAD
    0x08001b84   0x08001b84   0x00000010   Code   RO         3865    i.USART1_IRQHandler  serial_uart_stm32f4xx.o
    0x08001b94   0x08001b94   0x00000010   Code   RO         3866    i.USART3_IRQHandler  serial_uart_stm32f4xx.o
    0x08001ba4   0x08001ba4   0x00000010   Code   RO         3867    i.USART6_IRQHandler  serial_uart_stm32f4xx.o
    0x08001bb4   0x08001bb4   0x0000000c   Code   RO         1911    i.USART_ClearITPendingBit  stm32f4xx_usart.o
    0x08001bc0   0x08001bc0   0x00000014   Code   RO         1914    i.USART_Cmd         stm32f4xx_usart.o
    0x08001bd4   0x08001bd4   0x00000010   Code   RO         1915    i.USART_DMACmd      stm32f4xx_usart.o
    0x08001be4   0x08001be4   0x0000003e   Code   RO         1918    i.USART_GetITStatus  stm32f4xx_usart.o
    0x08001c22   0x08001c22   0x00000014   Code   RO         1919    i.USART_HalfDuplexCmd  stm32f4xx_usart.o
    0x08001c36   0x08001c36   0x00000030   Code   RO         1920    i.USART_ITConfig    stm32f4xx_usart.o
    0x08001c66   0x08001c66   0x00000002   PAD
    0x08001c68   0x08001c68   0x000000ac   Code   RO         1921    i.USART_Init        stm32f4xx_usart.o
    0x08001d14   0x08001d14   0x00000008   Code   RO         1931    i.USART_SendData    stm32f4xx_usart.o
    0x08001d1c   0x08001d1c   0x00000026   Code   RO         6084    i.__ARM_fpclassifyf  m_wm.l(fpclassifyf.o)
    0x08001d42   0x08001d42   0x00000002   PAD
    0x08001d44   0x08001d44   0x00000118   Code   RO         5949    i.__hardfp_acosf    m_wm.l(acosf.o)
    0x08001e5c   0x08001e5c   0x00000250   Code   RO         5961    i.__hardfp_atan2f   m_wm.l(atan2f.o)
    0x080020ac   0x080020ac   0x00000150   Code   RO         5973    i.__hardfp_cosf     m_wm.l(cosf.o)
    0x080021fc   0x080021fc   0x00000048   Code   RO         6041    i.__hardfp_lrintf   m_wm.l(lrintf.o)
    0x08002244   0x08002244   0x00000004   PAD
    0x08002248   0x08002248   0x000000e0   Code   RO         6013    i.__hardfp_round    m_wm.l(round.o)
    0x08002328   0x08002328   0x00000190   Code   RO         6017    i.__hardfp_sinf     m_wm.l(sinf.o)
    0x080024b8   0x080024b8   0x0000003a   Code   RO         6029    i.__hardfp_sqrtf    m_wm.l(sqrtf.o)
    0x080024f2   0x080024f2   0x00000006   Code   RO         6087    i.__mathlib_flt_infnan  m_wm.l(funder.o)
    0x080024f8   0x080024f8   0x00000006   Code   RO         6088    i.__mathlib_flt_infnan2  m_wm.l(funder.o)
    0x080024fe   0x080024fe   0x00000002   PAD
    0x08002500   0x08002500   0x00000010   Code   RO         6089    i.__mathlib_flt_invalid  m_wm.l(funder.o)
    0x08002510   0x08002510   0x00000010   Code   RO         6092    i.__mathlib_flt_underflow  m_wm.l(funder.o)
    0x08002520   0x08002520   0x00000154   Code   RO         6100    i.__mathlib_rredf2  m_wm.l(rredf.o)
    0x08002674   0x08002674   0x0000000c   Code   RO         5117    i.accSetCalibrationCycles  acceleration.o
    0x08002680   0x08002680   0x000000a8   Code   RO         5118    i.accUpdate         acceleration.o
    0x08002728   0x08002728   0x00000030   Code   RO         4473    i.activateConfig    config.o
    0x08002758   0x08002758   0x0000009c   Code   RO         5329    i.alignBoard        boardalignment.o
    0x080027f4   0x080027f4   0x0000006c   Code   RO         5330    i.alignSensors      boardalignment.o
    0x08002860   0x08002860   0x00000040   Code   RO         3941    i.beeperInit        sound_beeper.o
    0x080028a0   0x080028a0   0x00000042   Code   RO         5472    i.biquadFilterApply  filter.o
    0x080028e2   0x080028e2   0x00000002   PAD
    0x080028e4   0x080028e4   0x000000f0   Code   RO         5473    i.biquadFilterInit  filter.o
    0x080029d4   0x080029d4   0x00000034   Code   RO         5474    i.biquadFilterInitLPF  filter.o
    0x08002a08   0x08002a08   0x0000002c   Code   RO         4287    i.bluetoothSerial6Init  bluetoothserial6.o
    0x08002a34   0x08002a34   0x00000018   Code   RO         4893    i.calculateAccZLowPassFilterRCTimeConstant  imu.o
    0x08002a4c   0x08002a4c   0x00000024   Code   RO         4894    i.calculateThrottleAngleScale  imu.o
    0x08002a70   0x08002a70   0x00000004   Code   RO         4478    i.checkEEPROMContainsValidData  config.o
    0x08002a74   0x08002a74   0x0000002c   Code   RO         3987    i.configTimeBase4Encoder  timer.o
    0x08002aa0   0x08002aa0   0x00000010   Code   RO         4479    i.constrain         config.o
    0x08002ab0   0x08002ab0   0x00000010   Code   RO         5535    i.cosApprox         maths.o
    0x08002ac0   0x08002ac0   0x000001ec   Code   RO         4480    i.createDefaultConfig  config.o
    0x08002cac   0x08002cac   0x00000158   Code   RO         3424    i.dcBrushedMotorInit  pwm_output.o
    0x08002e04   0x08002e04   0x00000018   Code   RO         5536    i.degreesToRadians  maths.o
    0x08002e1c   0x08002e1c   0x00000016   Code   RO         2457    i.delay             system.o
    0x08002e32   0x08002e32   0x00000002   PAD
    0x08002e34   0x08002e34   0x00000018   Code   RO         2458    i.delayMicroseconds  system.o
    0x08002e4c   0x08002e4c   0x00000006   Code   RO         5537    i.devClear          maths.o
    0x08002e52   0x08002e52   0x00000002   PAD
    0x08002e54   0x08002e54   0x00000058   Code   RO         5538    i.devPush           maths.o
    0x08002eac   0x08002eac   0x0000000e   Code   RO         5539    i.devStandardDeviation  maths.o
    0x08002eba   0x08002eba   0x00000002   PAD
    0x08002ebc   0x08002ebc   0x00000024   Code   RO         5540    i.devVariance       maths.o
    0x08002ee0   0x08002ee0   0x00000012   Code   RO         4641    i.fcTasksInit       fc_tasks.o
    0x08002ef2   0x08002ef2   0x00000002   PAD
    0x08002ef4   0x08002ef4   0x00000010   Code   RO         5034    i.featureClear      feature.o
    0x08002f04   0x08002f04   0x00000014   Code   RO         5036    i.featureConfigured  feature.o
    0x08002f18   0x08002f18   0x00000010   Code   RO         5038    i.featureSet        feature.o
    0x08002f28   0x08002f28   0x00000028   Code   RO         3690    i.findNextSerialPortConfig  serial.o
    0x08002f50   0x08002f50   0x00000010   Code   RO         3691    i.findSerialPortConfig  serial.o
    0x08002f60   0x08002f60   0x0000001c   Code   RO         3692    i.findSerialPortIndexByIdentifier  serial.o
    0x08002f7c   0x08002f7c   0x00000028   Code   RO         3693    i.findSerialPortUsageByIdentifier  serial.o
    0x08002fa4   0x08002fa4   0x0000000e   Code   RO         2103    i.fputc             main.o
    0x08002fb2   0x08002fb2   0x00000002   PAD
    0x08002fb4   0x08002fb4   0x00000024   Code   RO         5205    i.gyroCalculateCalibratingCycles  gyro.o
    0x08002fd8   0x08002fd8   0x00000010   Code   RO         5208    i.gyroSetCalibrationCycles  gyro.o
    0x08002fe8   0x08002fe8   0x00000154   Code   RO         5209    i.gyroUpdate        gyro.o
    0x0800313c   0x0800313c   0x00000010   Code   RO         4338    i.hcsr04_ultrasound1_get_distance  ultrasound_hcsr04.o
    0x0800314c   0x0800314c   0x00000030   Code   RO         4339    i.hcsr04_ultrasound1_start_sequence  ultrasound_hcsr04.o
    0x0800317c   0x0800317c   0x00000010   Code   RO         4340    i.hcsr04_ultrasound2_get_distance  ultrasound_hcsr04.o
    0x0800318c   0x0800318c   0x00000030   Code   RO         4341    i.hcsr04_ultrasound2_start_sequence  ultrasound_hcsr04.o
    0x080031bc   0x080031bc   0x00000010   Code   RO         4342    i.hcsr04_ultrasound3_get_distance  ultrasound_hcsr04.o
    0x080031cc   0x080031cc   0x00000034   Code   RO         4343    i.hcsr04_ultrasound3_start_sequence  ultrasound_hcsr04.o
    0x08003200   0x08003200   0x00000010   Code   RO         4344    i.hcsr04_ultrasound4_get_distance  ultrasound_hcsr04.o
    0x08003210   0x08003210   0x00000034   Code   RO         4345    i.hcsr04_ultrasound4_start_sequence  ultrasound_hcsr04.o
    0x08003244   0x08003244   0x00000010   Code   RO         4346    i.hcsr04_ultrasound5_get_distance  ultrasound_hcsr04.o
    0x08003254   0x08003254   0x00000034   Code   RO         4347    i.hcsr04_ultrasound5_start_sequence  ultrasound_hcsr04.o
    0x08003288   0x08003288   0x00000010   Code   RO         4348    i.hcsr04_ultrasound6_get_distance  ultrasound_hcsr04.o
    0x08003298   0x08003298   0x00000034   Code   RO         4349    i.hcsr04_ultrasound6_start_sequence  ultrasound_hcsr04.o
    0x080032cc   0x080032cc   0x000000d8   Code   RO         4895    i.imuCalculateEstimatedAttitude  imu.o
    0x080033a4   0x080033a4   0x000000bc   Code   RO         4896    i.imuComputeRotationMatrix  imu.o
    0x08003460   0x08003460   0x0000005c   Code   RO         4897    i.imuConfigure      imu.o
    0x080034bc   0x080034bc   0x00000050   Code   RO         4898    i.imuInit           imu.o
    0x0800350c   0x0800350c   0x000002b4   Code   RO         4899    i.imuMahonyAHRSUpdate  imu.o
    0x080037c0   0x080037c0   0x000000a0   Code   RO         4900    i.imuUpdateEulerAngles  imu.o
    0x08003860   0x08003860   0x00000002   Code   RO         4977    i.initEEPROM        config_eeprom.o
    0x08003862   0x08003862   0x00000006   Code   RO         5040    i.intFeatureClearAll  feature.o
    0x08003868   0x08003868   0x00000008   Code   RO         5041    i.intFeatureSet     feature.o
    0x08003870   0x08003870   0x00000014   Code   RO         4901    i.invSqrt           imu.o
    0x08003884   0x08003884   0x00000014   Code   RO         5119    i.isAccelerationCalibrationComplete  acceleration.o
    0x08003898   0x08003898   0x00000014   Code   RO         5210    i.isGyroCalibrationComplete  gyro.o
    0x080038ac   0x080038ac   0x00000010   Code   RO         5211    i.isOnFinalGyroCalibrationCycle  gyro.o
    0x080038bc   0x080038bc   0x0000001a   Code   RO         3779    i.isUartTransmitBufferEmpty  serial_uart.o
    0x080038d6   0x080038d6   0x00000002   PAD
    0x080038d8   0x080038d8   0x00000014   Code   RO         5042    i.latchActiveFeatures  feature.o
    0x080038ec   0x080038ec   0x0000002a   Code   RO         4644    i.limitMotorPwm     fc_tasks.o
    0x08003916   0x08003916   0x00000002   PAD
    0x08003918   0x08003918   0x000000d0   Code   RO         2104    i.main              main.o
    0x080039e8   0x080039e8   0x00000054   Code   RO         2459    i.micros            system.o
    0x08003a3c   0x08003a3c   0x0000004c   Code   RO         2460    i.microsISR         system.o
    0x08003a88   0x08003a88   0x0000000c   Code   RO         2461    i.millis            system.o
    0x08003a94   0x08003a94   0x00000024   Code   RO         2830    i.modeSwitchBtnPollInit  button.o
    0x08003ab8   0x08003ab8   0x0000018c   Code   RO         4198    i.oledInit          oled.o
    0x08003c44   0x08003c44   0x00000016   Code   RO         4199    i.oled_pow          oled.o
    0x08003c5a   0x08003c5a   0x00000002   PAD
    0x08003c5c   0x08003c5c   0x0000006c   Code   RO         3695    i.openSerialPort    serial.o
    0x08003cc8   0x08003cc8   0x00000088   Code   RO         5120    i.performAccelerationCalibration  acceleration.o
    0x08003d50   0x08003d50   0x000000d4   Code   RO         5212    i.performGyroCalibration  gyro.o
    0x08003e24   0x08003e24   0x0000004c   Code   RO         3524    i.pwmEncoderICConfig  rx_pwm.o
    0x08003e70   0x08003e70   0x0000006c   Code   RO         3525    i.pwmEncoderInit    rx_pwm.o
    0x08003edc   0x08003edc   0x00000014   Code   RO         3425    i.pwmWriteDcBrushedMotor  pwm_output.o
    0x08003ef0   0x08003ef0   0x00000060   Code   RO         5776    i.queueAdd          scheduler.o
    0x08003f50   0x08003f50   0x0000001c   Code   RO         5777    i.queueClear        scheduler.o
    0x08003f6c   0x08003f6c   0x0000002c   Code   RO         5778    i.queueContains     scheduler.o
    0x08003f98   0x08003f98   0x00000014   Code   RO         5779    i.queueFirst        scheduler.o
    0x08003fac   0x08003fac   0x00000018   Code   RO         5780    i.queueNext         scheduler.o
    0x08003fc4   0x08003fc4   0x00000040   Code   RO         5781    i.queueRemove       scheduler.o
    0x08004004   0x08004004   0x0000001c   Code   RO         4979    i.readEEPROM        config_eeprom.o
    0x08004020   0x08004020   0x00000018   Code   RO         4483    i.resetEEPROM       config.o
    0x08004038   0x08004038   0x0000002c   Code   RO         3637    i.rxSerial3TestInit  rxserial3test.o
    0x08004064   0x08004064   0x00000010   Code   RO         3639    i.rxSerial3TestWrite  rxserial3test.o
    0x08004074   0x08004074   0x00000170   Code   RO         5783    i.scheduler         scheduler.o
    0x080041e4   0x080041e4   0x00000020   Code   RO         5784    i.schedulerInit     scheduler.o
    0x08004204   0x08004204   0x00000014   Code   RO         4796    i.sensors           runtime_config.o
    0x08004218   0x08004218   0x00000034   Code   RO         3696    i.serialInit        serial.o
    0x0800424c   0x0800424c   0x00000110   Code   RO         3868    i.serialUART        serial_uart_stm32f4xx.o
    0x0800435c   0x0800435c   0x0000000c   Code   RO         3869    i.serialUART1       serial_uart_stm32f4xx.o
    0x08004368   0x08004368   0x0000000c   Code   RO         3870    i.serialUART3       serial_uart_stm32f4xx.o
    0x08004374   0x08004374   0x0000000c   Code   RO         3871    i.serialUART6       serial_uart_stm32f4xx.o
    0x08004380   0x08004380   0x00000006   Code   RO         3699    i.serialWrite       serial.o
    0x08004386   0x08004386   0x00000002   PAD
    0x08004388   0x08004388   0x00000044   Code   RO         5121    i.setAccelerationFilter  acceleration.o
    0x080043cc   0x080043cc   0x0000000c   Code   RO         5122    i.setAccelerationTrims  acceleration.o
    0x080043d8   0x080043d8   0x00000034   Code   RO         4486    i.setProfile        config.o
    0x0800440c   0x0800440c   0x00000034   Code   RO         5785    i.setTaskEnabled    scheduler.o
    0x08004440   0x08004440   0x000000b4   Code   RO         5543    i.sinApprox         maths.o
    0x080044f4   0x080044f4   0x0000001a   Code   RO         2746    i.spiInit           bus_spi.o
    0x0800450e   0x0800450e   0x00000002   PAD
    0x08004510   0x08004510   0x00000118   Code   RO         2747    i.spiInitDevice     bus_spi.o
    0x08004628   0x08004628   0x0000003e   Code   RO         6031    i.sqrtf             m_wm.l(sqrtf.o)
    0x08004666   0x08004666   0x00000002   PAD
    0x08004668   0x08004668   0x00000018   Code   RO         3942    i.systemBeep        sound_beeper.o
    0x08004680   0x08004680   0x00000050   Code   RO         2106    i.systemInit        main.o
    0x080046d0   0x080046d0   0x0000013a   Code   RO         4487    i.targetConfiguration  config.o
    0x0800480a   0x0800480a   0x00000002   PAD
    0x0800480c   0x0800480c   0x0000002c   Code   RO         4902    i.taskIMUUpdateAttitude  imu.o
    0x08004838   0x08004838   0x00000058   Code   RO         4645    i.taskMotorEncoder  fc_tasks.o
    0x08004890   0x08004890   0x00000250   Code   RO         4646    i.taskOLEDDisplay   fc_tasks.o
    0x08004ae0   0x08004ae0   0x00000020   Code   RO         5786    i.taskSystem        scheduler.o
    0x08004b00   0x08004b00   0x00000010   Code   RO         4647    i.taskUltrasound1ReadData  fc_tasks.o
    0x08004b10   0x08004b10   0x00000010   Code   RO         4648    i.taskUltrasound2ReadData  fc_tasks.o
    0x08004b20   0x08004b20   0x00000010   Code   RO         4649    i.taskUltrasound3ReadData  fc_tasks.o
    0x08004b30   0x08004b30   0x00000010   Code   RO         4650    i.taskUltrasound4ReadData  fc_tasks.o
    0x08004b40   0x08004b40   0x00000010   Code   RO         4651    i.taskUltrasound5ReadData  fc_tasks.o
    0x08004b50   0x08004b50   0x00000010   Code   RO         4652    i.taskUltrasound6ReadData  fc_tasks.o
    0x08004b60   0x08004b60   0x0000000c   Code   RO         4653    i.taskUpdateAccelerometer  fc_tasks.o
    0x08004b6c   0x08004b6c   0x00000004   Code   RO         4654    i.taskUpdateGyro    fc_tasks.o
    0x08004b70   0x08004b70   0x0000007a   Code   RO         3993    i.timCCxHandler     timer.o
    0x08004bea   0x08004bea   0x0000000a   Code   RO         3995    i.timerChCCR        timer.o
    0x08004bf4   0x08004bf4   0x0000003c   Code   RO         4001    i.timerGetByTag     timer.o
    0x08004c30   0x08004c30   0x00000084   Code   RO         4002    i.timerInit         timer.o
    0x08004cb4   0x08004cb4   0x00000028   Code   RO         4005    i.timerOCInit       timer.o
    0x08004cdc   0x08004cdc   0x00000028   Code   RO         4006    i.timerOCPreloadConfig  timer.o
    0x08004d04   0x08004d04   0x00000024   Code   RO         4007    i.timerRCC          timer.o
    0x08004d28   0x08004d28   0x000000dc   Code   RO         3872    i.uartIrqHandler    serial_uart_stm32f4xx.o
    0x08004e04   0x08004e04   0x00000174   Code   RO         3780    i.uartOpen          serial_uart.o
    0x08004f78   0x08004f78   0x0000002c   Code   RO         3781    i.uartRead          serial_uart.o
    0x08004fa4   0x08004fa4   0x0000008c   Code   RO         3782    i.uartReconfigure   serial_uart.o
    0x08005030   0x08005030   0x00000006   Code   RO         3783    i.uartSetBaudRate   serial_uart.o
    0x08005036   0x08005036   0x00000006   Code   RO         3784    i.uartSetMode       serial_uart.o
    0x0800503c   0x0800503c   0x0000004a   Code   RO         3785    i.uartStartTxDMA    serial_uart.o
    0x08005086   0x08005086   0x00000018   Code   RO         3786    i.uartTotalRxBytesWaiting  serial_uart.o
    0x0800509e   0x0800509e   0x00000026   Code   RO         3787    i.uartTotalTxBytesFree  serial_uart.o
    0x080050c4   0x080050c4   0x00000030   Code   RO         3788    i.uartWrite         serial_uart.o
    0x080050f4   0x080050f4   0x00000012   Code   RO         5376    i.ultrasound1Read   ultrasound.o
    0x08005106   0x08005106   0x00000004   Code   RO         5377    i.ultrasound1Update  ultrasound.o
    0x0800510a   0x0800510a   0x00000012   Code   RO         5378    i.ultrasound2Read   ultrasound.o
    0x0800511c   0x0800511c   0x00000004   Code   RO         5379    i.ultrasound2Update  ultrasound.o
    0x08005120   0x08005120   0x00000012   Code   RO         5380    i.ultrasound3Read   ultrasound.o
    0x08005132   0x08005132   0x00000004   Code   RO         5381    i.ultrasound3Update  ultrasound.o
    0x08005136   0x08005136   0x00000012   Code   RO         5382    i.ultrasound4Read   ultrasound.o
    0x08005148   0x08005148   0x00000004   Code   RO         5383    i.ultrasound4Update  ultrasound.o
    0x0800514c   0x0800514c   0x00000012   Code   RO         5384    i.ultrasound5Read   ultrasound.o
    0x0800515e   0x0800515e   0x00000004   Code   RO         5385    i.ultrasound5Update  ultrasound.o
    0x08005162   0x08005162   0x00000012   Code   RO         5386    i.ultrasound6Read   ultrasound.o
    0x08005174   0x08005174   0x00000004   Code   RO         5387    i.ultrasound6Update  ultrasound.o
    0x08005178   0x08005178   0x00000090   Code   RO         4655    i.updateMotorPwm    fc_tasks.o
    0x08005208   0x08005208   0x00000054   Code   RO         4488    i.validateAndFixConfig  config.o
    0x0800525c   0x0800525c   0x000000c8   Code   RO         4489    i.validateAndFixGyroConfig  config.o
    0x08005324   0x08005324   0x00000062   Code   RO         5923    x$fpl$d2f           fz_wm.l(d2f.o)
    0x08005386   0x08005386   0x00000002   PAD
    0x08005388   0x08005388   0x00000150   Code   RO         5925    x$fpl$dadd          fz_wm.l(daddsub_clz.o)
    0x080054d8   0x080054d8   0x00000018   Code   RO         6131    x$fpl$dcmpinf       fz_wm.l(dcmpi.o)
    0x080054f0   0x080054f0   0x000002b0   Code   RO         5932    x$fpl$ddiv          fz_wm.l(ddiv.o)
    0x080057a0   0x080057a0   0x0000005e   Code   RO         5935    x$fpl$dfix          fz_wm.l(dfix.o)
    0x080057fe   0x080057fe   0x0000002e   Code   RO         5940    x$fpl$dflt          fz_wm.l(dflt_clz.o)
    0x0800582c   0x0800582c   0x00000078   Code   RO         6061    x$fpl$dleqf         fz_wm.l(dleqf.o)
    0x080058a4   0x080058a4   0x00000154   Code   RO         5945    x$fpl$dmul          fz_wm.l(dmul.o)
    0x080059f8   0x080059f8   0x0000009c   Code   RO         6063    x$fpl$dnaninf       fz_wm.l(dnaninf.o)
    0x08005a94   0x08005a94   0x0000000c   Code   RO         6065    x$fpl$dretinf       fz_wm.l(dretinf.o)
    0x08005aa0   0x08005aa0   0x0000006c   Code   RO         6067    x$fpl$drleqf        fz_wm.l(drleqf.o)
    0x08005b0c   0x08005b0c   0x000000b4   Code   RO         6069    x$fpl$drnd          fz_wm.l(drnd.o)
    0x08005bc0   0x08005bc0   0x000001d4   Code   RO         5927    x$fpl$dsub          fz_wm.l(daddsub_clz.o)
    0x08005d94   0x08005d94   0x00000056   Code   RO         5947    x$fpl$f2d           fz_wm.l(f2d.o)
    0x08005dea   0x08005dea   0x0000000e   Code   RO         6072    x$fpl$ffixr         fz_wm.l(ffix.o)
    0x08005df8   0x08005df8   0x0000008c   Code   RO         6075    x$fpl$fnaninf       fz_wm.l(fnaninf.o)
    0x08005e84   0x08005e84   0x0000000a   Code   RO         6214    x$fpl$fpinit        fz_wm.l(fpinit.o)
    0x08005e8e   0x08005e8e   0x0000000a   Code   RO         6077    x$fpl$fretinf       fz_wm.l(fretinf.o)
    0x08005e98   0x08005e98   0x00000060   Code   RO         6079    x$fpl$frnd          fz_wm.l(frnd.o)
    0x08005ef8   0x08005ef8   0x00000000   Code   RO         6083    x$fpl$usenofp       fz_wm.l(usenofp.o)
    0x08005ef8   0x08005ef8   0x000000a8   Data   RO         2427    .constdata          target.o
    0x08005fa0   0x08005fa0   0x0000001a   Data   RO         2754    .constdata          bus_spi.o
    0x08005fba   0x08005fba   0x00000016   Data   RO         3236    .constdata          io.o
    0x08005fd0   0x08005fd0   0x00000003   Data   RO         3701    .constdata          serial.o
    0x08005fd3   0x08005fd3   0x00000001   PAD
    0x08005fd4   0x08005fd4   0x00000028   Data   RO         3789    .constdata          serial_uart.o
    0x08005ffc   0x08005ffc   0x00000070   Data   RO         4159    .constdata          timer_stm32f4xx.o
    0x0800606c   0x0800606c   0x00000a64   Data   RO         4201    .constdata          oled.o
    0x08006ad0   0x08006ad0   0x00000020   Data   RO         6101    .constdata          m_wm.l(rredf.o)
    0x08006af0   0x08006af0   0x00000149   Data   RO         4656    .conststring        fc_tasks.o
    0x08006c39   0x08006c39   0x00000003   PAD
    0x08006c3c   0x08006c3c   0x00000020   Data   RO         6282    Region$$Table       anon$$obj.o


    Execution Region RW_IRAM1 (Exec base: 0x20000000, Load base: 0x08006c5c, Size: 0x00002c38, Max: 0x00020000, ABSOLUTE, COMPRESSED[0x000001c4])

    Exec Addr    Load Addr    Size         Type   Attr      Idx    E Section Name        Object

    0x20000000   COMPRESSED   0x00000010   Data   RW          846    .data               stm32f4xx_rcc.o
    0x20000010   COMPRESSED   0x00000001   Data   RW         2107    .data               main.o
    0x20000011   COMPRESSED   0x00000003   PAD
    0x20000014   COMPRESSED   0x00000004   Data   RW         2108    .data               main.o
    0x20000018   COMPRESSED   0x00000014   Data   RW         2388    .data               system_stm32f4xx.o
    0x2000002c   COMPRESSED   0x0000000c   Data   RW         2463    .data               system.o
    0x20000038   COMPRESSED   0x00000010   Data   RW         2755    .data               bus_spi.o
    0x20000048   COMPRESSED   0x0000000c   Data   RW         2835    .data               button.o
    0x20000054   COMPRESSED   0x000001c0   Data   RW         2907    .data               dma_stm32f4xx.o
    0x20000214   COMPRESSED   0x00000007   Data   RW         3042    .data               exti.o
    0x2000021b   COMPRESSED   0x00000001   Data   RW         3363    .data               led.o
    0x2000021c   COMPRESSED   0x00000010   Data   RW         3428    .data               pwm_output.o
    0x2000022c   COMPRESSED   0x0000000c   Data   RW         3533    .data               rx_pwm.o
    0x20000238   COMPRESSED   0x00000004   Data   RW         3640    .data               rxserial3test.o
    0x2000023c   COMPRESSED   0x00000008   Data   RW         3703    .data               serial.o
    0x20000244   COMPRESSED   0x0000047c   Data   RW         3873    .data               serial_uart_stm32f4xx.o
    0x200006c0   COMPRESSED   0x0000047c   Data   RW         3874    .data               serial_uart_stm32f4xx.o
    0x20000b3c   COMPRESSED   0x0000047c   Data   RW         3875    .data               serial_uart_stm32f4xx.o
    0x20000fb8   COMPRESSED   0x0000001c   Data   RW         3876    .data               serial_uart_stm32f4xx.o
    0x20000fd4   COMPRESSED   0x00000008   Data   RW         3944    .data               sound_beeper.o
    0x20000fdc   COMPRESSED   0x00000010   Data   RW         4202    .data               oled.o
    0x20000fec   COMPRESSED   0x00000004   Data   RW         4291    .data               bluetoothserial6.o
    0x20000ff0   COMPRESSED   0x00000090   Data   RW         4350    .data               ultrasound_hcsr04.o
    0x20001080   COMPRESSED   0x0000000c   Data   RW         4491    .data               config.o
    0x2000108c   COMPRESSED   0x00000048   Data   RW         4660    .data               fc_tasks.o
    0x200010d4   COMPRESSED   0x00000444   Data   RW         4662    .data               fc_tasks.o
    0x20001518   COMPRESSED   0x00000001   Data   RW         4798    .data               runtime_config.o
    0x20001519   COMPRESSED   0x00000003   PAD
    0x2000151c   COMPRESSED   0x00000008   Data   RW         4799    .data               runtime_config.o
    0x20001524   COMPRESSED   0x00000001   Data   RW         4800    .data               runtime_config.o
    0x20001525   COMPRESSED   0x00000003   PAD
    0x20001528   COMPRESSED   0x0000003e   Data   RW         4904    .data               imu.o
    0x20001566   COMPRESSED   0x00000002   PAD
    0x20001568   COMPRESSED   0x00000004   Data   RW         5043    .data               feature.o
    0x2000156c   COMPRESSED   0x00000008   Data   RW         5124    .data               acceleration.o
    0x20001574   COMPRESSED   0x00000018   Data   RW         5215    .data               gyro.o
    0x2000158c   COMPRESSED   0x00000001   Data   RW         5333    .data               boardalignment.o
    0x2000158d   COMPRESSED   0x00000003   PAD
    0x20001590   COMPRESSED   0x00000024   Data   RW         5788    .data               scheduler.o
    0x200015b4        -       0x00000010   Zero   RW         2462    .bss                system.o
    0x200015c4        -       0x00000040   Zero   RW         3040    .bss                exti.o
    0x20001604        -       0x00000280   Zero   RW         3235    .bss                io.o
    0x20001884        -       0x00000010   Zero   RW         3362    .bss                led.o
    0x20001894        -       0x00000028   Zero   RW         3426    .bss                pwm_output.o
    0x200018bc        -       0x00000024   Zero   RW         3700    .bss                serial.o
    0x200018e0        -       0x000001d1   Zero   RW         4008    .bss                timer.o
    0x20001ab1        -       0x00000400   Zero   RW         4200    .bss                oled.o
    0x20001eb1   COMPRESSED   0x00000003   PAD
    0x20001eb4        -       0x000003b4   Zero   RW         4490    .bss                config.o
    0x20002268        -       0x00000030   Zero   RW         4903    .bss                imu.o
    0x20002298        -       0x000000a0   Zero   RW         5123    .bss                acceleration.o
    0x20002338        -       0x00000208   Zero   RW         5213    .bss                gyro.o
    0x20002540        -       0x00000024   Zero   RW         5332    .bss                boardalignment.o
    0x20002564        -       0x0000001c   Zero   RW         5358    .bss                compass.o
    0x20002580        -       0x00000058   Zero   RW         5787    .bss                scheduler.o
    0x200025d8        -       0x00000060   Zero   RW         6134    .bss                c_w.l(libspace.o)
    0x20002638        -       0x00000200   Zero   RW            2    HEAP                startup_stm32f407xx.o
    0x20002838        -       0x00000400   Zero   RW            1    STACK               startup_stm32f407xx.o


==============================================================================

Image component sizes


      Code (inc. data)   RO Data    RW Data    ZI Data      Debug   Object Name

       424         48          0          8        160       8052   acceleration.o
         0          0          0          0          0       3112   accgyro_mpu.o
         0          0          0          0          0       1672   accgyro_spi_mpu9250.o
        44          4          0          4          0       1171   bluetoothserial6.o
       264         18          0          1         36       3195   boardalignment.o
       306         24         26         16          0       3178   bus_spi.o
        36          4          0         12          0       2859   button.o
         0          0          0          0         28       1138   compass.o
      1438         86          0         12        948      15027   config.o
        30          4          0          0          0        982   config_eeprom.o
       340         84          0        448          0       9908   dma_stm32f4xx.o
       132         16          0          7         64       5471   exti.o
      1048        160        329       1164          0      14403   fc_tasks.o
        86         26          0          4          0       3853   feature.o
       358         14          0          0          0       3857   filter.o
         0          0          0          0          0       3262   gps.o
       640         62          0         24        520       7547   gyro.o
      1552        138          0         62         48      11294   imu.o
       434         38         22          0        640      15192   io.o
       176         16          0          1         16       1955   led.o
       450         62          0          5          0      62863   main.o
       364         66          0          0          0       5715   maths.o
       120         14          0          0          0     313583   misc.o
      1040         50       2660         16       1024       8435   oled.o
       364         16          0         16         40       5790   pwm_output.o
        72          0          0          0          0       1278   rcc.o
        20          4          0         10          0        907   runtime_config.o
       184         10          0         12          0       3658   rx_pwm.o
        60         10          0          4          0       1645   rxserial3test.o
       760         80          0         36         88       9912   scheduler.o
       290         46          3          8         36       8790   serial.o
       778         12         40          0          0       8849   serial_uart.o
       576         38          0       3472          0       6939   serial_uart_stm32f4xx.o
        88         12          0          8          0       2230   sound_beeper.o
        64         26        392          0       1536        880   startup_stm32f407xx.o
       494         24          0          0          0       6709   stm32f4xx_dma.o
       212          0          0          0          0       2509   stm32f4xx_gpio.o
       328         58          0         16          0       8179   stm32f4xx_rcc.o
       208         24          0          0          0       2654   stm32f4xx_spi.o
      1096         60          0          0          0      16375   stm32f4xx_tim.o
       358          8          0          0          0       6546   stm32f4xx_usart.o
       290         38          0         12         16       6954   system.o
       272         36          0         20          0       2061   system_stm32f4xx.o
         0          0        168          0          0       2271   target.o
       564         68          0          0        465      10013   timer.o
         0          0        112          0          0       2231   timer_stm32f4xx.o
       132          0          0          0          0       6420   ultrasound.o
       400         60          0        144          0      13096   ultrasound_hcsr04.o

    ----------------------------------------------------------------------
     16928       1564       3788       5556       5668     644620   Object Totals
         0          0         32          0          0          0   (incl. Generated)
        36          0          4         14          3          0   (incl. Padding)

    ----------------------------------------------------------------------

      Code (inc. data)   RO Data    RW Data    ZI Data      Debug   Library Member Name

        90          0          0          0          0          0   __dczerorl2.o
         8          0          0          0          0         68   __main.o
       104          0          0          0          0         84   __printf.o
         0          0          0          0          0          0   __rtentry.o
        12          0          0          0          0          0   __rtentry2.o
         6          0          0          0          0          0   __rtentry4.o
        52          8          0          0          0          0   __scatter.o
        28          0          0          0          0          0   __scatter_zi.o
        44          0          0          0          0        108   _printf_char.o
        48          6          0          0          0         96   _printf_char_common.o
        36          4          0          0          0         80   _printf_char_file.o
         6          0          0          0          0          0   _printf_d.o
       120         16          0          0          0         92   _printf_dec.o
       178          0          0          0          0         88   _printf_intcommon.o
         0          0          0          0          0          0   _printf_percent.o
         4          0          0          0          0          0   _printf_percent_end.o
         6          0          0          0          0          0   _printf_s.o
        82          0          0          0          0         80   _printf_str.o
        22          0          0          0          0        100   _rserrno.o
        16          0          0          0          0         68   aeabi_memset.o
        18          0          0          0          0         80   exit.o
         8          0          0          0          0         68   ferror.o
         6          0          0          0          0        152   heapauxi.o
         0          0          0          0          0          0   indicate_semi.o
         2          0          0          0          0          0   libinit.o
         6          0          0          0          0          0   libinit2.o
         2          0          0          0          0          0   libshutdown.o
         2          0          0          0          0          0   libshutdown2.o
         8          4          0          0         96         68   libspace.o
        24          4          0          0          0         84   noretval__2printf.o
         8          4          0          0          0         68   rt_errno_addr_intlibspace.o
        68          0          0          0          0         68   rt_memclr.o
        78          0          0          0          0         80   rt_memclr_w.o
       100          0          0          0          0         80   rt_memcpy_w.o
       122          0          0          0          0         80   rt_memmove_w.o
         2          0          0          0          0          0   rtexit.o
        10          0          0          0          0          0   rtexit2.o
        86          0          0          0          0         76   strncpy.o
        12          4          0          0          0         68   sys_exit.o
        74          0          0          0          0         80   sys_stackheap_outer.o
         2          0          0          0          0         68   use_no_semi.o
        98          4          0          0          0        140   d2f.o
       804         16          0          0          0        368   daddsub_clz.o
        24          0          0          0          0        116   dcmpi.o
       688        140          0          0          0        256   ddiv.o
        94          4          0          0          0        140   dfix.o
        46          0          0          0          0        116   dflt_clz.o
       120          4          0          0          0        140   dleqf.o
       340         12          0          0          0        152   dmul.o
       156          4          0          0          0        140   dnaninf.o
        12          0          0          0          0        116   dretinf.o
       108          0          0          0          0        128   drleqf.o
       180          4          0          0          0        128   drnd.o
        86          4          0          0          0        132   f2d.o
        14          0          0          0          0        116   ffix.o
       140          4          0          0          0        132   fnaninf.o
        10          0          0          0          0        116   fpinit.o
        10          0          0          0          0        116   fretinf.o
        96          4          0          0          0        124   frnd.o
         0          0          0          0          0          0   usenofp.o
       280         46          0          0          0        176   acosf.o
       592         90          0          0          0        184   atan2f.o
       336         56          0          0          0        136   cosf.o
        38          0          0          0          0        116   fpclassifyf.o
        44         12          0          0          0        464   funder.o
        72          0          0          0          0        136   lrintf.o
       224         30          0          0          0        172   round.o
       340         24         32          0          0        160   rredf.o
       400         56          0          0          0        212   sinf.o
       120          0          0          0          0        272   sqrtf.o

    ----------------------------------------------------------------------
      6992        564         32          0         96       6688   Library Totals
        20          0          0          0          0          0   (incl. Padding)

    ----------------------------------------------------------------------

      Code (inc. data)   RO Data    RW Data    ZI Data      Debug   Library Name

      1500         50          0          0         96       1984   c_w.l
      3026        200          0          0          0       2676   fz_wm.l
      2446        314         32          0          0       2028   m_wm.l

    ----------------------------------------------------------------------
      6992        564         32          0         96       6688   Library Totals

    ----------------------------------------------------------------------

==============================================================================


      Code (inc. data)   RO Data    RW Data    ZI Data      Debug   

     23920       2128       3820       5556       5764     621368   Grand Totals
     23920       2128       3820        452       5764     621368   ELF Image Totals (compressed)
     23920       2128       3820        452          0          0   ROM Totals

==============================================================================

    Total RO  Size (Code + RO Data)                27740 (  27.09kB)
    Total RW  Size (RW Data + ZI Data)             11320 (  11.05kB)
    Total ROM Size (Code + RO Data + RW Data)      28192 (  27.53kB)

==============================================================================

